Archive member included to satisfy reference by file (symbol)

../Middlewares/ST/AI/Lib\NetworkRuntime1201_CM7_GCC.a(layers_pool_generic_float.o)
                              ./AI/App/network.o (forward_mp)
../Middlewares/ST/AI/Lib\NetworkRuntime1201_CM7_GCC.a(forward_lite_conv2d_if32of32wf32.o)
                              ./AI/App/network.o (forward_lite_conv2d_if32of32wf32)
../Middlewares/ST/AI/Lib\NetworkRuntime1201_CM7_GCC.a(lite_dense_if32.o)
                              ./AI/App/network.o (forward_lite_dense_if32of32wf32)
../Middlewares/ST/AI/Lib\NetworkRuntime1201_CM7_GCC.a(lite_nl_generic_float.o)
                              ./AI/App/network.o (forward_lite_nl_relu_if32of32)
../Middlewares/ST/AI/Lib\NetworkRuntime1201_CM7_GCC.a(st_int8_fill.o)
                              ../Middlewares/ST/AI/Lib\NetworkRuntime1201_CM7_GCC.a(forward_lite_conv2d_if32of32wf32.o) (st_int8_copy)
../Middlewares/ST/AI/Lib\NetworkRuntime1201_CM7_GCC.a(ai_math_helpers.o)
                              ../Middlewares/ST/AI/Lib\NetworkRuntime1201_CM7_GCC.a(lite_nl_generic_float.o) (ai_math_sqrt)
../Middlewares/ST/AI/Lib\NetworkRuntime1201_CM7_GCC.a(ai_math_elementwise_mul_int8.o)
                              ../Middlewares/ST/AI/Lib\NetworkRuntime1201_CM7_GCC.a(ai_math_helpers.o) (ai_math_elementwise_mul_int8)
../Middlewares/ST/AI/Lib\NetworkRuntime1201_CM7_GCC.a(ai_math_elementwise_sum_int8.o)
                              ../Middlewares/ST/AI/Lib\NetworkRuntime1201_CM7_GCC.a(ai_math_helpers.o) (ai_math_elementwise_sum_int8)
../Middlewares/ST/AI/Lib\NetworkRuntime1201_CM7_GCC.a(lite_nl_softmax_if32of32.o)
                              ../Middlewares/ST/AI/Lib\NetworkRuntime1201_CM7_GCC.a(lite_nl_generic_float.o) (forward_lite_nl_softmax_if32of32_kernel)
../Middlewares/ST/AI/Lib\NetworkRuntime1201_CM7_GCC.a(lite_nl_relu_if32of32.o)
                              ../Middlewares/ST/AI/Lib\NetworkRuntime1201_CM7_GCC.a(lite_nl_generic_float.o) (forward_lite_nl_prelu_if32of32_kernel)
../Middlewares/ST/AI/Lib\NetworkRuntime1201_CM7_GCC.a(st_align_factor.o)
                              ../Middlewares/ST/AI/Lib\NetworkRuntime1201_CM7_GCC.a(ai_math_helpers.o) (align_factor)
C:/ST/STM32CubeIDE_2.0.0/STM32CubeIDE/plugins/com.st.stm32cube.ide.mcu.externaltools.gnu-tools-for-stm32.13.3.rel1.win32_1.0.100.202509120712/tools/bin/../lib/gcc/arm-none-eabi/13.3.1/../../../../arm-none-eabi/lib/thumb/v7e-m+fp/hard\libc_nano.a(libc_a-exit.o)
                              C:/ST/STM32CubeIDE_2.0.0/STM32CubeIDE/plugins/com.st.stm32cube.ide.mcu.externaltools.gnu-tools-for-stm32.13.3.rel1.win32_1.0.100.202509120712/tools/bin/../lib/gcc/arm-none-eabi/13.3.1/../../../../arm-none-eabi/lib/thumb/v7e-m+fp/hard/crt0.o (exit)
C:/ST/STM32CubeIDE_2.0.0/STM32CubeIDE/plugins/com.st.stm32cube.ide.mcu.externaltools.gnu-tools-for-stm32.13.3.rel1.win32_1.0.100.202509120712/tools/bin/../lib/gcc/arm-none-eabi/13.3.1/../../../../arm-none-eabi/lib/thumb/v7e-m+fp/hard\libc_nano.a(libc_a-findfp.o)
                              C:/ST/STM32CubeIDE_2.0.0/STM32CubeIDE/plugins/com.st.stm32cube.ide.mcu.externaltools.gnu-tools-for-stm32.13.3.rel1.win32_1.0.100.202509120712/tools/bin/../lib/gcc/arm-none-eabi/13.3.1/../../../../arm-none-eabi/lib/thumb/v7e-m+fp/hard\libc_nano.a(libc_a-exit.o) (__stdio_exit_handler)
C:/ST/STM32CubeIDE_2.0.0/STM32CubeIDE/plugins/com.st.stm32cube.ide.mcu.externaltools.gnu-tools-for-stm32.13.3.rel1.win32_1.0.100.202509120712/tools/bin/../lib/gcc/arm-none-eabi/13.3.1/../../../../arm-none-eabi/lib/thumb/v7e-m+fp/hard\libc_nano.a(libc_a-fwalk.o)
                              C:/ST/STM32CubeIDE_2.0.0/STM32CubeIDE/plugins/com.st.stm32cube.ide.mcu.externaltools.gnu-tools-for-stm32.13.3.rel1.win32_1.0.100.202509120712/tools/bin/../lib/gcc/arm-none-eabi/13.3.1/../../../../arm-none-eabi/lib/thumb/v7e-m+fp/hard\libc_nano.a(libc_a-findfp.o) (_fwalk_sglue)
C:/ST/STM32CubeIDE_2.0.0/STM32CubeIDE/plugins/com.st.stm32cube.ide.mcu.externaltools.gnu-tools-for-stm32.13.3.rel1.win32_1.0.100.202509120712/tools/bin/../lib/gcc/arm-none-eabi/13.3.1/../../../../arm-none-eabi/lib/thumb/v7e-m+fp/hard\libc_nano.a(libc_a-snprintf.o)
                              ./Core/Src/main.o (snprintf)
C:/ST/STM32CubeIDE_2.0.0/STM32CubeIDE/plugins/com.st.stm32cube.ide.mcu.externaltools.gnu-tools-for-stm32.13.3.rel1.win32_1.0.100.202509120712/tools/bin/../lib/gcc/arm-none-eabi/13.3.1/../../../../arm-none-eabi/lib/thumb/v7e-m+fp/hard\libc_nano.a(libc_a-stdio.o)
                              C:/ST/STM32CubeIDE_2.0.0/STM32CubeIDE/plugins/com.st.stm32cube.ide.mcu.externaltools.gnu-tools-for-stm32.13.3.rel1.win32_1.0.100.202509120712/tools/bin/../lib/gcc/arm-none-eabi/13.3.1/../../../../arm-none-eabi/lib/thumb/v7e-m+fp/hard\libc_nano.a(libc_a-findfp.o) (__sread)
[...]
Memory Configuration

Name             Origin             Length             Attributes
RAM              0x20000000         0x00050000         xrw
FLASH            0x08000000         0x00100000         xr
*default*        0x00000000         0xffffffff

Linker script and memory map

LOAD C:/ST/STM32CubeIDE_2.0.0/STM32CubeIDE/plugins/com.st.stm32cube.ide.mcu.externaltools.gnu-tools-for-stm32.13.3.rel1.win32_1.0.100.202509120712/tools/bin/../lib/gcc/arm-none-eabi/13.3.1/thumb/v7e-m+fp/hard/crti.o
LOAD C:/ST/STM32CubeIDE_2.0.0/STM32CubeIDE/plugins/com.st.stm32cube.ide.mcu.externaltools.gnu-tools-for-stm32.13.3.rel1.win32_1.0.100.202509120712/tools/bin/../lib/gcc/arm-none-eabi/13.3.1/thumb/v7e-m+fp/hard/crtbegin.o
LOAD C:/ST/STM32CubeIDE_2.0.0/STM32CubeIDE/plugins/com.st.stm32cube.ide.mcu.externaltools.gnu-tools-for-stm32.13.3.rel1.win32_1.0.100.202509120712/tools/bin/../lib/gcc/arm-none-eabi/13.3.1/../../../../arm-none-eabi/lib/thumb/v7e-m+fp/hard/crt0.o
LOAD ./AI/App/network.o
LOAD ./AI/App/network_data.o
LOAD ./Core/Src/ai_model.o
LOAD ./Core/Src/main.o
LOAD ./Core/Src/radar_live.o
LOAD ./Core/Src/stm32f7xx_hal_msp.o
LOAD ./Core/Src/stm32f7xx_it.o
LOAD ./Core/Src/syscalls.o
LOAD ./Core/Src/sysmem.o
LOAD ./Core/Src/system_stm32f7xx.o
LOAD ./Core/Startup/startup_stm32f746zgtx.o
LOAD ./Drivers/STM32F7xx_HAL_Driver/Src/stm32f7xx_hal.o
LOAD ./Drivers/STM32F7xx_HAL_Driver/Src/stm32f7xx_hal_cortex.o
LOAD ./Drivers/STM32F7xx_HAL_Driver/Src/stm32f7xx_hal_dma.o
LOAD ./Drivers/STM32F7xx_HAL_Driver/Src/stm32f7xx_hal_dma_ex.o
LOAD ./Drivers/STM32F7xx_HAL_Driver/Src/stm32f7xx_hal_eth.o
LOAD ./Drivers/STM32F7xx_HAL_Driver/Src/stm32f7xx_hal_exti.o
LOAD ./Drivers/STM32F7xx_HAL_Driver/Src/stm32f7xx_hal_flash.o
LOAD ./Drivers/STM32F7xx_HAL_Driver/Src/stm32f7xx_hal_flash_ex.o
LOAD ./Drivers/STM32F7xx_HAL_Driver/Src/stm32f7xx_hal_gpio.o
LOAD ./Drivers/STM32F7xx_HAL_Driver/Src/stm32f7xx_hal_i2c.o
LOAD ./Drivers/STM32F7xx_HAL_Driver/Src/stm32f7xx_hal_i2c_ex.o
LOAD ./Drivers/STM32F7xx_HAL_Driver/Src/stm32f7xx_hal_pcd.o
LOAD ./Drivers/STM32F7xx_HAL_Driver/Src/stm32f7xx_hal_pcd_ex.o
LOAD ./Drivers/STM32F7xx_HAL_Driver/Src/stm32f7xx_hal_pwr.o
LOAD ./Drivers/STM32F7xx_HAL_Driver/Src/stm32f7xx_hal_pwr_ex.o
LOAD ./Drivers/STM32F7xx_HAL_Driver/Src/stm32f7xx_hal_rcc.o
LOAD ./Drivers/STM32F7xx_HAL_Driver/Src/stm32f7xx_hal_rcc_ex.o
LOAD ./Drivers/STM32F7xx_HAL_Driver/Src/stm32f7xx_hal_uart.o
LOAD ./Drivers/STM32F7xx_HAL_Driver/Src/stm32f7xx_hal_uart_ex.o
LOAD ./Drivers/STM32F7xx_HAL_Driver/Src/stm32f7xx_ll_usb.o
LOAD ../Middlewares/ST/AI/Lib\NetworkRuntime1201_CM7_GCC.a
START GROUP
LOAD C:/ST/STM32CubeIDE_2.0.0/STM32CubeIDE/plugins/com.st.stm32cube.ide.mcu.externaltools.gnu-tools-for-stm32.13.3.rel1.win32_1.0.100.202509120712/tools/bin/../lib/gcc/arm-none-eabi/13.3.1/../../../../arm-none-eabi/lib/thumb/v7e-m+fp/hard\libc_nano.a
LOAD C:/ST/STM32CubeIDE_2.0.0/STM32CubeIDE/plugins/com.st.stm32cube.ide.mcu.externaltools.gnu-tools-for-stm32.13.3.rel1.win32_1.0.100.202509120712/tools/bin/../lib/gcc/arm-none-eabi/13.3.1/../../../../arm-none-eabi/lib/thumb/v7e-m+fp/hard\libm.a
END GROUP
START GROUP
LOAD C:/ST/STM32CubeIDE_2.0.0/STM32CubeIDE/plugins/com.st.stm32cube.ide.mcu.externaltools.gnu-tools-for-stm32.13.3.rel1.win32_1.0.100.202509120712/tools/bin/../lib/gcc/arm-none-eabi/13.3.1/thumb/v7e-m+fp/hard\libgcc.a
LOAD C:/ST/STM32CubeIDE_2.0.0/STM32CubeIDE/plugins/com.st.stm32cube.ide.mcu.externaltools.gnu-tools-for-stm32.13.3.rel1.win32_1.0.100.202509120712/tools/bin/../lib/gcc/arm-none-eabi/13.3.1/../../../../arm-none-eabi/lib/thumb/v7e-m+fp/hard\libc_nano.a
END GROUP
START GROUP
LOAD C:/ST/STM32CubeIDE_2.0.0/STM32CubeIDE/plugins/com.st.stm32cube.ide.mcu.externaltools.gnu-tools-for-stm32.13.3.rel1.win32_1.0.100.202509120712/tools/bin/../lib/gcc/arm-none-eabi/13.3.1/thumb/v7e-m+fp/hard\libgcc.a
LOAD C:/ST/STM32CubeIDE_2.0.0/STM32CubeIDE/plugins/com.st.stm32cube.ide.mcu.externaltools.gnu-tools-for-stm32.13.3.rel1.win32_1.0.100.202509120712/tools/bin/../lib/gcc/arm-none-eabi/13.3.1/../../../../arm-none-eabi/lib/thumb/v7e-m+fp/hard\libc_nano.a
LOAD C:/ST/STM32CubeIDE_2.0.0/STM32CubeIDE/plugins/com.st.stm32cube.ide.mcu.externaltools.gnu-tools-for-stm32.13.3.rel1.win32_1.0.100.202509120712/tools/bin/../lib/gcc/arm-none-eabi/13.3.1/../../../../arm-none-eabi/lib/thumb/v7e-m+fp/hard\libnosys.a
END GROUP
START GROUP
LOAD C:/ST/STM32CubeIDE_2.0.0/STM32CubeIDE/plugins/com.st.stm32cube.ide.mcu.externaltools.gnu-tools-for-stm32.13.3.rel1.win32_1.0.100.202509120712/tools/bin/../lib/gcc/arm-none-eabi/13.3.1/thumb/v7e-m+fp/hard\libgcc.a
LOAD C:/ST/STM32CubeIDE_2.0.0/STM32CubeIDE/plugins/com.st.stm32cube.ide.mcu.externaltools.gnu-tools-for-stm32.13.3.rel1.win32_1.0.100.202509120712/tools/bin/../lib/gcc/arm-none-eabi/13.3.1/../../../../arm-none-eabi/lib/thumb/v7e-m+fp/hard\libc_nano.a
LOAD C:/ST/STM32CubeIDE_2.0.0/STM32CubeIDE/plugins/com.st.stm32cube.ide.mcu.externaltools.gnu-tools-for-stm32.13.3.rel1.win32_1.0.100.202509120712/tools/bin/../lib/gcc/arm-none-eabi/13.3.1/../../../../arm-none-eabi/lib/thumb/v7e-m+fp/hard\libnosys.a
END GROUP
LOAD C:/ST/STM32CubeIDE_2.0.0/STM32CubeIDE/plugins/com.st.stm32cube.ide.mcu.externaltools.gnu-tools-for-stm32.13.3.rel1.win32_1.0.100.202509120712/tools/bin/../lib/gcc/arm-none-eabi/13.3.1/thumb/v7e-m+fp/hard/crtend.o
LOAD C:/ST/STM32CubeIDE_2.0.0/STM32CubeIDE/plugins/com.st.stm32cube.ide.mcu.externaltools.gnu-tools-for-stm32.13.3.rel1.win32_1.0.100.202509120712/tools/bin/../lib/gcc/arm-none-eabi/13.3.1/thumb/v7e-m+fp/hard/crtn.o
                0x20050000                        _estack = (ORIGIN (RAM) + LENGTH (RAM))
                0x00000200                        _Min_Heap_Size = 0x200
                0x00000400                        _Min_Stack_Size = 0x400

.isr_vector     0x08000000      0x1c8
                0x08000000                        . = ALIGN (0x4)
 *(.isr_vector)
 .isr_vector    0x08000000      0x1c8 ./Core/Startup/startup_stm32f746zgtx.o
                0x08000000                g_pfnVectors
                0x080001c8                        . = ALIGN (0x4)

.text           0x080001d0     0xa6b8
                0x080001d0                        . = ALIGN (0x4)
 *(.text)
 .text          0x080001d0       0x40 C:/ST/STM32CubeIDE_2.0.0/STM32CubeIDE/plugins/com.st.stm32cube.ide.mcu.externaltools.gnu-tools-for-stm32.13.3.rel1.win32_1.0.100.202509120712/tools/bin/../lib/gcc/arm-none-eabi/13.3.1/thumb/v7e-m+fp/hard/crtbegin.o
 .text          0x08000210       0xa0 C:/ST/STM32CubeIDE_2.0.0/STM32CubeIDE/plugins/com.st.stm32cube.ide.mcu.externaltools.gnu-tools-for-stm32.13.3.rel1.win32_1.0.100.202509120712/tools/bin/../lib/gcc/arm-none-eabi/13.3.1/../../../../arm-none-eabi/lib/thumb/v7e-m+fp/hard\libc_nano.a(libc_a-memchr.o)
                0x08000210                memchr
 .text          0x080002b0       0x30 C:/ST/STM32CubeIDE_2.0.0/STM32CubeIDE/plugins/com.st.stm32cube.ide.mcu.externaltools.gnu-tools-for-stm32.13.3.rel1.win32_1.0.100.202509120712/tools/bin/../lib/gcc/arm-none-eabi/13.3.1/thumb/v7e-m+fp/hard\libgcc.a(_aeabi_uldivmod.o)
                0x080002b0                __aeabi_uldivmod
 .text          0x080002e0      0x2f8 C:/ST/STM32CubeIDE_2.0.0/STM32CubeIDE/plugins/com.st.stm32cube.ide.mcu.externaltools.gnu-tools-for-stm32.13.3.rel1.win32_1.0.100.202509120712/tools/bin/../lib/gcc/arm-none-eabi/13.3.1/thumb/v7e-m+fp/hard\libgcc.a(_udivmoddi4.o)
                0x080002e0                __udivmoddi4
 .text          0x080005d8        0x4 C:/ST/STM32CubeIDE_2.0.0/STM32CubeIDE/plugins/com.st.stm32cube.ide.mcu.externaltools.gnu-tools-for-stm32.13.3.rel1.win32_1.0.100.202509120712/tools/bin/../lib/gcc/arm-none-eabi/13.3.1/thumb/v7e-m+fp/hard\libgcc.a(_dvmd_tls.o)
                0x080005d8                __aeabi_idiv0
                0x080005d8                __aeabi_ldiv0
 *(.text*)
 .text._stai_network_check
                0x080005dc      0x108 ./AI/App/network.o
 .text.stai_network_init
                0x080006e4       0x60 ./AI/App/network.o
                0x080006e4                stai_network_init
 .text.forward_lite_mp__features_features_3_MaxPool_output_0
                0x08000744       0xb8 ./AI/App/network.o
                0x08000744                forward_lite_mp__features_features_3_MaxPool_output_0
 .text.forward_lite_mp__features_features_7_MaxPool_output_0
                0x080007fc       0xb8 ./AI/App/network.o
                0x080007fc                forward_lite_mp__features_features_7_MaxPool_output_0
 .text.forward_lite_ap__pool_GlobalAveragePool_output_0
                0x080008b4       0xb0 ./AI/App/network.o
                0x080008b4                forward_lite_ap__pool_GlobalAveragePool_output_0
 .text.stai_network_run
                0x08000964      0xd88 ./AI/App/network.o
                0x08000964                stai_network_run
 .text.stai_network_get_inputs
                0x080016ec       0xcc ./AI/App/network.o
                0x080016ec                stai_network_get_inputs
 .text.stai_network_get_outputs
                0x080017b8       0xd0 ./AI/App/network.o
                0x080017b8                stai_network_get_outputs
 .text.stai_network_set_activations
                0x08001888      0x1b0 ./AI/App/network.o
                0x08001888                stai_network_set_activations
 .text.AI_Model_Init
                0x08001a38       0xb0 ./Core/Src/ai_model.o
                0x08001a38                AI_Model_Init
 .text.AI_Model_RunSelfTest
                0x08001ae8       0x88 ./Core/Src/ai_model.o
                0x08001ae8                AI_Model_RunSelfTest
 .text.AI_Model_Run
                0x08001b70       0x78 ./Core/Src/ai_model.o
                0x08001b70                AI_Model_Run
 .text.FloatToMicroUnits
                0x08001be8       0x60 ./Core/Src/main.o
 .text.ClassifyLogits
                0x08001c48      0x170 ./Core/Src/main.o
 .text.RadarDetection_ReportState
                0x08001db8       0x6c ./Core/Src/main.o
 .text.RadarDetection_ResetPipeline
                0x08001e24       0x60 ./Core/Src/main.o
 .text.RadarDetection_Start
                0x08001e84       0x44 ./Core/Src/main.o
                0x08001e84                RadarDetection_Start
 .text.RadarDetection_Stop
                0x08001ec8       0x44 ./Core/Src/main.o
                0x08001ec8                RadarDetection_Stop
 .text.RadarDetection_Restart
                0x08001f0c       0x40 ./Core/Src/main.o
                0x08001f0c                RadarDetection_Restart
 .text.RadarDetection_IsEnabled
                0x08001f4c       0x18 ./Core/Src/main.o
                0x08001f4c                RadarDetection_IsEnabled
 .text.ProcessDetectionCommand
                0x08001f64       0x90 ./Core/Src/main.o
 .text.ProcessUserButton
                0x08001ff4       0x80 ./Core/Src/main.o
 .text.HAL_UART_RxCpltCallback
                0x08002074       0x8c ./Core/Src/main.o
                0x08002074                HAL_UART_RxCpltCallback
 .text.HAL_UART_ErrorCallback
                0x08002100       0x38 ./Core/Src/main.o
                0x08002100                HAL_UART_ErrorCallback
 .text.main     0x08002138      0x590 ./Core/Src/main.o
                0x08002138                main
 .text.SystemClock_Config
                0x080026c8       0xd0 ./Core/Src/main.o
                0x080026c8                SystemClock_Config
 .text.MX_ETH_Init
                0x08002798       0x9c ./Core/Src/main.o
 .text.MX_I2C1_Init
                0x08002834       0x80 ./Core/Src/main.o
 .text.MX_USART3_UART_Init
                0x080028b4       0x60 ./Core/Src/main.o
 .text.MX_USART6_UART_Init
                0x08002914       0x60 ./Core/Src/main.o
 .text.MX_USB_OTG_FS_PCD_Init
                0x08002974       0x5c ./Core/Src/main.o
 .text.MX_GPIO_Init
                0x080029d0      0x144 ./Core/Src/main.o
 .text.MPU_Config
                0x08002b14       0x58 ./Core/Src/main.o
 .text.Error_Handler
                0x08002b6c        0xc ./Core/Src/main.o
                0x08002b6c                Error_Handler
 .text.Median   0x08002b78       0xd8 ./Core/Src/radar_live.o
 .text.TinyFrameChecksum
                0x08002c50       0x44 ./Core/Src/radar_live.o
 .text.ReadBigEndianU16
                0x08002c94       0x2c ./Core/Src/radar_live.o
 .text.ReadLittleEndianI32
                0x08002cc0       0x3c ./Core/Src/radar_live.o
 .text.ReadLittleEndianFloat
                0x08002cfc       0x46 ./Core/Src/radar_live.o
 *fill*         0x08002d42        0x2 
 .text.AddLatestTargetSample
                0x08002d44      0x2c4 ./Core/Src/radar_live.o
 .text.DecodeCompleteFrame
                0x08003008      0x6bc ./Core/Src/radar_live.o
 .text.RadarLive_Init
                0x080036c4      0x188 ./Core/Src/radar_live.o
                0x080036c4                RadarLive_Init
 .text.RadarLive_ProcessByte
                0x0800384c      0x10c ./Core/Src/radar_live.o
                0x0800384c                RadarLive_ProcessByte
 .text.RadarLive_Tick
                0x08003958       0x9c ./Core/Src/radar_live.o
                0x08003958                RadarLive_Tick
 .text.RadarLive_GetModelInput
                0x080039f4       0x14 ./Core/Src/radar_live.o
                0x080039f4                RadarLive_GetModelInput
 .text.RadarLive_GetWindowCount
                0x08003a08       0x18 ./Core/Src/radar_live.o
                0x08003a08                RadarLive_GetWindowCount
 .text.RadarLive_GetDiagnostics
                0x08003a20      0x5a0 ./Core/Src/radar_live.o
                0x08003a20                RadarLive_GetDiagnostics
 .text.HAL_MspInit
                0x08003fc0       0x48 ./Core/Src/stm32f7xx_hal_msp.o
                0x08003fc0                HAL_MspInit
 .text.HAL_ETH_MspInit
                0x08004008      0x170 ./Core/Src/stm32f7xx_hal_msp.o
                0x08004008                HAL_ETH_MspInit
 .text.HAL_I2C_MspInit
                0x08004178       0xc0 ./Core/Src/stm32f7xx_hal_msp.o
                0x08004178                HAL_I2C_MspInit
 .text.HAL_UART_MspInit
                0x08004238      0x14c ./Core/Src/stm32f7xx_hal_msp.o
                0x08004238                HAL_UART_MspInit
 .text.HAL_PCD_MspInit
                0x08004384       0xf4 ./Core/Src/stm32f7xx_hal_msp.o
                0x08004384                HAL_PCD_MspInit
 .text.NMI_Handler
                0x08004478        0x8 ./Core/Src/stm32f7xx_it.o
                0x08004478                NMI_Handler
 .text.HardFault_Handler
                0x08004480        0x8 ./Core/Src/stm32f7xx_it.o
                0x08004480                HardFault_Handler
 .text.MemManage_Handler
                0x08004488        0x8 ./Core/Src/stm32f7xx_it.o
                0x08004488                MemManage_Handler
 .text.BusFault_Handler
                0x08004490        0x8 ./Core/Src/stm32f7xx_it.o
                0x08004490                BusFault_Handler
 .text.UsageFault_Handler
                0x08004498        0x8 ./Core/Src/stm32f7xx_it.o
                0x08004498                UsageFault_Handler
 .text.SVC_Handler
                0x080044a0        0xe ./Core/Src/stm32f7xx_it.o
                0x080044a0                SVC_Handler
 .text.DebugMon_Handler
                0x080044ae        0xe ./Core/Src/stm32f7xx_it.o
                0x080044ae                DebugMon_Handler
 .text.PendSV_Handler
                0x080044bc        0xe ./Core/Src/stm32f7xx_it.o
                0x080044bc                PendSV_Handler
 .text.SysTick_Handler
                0x080044ca        0xc ./Core/Src/stm32f7xx_it.o
                0x080044ca                SysTick_Handler
 *fill*         0x080044d6        0x2 
 .text.USART6_IRQHandler
                0x080044d8       0x14 ./Core/Src/stm32f7xx_it.o
                0x080044d8                USART6_IRQHandler
 .text._sbrk    0x080044ec       0x6c ./Core/Src/sysmem.o
                0x080044ec                _sbrk
 .text.SystemInit
                0x08004558       0x24 ./Core/Src/system_stm32f7xx.o
                0x08004558                SystemInit
 .text.Reset_Handler
                0x0800457c       0x50 ./Core/Startup/startup_stm32f746zgtx.o
                0x0800457c                Reset_Handler
 .text.Default_Handler
                0x080045cc        0x2 ./Core/Startup/startup_stm32f746zgtx.o
                0x080045cc                RTC_Alarm_IRQHandler
                0x080045cc                EXTI2_IRQHandler
                0x080045cc                TIM8_CC_IRQHandler
                0x080045cc                UART8_IRQHandler
                0x080045cc                SPI4_IRQHandler
                0x080045cc                TIM1_CC_IRQHandler
                0x080045cc                DMA2_Stream5_IRQHandler
                0x080045cc                DMA1_Stream5_IRQHandler
                0x080045cc                PVD_IRQHandler
                0x080045cc                TAMP_STAMP_IRQHandler
                0x080045cc                CAN2_RX1_IRQHandler
                0x080045cc                EXTI3_IRQHandler
                0x080045cc                TIM8_TRG_COM_TIM14_IRQHandler
                0x080045cc                TIM1_UP_TIM10_IRQHandler
                0x080045cc                TIM8_UP_TIM13_IRQHandler
                0x080045cc                I2C3_ER_IRQHandler
                0x080045cc                EXTI0_IRQHandler
                0x080045cc                I2C2_EV_IRQHandler
                0x080045cc                DMA1_Stream2_IRQHandler
                0x080045cc                CAN1_RX0_IRQHandler
                0x080045cc                FPU_IRQHandler
                0x080045cc                OTG_HS_WKUP_IRQHandler
                0x080045cc                LTDC_ER_IRQHandler
                0x080045cc                CAN2_SCE_IRQHandler
                0x080045cc                DMA2_Stream2_IRQHandler
                0x080045cc                SPI1_IRQHandler
                0x080045cc                TIM6_DAC_IRQHandler
                0x080045cc                TIM1_BRK_TIM9_IRQHandler
                0x080045cc                DCMI_IRQHandler
                0x080045cc                CAN2_RX0_IRQHandler
                0x080045cc                DMA2_Stream3_IRQHandler
                0x080045cc                SAI2_IRQHandler
                0x080045cc                USART3_IRQHandler
                0x080045cc                CAN1_RX1_IRQHandler
                0x080045cc                UART5_IRQHandler
                0x080045cc                DMA2_Stream0_IRQHandler
                0x080045cc                TIM4_IRQHandler
                0x080045cc                QUADSPI_IRQHandler
                0x080045cc                I2C1_EV_IRQHandler
                0x080045cc                DMA1_Stream6_IRQHandler
                0x080045cc                DMA1_Stream1_IRQHandler
                0x080045cc                UART4_IRQHandler
                0x080045cc                TIM3_IRQHandler
                0x080045cc                RCC_IRQHandler
                0x080045cc                TIM8_BRK_TIM12_IRQHandler
                0x080045cc                Default_Handler
                0x080045cc                CEC_IRQHandler
                0x080045cc                EXTI15_10_IRQHandler
                0x080045cc                ADC_IRQHandler
                0x080045cc                DMA1_Stream7_IRQHandler
                0x080045cc                SPI5_IRQHandler
                0x080045cc                TIM7_IRQHandler
                0x080045cc                SDMMC1_IRQHandler
                0x080045cc                CAN2_TX_IRQHandler
                0x080045cc                TIM5_IRQHandler
                0x080045cc                DMA2_Stream7_IRQHandler
                0x080045cc                I2C3_EV_IRQHandler
                0x080045cc                EXTI9_5_IRQHandler
                0x080045cc                RTC_WKUP_IRQHandler
                0x080045cc                LTDC_IRQHandler
                0x080045cc                ETH_WKUP_IRQHandler
                0x080045cc                SPDIF_RX_IRQHandler
                0x080045cc                SPI2_IRQHandler
                0x080045cc                OTG_HS_EP1_IN_IRQHandler
                0x080045cc                DMA1_Stream0_IRQHandler
                0x080045cc                CAN1_TX_IRQHandler
                0x080045cc                EXTI4_IRQHandler
                0x080045cc                RNG_IRQHandler
                0x080045cc                ETH_IRQHandler
                0x080045cc                OTG_HS_EP1_OUT_IRQHandler
                0x080045cc                WWDG_IRQHandler
                0x080045cc                SPI6_IRQHandler
                0x080045cc                I2C4_EV_IRQHandler
                0x080045cc                TIM2_IRQHandler
                0x080045cc                OTG_FS_WKUP_IRQHandler
                0x080045cc                TIM1_TRG_COM_TIM11_IRQHandler
                0x080045cc                OTG_HS_IRQHandler
                0x080045cc                DMA2D_IRQHandler
                0x080045cc                EXTI1_IRQHandler
                0x080045cc                UART7_IRQHandler
                0x080045cc                USART2_IRQHandler
                0x080045cc                I2C2_ER_IRQHandler
                0x080045cc                DMA2_Stream1_IRQHandler
                0x080045cc                CAN1_SCE_IRQHandler
                0x080045cc                FLASH_IRQHandler
                0x080045cc                DMA2_Stream4_IRQHandler
                0x080045cc                USART1_IRQHandler
                0x080045cc                OTG_FS_IRQHandler
                0x080045cc                SPI3_IRQHandler
                0x080045cc                DMA1_Stream4_IRQHandler
                0x080045cc                I2C1_ER_IRQHandler
                0x080045cc                FMC_IRQHandler
                0x080045cc                LPTIM1_IRQHandler
                0x080045cc                I2C4_ER_IRQHandler
                0x080045cc                DMA2_Stream6_IRQHandler
                0x080045cc                SAI1_IRQHandler
                0x080045cc                DMA1_Stream3_IRQHandler
 .text.HAL_Init
                0x080045ce       0x1a ./Drivers/STM32F7xx_HAL_Driver/Src/stm32f7xx_hal.o
                0x080045ce                HAL_Init
 .text.HAL_InitTick
                0x080045e8       0x60 ./Drivers/STM32F7xx_HAL_Driver/Src/stm32f7xx_hal.o
                0x080045e8                HAL_InitTick
 .text.HAL_IncTick
                0x08004648       0x28 ./Drivers/STM32F7xx_HAL_Driver/Src/stm32f7xx_hal.o
                0x08004648                HAL_IncTick
 .text.HAL_GetTick
                0x08004670       0x18 ./Drivers/STM32F7xx_HAL_Driver/Src/stm32f7xx_hal.o
                0x08004670                HAL_GetTick
 .text.HAL_Delay
                0x08004688       0x48 ./Drivers/STM32F7xx_HAL_Driver/Src/stm32f7xx_hal.o
                0x08004688                HAL_Delay
 .text.__NVIC_SetPriorityGrouping
                0x080046d0       0x48 ./Drivers/STM32F7xx_HAL_Driver/Src/stm32f7xx_hal_cortex.o
 .text.__NVIC_GetPriorityGrouping
                0x08004718       0x1c ./Drivers/STM32F7xx_HAL_Driver/Src/stm32f7xx_hal_cortex.o
 .text.__NVIC_EnableIRQ
                0x08004734       0x3c ./Drivers/STM32F7xx_HAL_Driver/Src/stm32f7xx_hal_cortex.o
 .text.__NVIC_DisableIRQ
                0x08004770       0x48 ./Drivers/STM32F7xx_HAL_Driver/Src/stm32f7xx_hal_cortex.o
 .text.__NVIC_SetPriority
                0x080047b8       0x54 ./Drivers/STM32F7xx_HAL_Driver/Src/stm32f7xx_hal_cortex.o
 .text.NVIC_EncodePriority
                0x0800480c       0x66 ./Drivers/STM32F7xx_HAL_Driver/Src/stm32f7xx_hal_cortex.o
 *fill*         0x08004872        0x2 
 .text.SysTick_Config
                0x08004874       0x44 ./Drivers/STM32F7xx_HAL_Driver/Src/stm32f7xx_hal_cortex.o
 .text.HAL_NVIC_SetPriorityGrouping
                0x080048b8       0x16 ./Drivers/STM32F7xx_HAL_Driver/Src/stm32f7xx_hal_cortex.o
                0x080048b8                HAL_NVIC_SetPriorityGrouping
 .text.HAL_NVIC_SetPriority
                0x080048ce       0x38 ./Drivers/STM32F7xx_HAL_Driver/Src/stm32f7xx_hal_cortex.o
                0x080048ce                HAL_NVIC_SetPriority
 .text.HAL_NVIC_EnableIRQ
                0x08004906       0x1c ./Drivers/STM32F7xx_HAL_Driver/Src/stm32f7xx_hal_cortex.o
                0x08004906                HAL_NVIC_EnableIRQ
 .text.HAL_NVIC_DisableIRQ
                0x08004922       0x1c ./Drivers/STM32F7xx_HAL_Driver/Src/stm32f7xx_hal_cortex.o
                0x08004922                HAL_NVIC_DisableIRQ
 .text.HAL_SYSTICK_Config
                0x0800493e       0x18 ./Drivers/STM32F7xx_HAL_Driver/Src/stm32f7xx_hal_cortex.o
                0x0800493e                HAL_SYSTICK_Config
 *fill*         0x08004956        0x2 
 .text.HAL_MPU_Disable
                0x08004958       0x30 ./Drivers/STM32F7xx_HAL_Driver/Src/stm32f7xx_hal_cortex.o
                0x08004958                HAL_MPU_Disable
 .text.HAL_MPU_Enable
                0x08004988       0x40 ./Drivers/STM32F7xx_HAL_Driver/Src/stm32f7xx_hal_cortex.o
                0x08004988                HAL_MPU_Enable
 .text.HAL_MPU_ConfigRegion
                0x080049c8       0x80 ./Drivers/STM32F7xx_HAL_Driver/Src/stm32f7xx_hal_cortex.o
                0x080049c8                HAL_MPU_ConfigRegion
 .text.HAL_DMA_Abort
                0x08004a48       0xe0 ./Drivers/STM32F7xx_HAL_Driver/Src/stm32f7xx_hal_dma.o
                0x08004a48                HAL_DMA_Abort
 .text.HAL_DMA_Abort_IT
                0x08004b28       0x44 ./Drivers/STM32F7xx_HAL_Driver/Src/stm32f7xx_hal_dma.o
                0x08004b28                HAL_DMA_Abort_IT
 .text.HAL_DMA_GetError
                0x08004b6c       0x18 ./Drivers/STM32F7xx_HAL_Driver/Src/stm32f7xx_hal_dma.o
                0x08004b6c                HAL_DMA_GetError
 .text.HAL_ETH_Init
                0x08004b84      0x134 ./Drivers/STM32F7xx_HAL_Driver/Src/stm32f7xx_hal_eth.o
                0x08004b84                HAL_ETH_Init
 .text.ETH_SetMACConfig
                0x08004cb8      0x168 ./Drivers/STM32F7xx_HAL_Driver/Src/stm32f7xx_hal_eth.o
 .text.ETH_SetDMAConfig
                0x08004e20      0x114 ./Drivers/STM32F7xx_HAL_Driver/Src/stm32f7xx_hal_eth.o
 .text.ETH_MACDMAConfig
                0x08004f34       0xea ./Drivers/STM32F7xx_HAL_Driver/Src/stm32f7xx_hal_eth.o
 *fill*         0x0800501e        0x2 
 .text.ETH_MACAddressConfig
                0x08005020       0x70 ./Drivers/STM32F7xx_HAL_Driver/Src/stm32f7xx_hal_eth.o
 .text.ETH_DMATxDescListInit
                0x08005090       0xb2 ./Drivers/STM32F7xx_HAL_Driver/Src/stm32f7xx_hal_eth.o
 .text.ETH_DMARxDescListInit
                0x08005142       0xde ./Drivers/STM32F7xx_HAL_Driver/Src/stm32f7xx_hal_eth.o
 .text.HAL_GPIO_Init
                0x08005220      0x358 ./Drivers/STM32F7xx_HAL_Driver/Src/stm32f7xx_hal_gpio.o
                0x08005220                HAL_GPIO_Init
 .text.HAL_GPIO_ReadPin
                0x08005578       0x30 ./Drivers/STM32F7xx_HAL_Driver/Src/stm32f7xx_hal_gpio.o
                0x08005578                HAL_GPIO_ReadPin
 .text.HAL_GPIO_WritePin
                0x080055a8       0x32 ./Drivers/STM32F7xx_HAL_Driver/Src/stm32f7xx_hal_gpio.o
                0x080055a8                HAL_GPIO_WritePin
 *fill*         0x080055da        0x2 
 .text.HAL_I2C_Init
                0x080055dc      0x138 ./Drivers/STM32F7xx_HAL_Driver/Src/stm32f7xx_hal_i2c.o
                0x080055dc                HAL_I2C_Init
 .text.HAL_I2CEx_ConfigAnalogFilter
                0x08005714       0x96 ./Drivers/STM32F7xx_HAL_Driver/Src/stm32f7xx_hal_i2c_ex.o
                0x08005714                HAL_I2CEx_ConfigAnalogFilter
 .text.HAL_I2CEx_ConfigDigitalFilter
                0x080057aa       0x98 ./Drivers/STM32F7xx_HAL_Driver/Src/stm32f7xx_hal_i2c_ex.o
                0x080057aa                HAL_I2CEx_ConfigDigitalFilter
 .text.HAL_PCD_Init
                0x08005842      0x22c ./Drivers/STM32F7xx_HAL_Driver/Src/stm32f7xx_hal_pcd.o
                0x08005842                HAL_PCD_Init
 *fill*         0x08005a6e        0x2 
 .text.HAL_PCDEx_ActivateLPM
                0x08005a70       0x48 ./Drivers/STM32F7xx_HAL_Driver/Src/stm32f7xx_hal_pcd_ex.o
                0x08005a70                HAL_PCDEx_ActivateLPM
 .text.HAL_PWR_EnableBkUpAccess
                0x08005ab8       0x20 ./Drivers/STM32F7xx_HAL_Driver/Src/stm32f7xx_hal_pwr.o
                0x08005ab8                HAL_PWR_EnableBkUpAccess
 .text.HAL_RCC_OscConfig
                0x08005ad8      0x548 ./Drivers/STM32F7xx_HAL_Driver/Src/stm32f7xx_hal_rcc.o
                0x08005ad8                HAL_RCC_OscConfig
 .text.HAL_RCC_ClockConfig
                0x08006020      0x1d8 ./Drivers/STM32F7xx_HAL_Driver/Src/stm32f7xx_hal_rcc.o
                0x08006020                HAL_RCC_ClockConfig
 .text.HAL_RCC_GetSysClockFreq
                0x080061f8      0x20c ./Drivers/STM32F7xx_HAL_Driver/Src/stm32f7xx_hal_rcc.o
                0x080061f8                HAL_RCC_GetSysClockFreq
 .text.HAL_RCC_GetHCLKFreq
                0x08006404       0x18 ./Drivers/STM32F7xx_HAL_Driver/Src/stm32f7xx_hal_rcc.o
                0x08006404                HAL_RCC_GetHCLKFreq
 .text.HAL_RCC_GetPCLK1Freq
                0x0800641c       0x28 ./Drivers/STM32F7xx_HAL_Driver/Src/stm32f7xx_hal_rcc.o
                0x0800641c                HAL_RCC_GetPCLK1Freq
 .text.HAL_RCC_GetPCLK2Freq
                0x08006444       0x28 ./Drivers/STM32F7xx_HAL_Driver/Src/stm32f7xx_hal_rcc.o
                0x08006444                HAL_RCC_GetPCLK2Freq
 .text.HAL_RCCEx_PeriphCLKConfig
                0x0800646c      0x7e0 ./Drivers/STM32F7xx_HAL_Driver/Src/stm32f7xx_hal_rcc_ex.o
                0x0800646c                HAL_RCCEx_PeriphCLKConfig
 .text.HAL_UART_Init
                0x08006c4c       0x9c ./Drivers/STM32F7xx_HAL_Driver/Src/stm32f7xx_hal_uart.o
                0x08006c4c                HAL_UART_Init
 .text.HAL_UART_Transmit
                0x08006ce8      0x112 ./Drivers/STM32F7xx_HAL_Driver/Src/stm32f7xx_hal_uart.o
                0x08006ce8                HAL_UART_Transmit
 .text.HAL_UART_Receive
                0x08006dfa      0x190 ./Drivers/STM32F7xx_HAL_Driver/Src/stm32f7xx_hal_uart.o
                0x08006dfa                HAL_UART_Receive
 .text.HAL_UART_Receive_IT
                0x08006f8a       0x88 ./Drivers/STM32F7xx_HAL_Driver/Src/stm32f7xx_hal_uart.o
                0x08006f8a                HAL_UART_Receive_IT
 .text.HAL_UART_AbortReceive
                0x08007012      0x15e ./Drivers/STM32F7xx_HAL_Driver/Src/stm32f7xx_hal_uart.o
                0x08007012                HAL_UART_AbortReceive
 .text.HAL_UART_IRQHandler
                0x08007170      0x5d8 ./Drivers/STM32F7xx_HAL_Driver/Src/stm32f7xx_hal_uart.o
                0x08007170                HAL_UART_IRQHandler
 .text.HAL_UART_TxCpltCallback
                0x08007748       0x14 ./Drivers/STM32F7xx_HAL_Driver/Src/stm32f7xx_hal_uart.o
                0x08007748                HAL_UART_TxCpltCallback
 .text.HAL_UARTEx_RxEventCallback
                0x0800775c       0x18 ./Drivers/STM32F7xx_HAL_Driver/Src/stm32f7xx_hal_uart.o
                0x0800775c                HAL_UARTEx_RxEventCallback
 .text.UART_SetConfig
                0x08007774      0x4c8 ./Drivers/STM32F7xx_HAL_Driver/Src/stm32f7xx_hal_uart.o
                0x08007774                UART_SetConfig
 .text.UART_AdvFeatureConfig
                0x08007c3c      0x144 ./Drivers/STM32F7xx_HAL_Driver/Src/stm32f7xx_hal_uart.o
                0x08007c3c                UART_AdvFeatureConfig
 .text.UART_CheckIdleState
                0x08007d80       0xae ./Drivers/STM32F7xx_HAL_Driver/Src/stm32f7xx_hal_uart.o
                0x08007d80                UART_CheckIdleState
 .text.UART_WaitOnFlagUntilTimeout
                0x08007e2e       0xda ./Drivers/STM32F7xx_HAL_Driver/Src/stm32f7xx_hal_uart.o
                0x08007e2e                UART_WaitOnFlagUntilTimeout
 .text.UART_Start_Receive_IT
                0x08007f08      0x18c ./Drivers/STM32F7xx_HAL_Driver/Src/stm32f7xx_hal_uart.o
                0x08007f08                UART_Start_Receive_IT
 .text.UART_EndRxTransfer
                0x08008094       0xc8 ./Drivers/STM32F7xx_HAL_Driver/Src/stm32f7xx_hal_uart.o
 .text.UART_DMAAbortOnError
                0x0800815c       0x24 ./Drivers/STM32F7xx_HAL_Driver/Src/stm32f7xx_hal_uart.o
 .text.UART_EndTransmit_IT
                0x08008180       0x54 ./Drivers/STM32F7xx_HAL_Driver/Src/stm32f7xx_hal_uart.o
 .text.UART_RxISR_8BIT
                0x080081d4      0x1a8 ./Drivers/STM32F7xx_HAL_Driver/Src/stm32f7xx_hal_uart.o
 .text.UART_RxISR_16BIT
                0x0800837c      0x1a8 ./Drivers/STM32F7xx_HAL_Driver/Src/stm32f7xx_hal_uart.o
 .text.USB_CoreInit
                0x08008524       0xb4 ./Drivers/STM32F7xx_HAL_Driver/Src/stm32f7xx_ll_usb.o
                0x08008524                USB_CoreInit
 .text.USB_DisableGlobalInt
                0x080085d8       0x22 ./Drivers/STM32F7xx_HAL_Driver/Src/stm32f7xx_ll_usb.o
                0x080085d8                USB_DisableGlobalInt
 .text.USB_SetCurrentMode
                0x080085fa       0x98 ./Drivers/STM32F7xx_HAL_Driver/Src/stm32f7xx_ll_usb.o
                0x080085fa                USB_SetCurrentMode
 *fill*         0x08008692        0x2 
 .text.USB_DevInit
                0x08008694      0x2bc ./Drivers/STM32F7xx_HAL_Driver/Src/stm32f7xx_ll_usb.o
                0x08008694                USB_DevInit
 .text.USB_FlushTxFifo
                0x08008950       0x64 ./Drivers/STM32F7xx_HAL_Driver/Src/stm32f7xx_ll_usb.o
                0x08008950                USB_FlushTxFifo
 .text.USB_FlushRxFifo
                0x080089b4       0x5c ./Drivers/STM32F7xx_HAL_Driver/Src/stm32f7xx_ll_usb.o
                0x080089b4                USB_FlushRxFifo
 .text.USB_SetDevSpeed
                0x08008a10       0x32 ./Drivers/STM32F7xx_HAL_Driver/Src/stm32f7xx_ll_usb.o
                0x08008a10                USB_SetDevSpeed
 .text.USB_DevDisconnect
                0x08008a42       0x42 ./Drivers/STM32F7xx_HAL_Driver/Src/stm32f7xx_ll_usb.o
                0x08008a42                USB_DevDisconnect
 .text.USB_GetMode
                0x08008a84       0x1c ./Drivers/STM32F7xx_HAL_Driver/Src/stm32f7xx_ll_usb.o
                0x08008a84                USB_GetMode
 .text.USB_CoreReset
                0x08008aa0       0x70 ./Drivers/STM32F7xx_HAL_Driver/Src/stm32f7xx_ll_usb.o
 .text.forward_mp
                0x08008b10      0x1cc ../Middlewares/ST/AI/Lib\NetworkRuntime1201_CM7_GCC.a(layers_pool_generic_float.o)
                0x08008b10                forward_mp
 .text.forward_ap
                0x08008cdc      0x238 ../Middlewares/ST/AI/Lib\NetworkRuntime1201_CM7_GCC.a(layers_pool_generic_float.o)
                0x08008cdc                forward_ap
 .text.forward_lite_conv2d_if32of32wf32
                0x08008f14      0x62c ../Middlewares/ST/AI/Lib\NetworkRuntime1201_CM7_GCC.a(forward_lite_conv2d_if32of32wf32.o)
                0x08008f14                forward_lite_conv2d_if32of32wf32
 .text.forward_lite_dense_if32of32wf32
                0x08009540      0x2b4 ../Middlewares/ST/AI/Lib\NetworkRuntime1201_CM7_GCC.a(lite_dense_if32.o)
                0x08009540                forward_lite_dense_if32of32wf32
 .text.forward_lite_nl_relu_if32of32
                0x080097f4       0x38 ../Middlewares/ST/AI/Lib\NetworkRuntime1201_CM7_GCC.a(lite_nl_generic_float.o)
                0x080097f4                forward_lite_nl_relu_if32of32
 .text.st_int8_copy
                0x0800982c      0x138 ../Middlewares/ST/AI/Lib\NetworkRuntime1201_CM7_GCC.a(st_int8_fill.o)
                0x0800982c                st_int8_copy
 .text.snprintf
                0x08009964       0x6c C:/ST/STM32CubeIDE_2.0.0/STM32CubeIDE/plugins/com.st.stm32cube.ide.mcu.externaltools.gnu-tools-for-stm32.13.3.rel1.win32_1.0.100.202509120712/tools/bin/../lib/gcc/arm-none-eabi/13.3.1/../../../../arm-none-eabi/lib/thumb/v7e-m+fp/hard\libc_nano.a(libc_a-snprintf.o)
                0x08009964                sniprintf
                0x08009964                snprintf
 .text.memmove  0x080099d0       0x34 C:/ST/STM32CubeIDE_2.0.0/STM32CubeIDE/plugins/com.st.stm32cube.ide.mcu.externaltools.gnu-tools-for-stm32.13.3.rel1.win32_1.0.100.202509120712/tools/bin/../lib/gcc/arm-none-eabi/13.3.1/../../../../arm-none-eabi/lib/thumb/v7e-m+fp/hard\libc_nano.a(libc_a-memmove.o)
                0x080099d0                memmove
 .text.memset   0x08009a04       0x10 C:/ST/STM32CubeIDE_2.0.0/STM32CubeIDE/plugins/com.st.stm32cube.ide.mcu.externaltools.gnu-tools-for-stm32.13.3.rel1.win32_1.0.100.202509120712/tools/bin/../lib/gcc/arm-none-eabi/13.3.1/../../../../arm-none-eabi/lib/thumb/v7e-m+fp/hard\libc_nano.a(libc_a-memset.o)
                0x08009a04                memset
 .text.__errno  0x08009a14        0xc C:/ST/STM32CubeIDE_2.0.0/STM32CubeIDE/plugins/com.st.stm32cube.ide.mcu.externaltools.gnu-tools-for-stm32.13.3.rel1.win32_1.0.100.202509120712/tools/bin/../lib/gcc/arm-none-eabi/13.3.1/../../../../arm-none-eabi/lib/thumb/v7e-m+fp/hard\libc_nano.a(libc_a-errno.o)
                0x08009a14                __errno
 .text.__libc_init_array
                0x08009a20       0x48 C:/ST/STM32CubeIDE_2.0.0/STM32CubeIDE/plugins/com.st.stm32cube.ide.mcu.externaltools.gnu-tools-for-stm32.13.3.rel1.win32_1.0.100.202509120712/tools/bin/../lib/gcc/arm-none-eabi/13.3.1/../../../../arm-none-eabi/lib/thumb/v7e-m+fp/hard\libc_nano.a(libc_a-init.o)
                0x08009a20                __libc_init_array
 .text.__retarget_lock_acquire_recursive
                0x08009a68        0x2 C:/ST/STM32CubeIDE_2.0.0/STM32CubeIDE/plugins/com.st.stm32cube.ide.mcu.externaltools.gnu-tools-for-stm32.13.3.rel1.win32_1.0.100.202509120712/tools/bin/../lib/gcc/arm-none-eabi/13.3.1/../../../../arm-none-eabi/lib/thumb/v7e-m+fp/hard\libc_nano.a(libc_a-lock.o)
                0x08009a68                __retarget_lock_acquire_recursive
 .text.__retarget_lock_release_recursive
                0x08009a6a        0x2 C:/ST/STM32CubeIDE_2.0.0/STM32CubeIDE/plugins/com.st.stm32cube.ide.mcu.externaltools.gnu-tools-for-stm32.13.3.rel1.win32_1.0.100.202509120712/tools/bin/../lib/gcc/arm-none-eabi/13.3.1/../../../../arm-none-eabi/lib/thumb/v7e-m+fp/hard\libc_nano.a(libc_a-lock.o)
                0x08009a6a                __retarget_lock_release_recursive
 .text.memcpy   0x08009a6c       0x1c C:/ST/STM32CubeIDE_2.0.0/STM32CubeIDE/plugins/com.st.stm32cube.ide.mcu.externaltools.gnu-tools-for-stm32.13.3.rel1.win32_1.0.100.202509120712/tools/bin/../lib/gcc/arm-none-eabi/13.3.1/../../../../arm-none-eabi/lib/thumb/v7e-m+fp/hard\libc_nano.a(libc_a-memcpy-stub.o)
                0x08009a6c                memcpy
 .text._free_r  0x08009a88       0x94 C:/ST/STM32CubeIDE_2.0.0/STM32CubeIDE/plugins/com.st.stm32cube.ide.mcu.externaltools.gnu-tools-for-stm32.13.3.rel1.win32_1.0.100.202509120712/tools/bin/../lib/gcc/arm-none-eabi/13.3.1/../../../../arm-none-eabi/lib/thumb/v7e-m+fp/hard\libc_nano.a(libc_a-freer.o)
                0x08009a88                _free_r
 .text.sbrk_aligned
                0x08009b1c       0x44 C:/ST/STM32CubeIDE_2.0.0/STM32CubeIDE/plugins/com.st.stm32cube.ide.mcu.externaltools.gnu-tools-for-stm32.13.3.rel1.win32_1.0.100.202509120712/tools/bin/../lib/gcc/arm-none-eabi/13.3.1/../../../../arm-none-eabi/lib/thumb/v7e-m+fp/hard\libc_nano.a(libc_a-mallocr.o)
 .text._malloc_r
                0x08009b60      0x100 C:/ST/STM32CubeIDE_2.0.0/STM32CubeIDE/plugins/com.st.stm32cube.ide.mcu.externaltools.gnu-tools-for-stm32.13.3.rel1.win32_1.0.100.202509120712/tools/bin/../lib/gcc/arm-none-eabi/13.3.1/../../../../arm-none-eabi/lib/thumb/v7e-m+fp/hard\libc_nano.a(libc_a-mallocr.o)
                0x08009b60                _malloc_r
 .text.__malloc_lock
                0x08009c60        0xc C:/ST/STM32CubeIDE_2.0.0/STM32CubeIDE/plugins/com.st.stm32cube.ide.mcu.externaltools.gnu-tools-for-stm32.13.3.rel1.win32_1.0.100.202509120712/tools/bin/../lib/gcc/arm-none-eabi/13.3.1/../../../../arm-none-eabi/lib/thumb/v7e-m+fp/hard\libc_nano.a(libc_a-mlock.o)
                0x08009c60                __malloc_lock
 .text.__malloc_unlock
                0x08009c6c        0xc C:/ST/STM32CubeIDE_2.0.0/STM32CubeIDE/plugins/com.st.stm32cube.ide.mcu.externaltools.gnu-tools-for-stm32.13.3.rel1.win32_1.0.100.202509120712/tools/bin/../lib/gcc/arm-none-eabi/13.3.1/../../../../arm-none-eabi/lib/thumb/v7e-m+fp/hard\libc_nano.a(libc_a-mlock.o)
                0x08009c6c                __malloc_unlock
 .text.__ssputs_r
                0x08009c78       0xb6 C:/ST/STM32CubeIDE_2.0.0/STM32CubeIDE/plugins/com.st.stm32cube.ide.mcu.externaltools.gnu-tools-for-stm32.13.3.rel1.win32_1.0.100.202509120712/tools/bin/../lib/gcc/arm-none-eabi/13.3.1/../../../../arm-none-eabi/lib/thumb/v7e-m+fp/hard\libc_nano.a(libc_a-nano-svfprintf.o)
                0x08009c78                __ssputs_r
 *fill*         0x08009d2e        0x2 
 .text._svfprintf_r
                0x08009d30      0x1f8 C:/ST/STM32CubeIDE_2.0.0/STM32CubeIDE/plugins/com.st.stm32cube.ide.mcu.externaltools.gnu-tools-for-stm32.13.3.rel1.win32_1.0.100.202509120712/tools/bin/../lib/gcc/arm-none-eabi/13.3.1/../../../../arm-none-eabi/lib/thumb/v7e-m+fp/hard\libc_nano.a(libc_a-nano-svfprintf.o)
                0x08009d30                _svfiprintf_r
                0x08009d30                _svfprintf_r
 .text._printf_common
                0x08009f28       0xda C:/ST/STM32CubeIDE_2.0.0/STM32CubeIDE/plugins/com.st.stm32cube.ide.mcu.externaltools.gnu-tools-for-stm32.13.3.rel1.win32_1.0.100.202509120712/tools/bin/../lib/gcc/arm-none-eabi/13.3.1/../../../../arm-none-eabi/lib/thumb/v7e-m+fp/hard\libc_nano.a(libc_a-nano-vfprintf_i.o)
                0x08009f28                _printf_common
 *fill*         0x0800a002        0x2 
 .text._printf_i
                0x0800a004      0x23c C:/ST/STM32CubeIDE_2.0.0/STM32CubeIDE/plugins/com.st.stm32cube.ide.mcu.externaltools.gnu-tools-for-stm32.13.3.rel1.win32_1.0.100.202509120712/tools/bin/../lib/gcc/arm-none-eabi/13.3.1/../../../../arm-none-eabi/lib/thumb/v7e-m+fp/hard\libc_nano.a(libc_a-nano-vfprintf_i.o)
                0x0800a004                _printf_i
 .text._sbrk_r  0x0800a240       0x20 C:/ST/STM32CubeIDE_2.0.0/STM32CubeIDE/plugins/com.st.stm32cube.ide.mcu.externaltools.gnu-tools-for-stm32.13.3.rel1.win32_1.0.100.202509120712/tools/bin/../lib/gcc/arm-none-eabi/13.3.1/../../../../arm-none-eabi/lib/thumb/v7e-m+fp/hard\libc_nano.a(libc_a-sbrkr.o)
                0x0800a240                _sbrk_r
 .text._realloc_r
                0x0800a260       0x5c C:/ST/STM32CubeIDE_2.0.0/STM32CubeIDE/plugins/com.st.stm32cube.ide.mcu.externaltools.gnu-tools-for-stm32.13.3.rel1.win32_1.0.100.202509120712/tools/bin/../lib/gcc/arm-none-eabi/13.3.1/../../../../arm-none-eabi/lib/thumb/v7e-m+fp/hard\libc_nano.a(libc_a-reallocr.o)
                0x0800a260                _realloc_r
 .text._malloc_usable_size_r
                0x0800a2bc       0x10 C:/ST/STM32CubeIDE_2.0.0/STM32CubeIDE/plugins/com.st.stm32cube.ide.mcu.externaltools.gnu-tools-for-stm32.13.3.rel1.win32_1.0.100.202509120712/tools/bin/../lib/gcc/arm-none-eabi/13.3.1/../../../../arm-none-eabi/lib/thumb/v7e-m+fp/hard\libc_nano.a(libc_a-msizer.o)
                0x0800a2bc                _malloc_usable_size_r
 .text.atan2f   0x0800a2cc        0x4 C:/ST/STM32CubeIDE_2.0.0/STM32CubeIDE/plugins/com.st.stm32cube.ide.mcu.externaltools.gnu-tools-for-stm32.13.3.rel1.win32_1.0.100.202509120712/tools/bin/../lib/gcc/arm-none-eabi/13.3.1/../../../../arm-none-eabi/lib/thumb/v7e-m+fp/hard\libm.a(libm_a-wf_atan2.o)
                0x0800a2cc                atan2f
 .text.expf     0x0800a2d0       0x6c C:/ST/STM32CubeIDE_2.0.0/STM32CubeIDE/plugins/com.st.stm32cube.ide.mcu.externaltools.gnu-tools-for-stm32.13.3.rel1.win32_1.0.100.202509120712/tools/bin/../lib/gcc/arm-none-eabi/13.3.1/../../../../arm-none-eabi/lib/thumb/v7e-m+fp/hard\libm.a(libm_a-wf_exp.o)
                0x0800a2d0                expf
 .text.sqrtf    0x0800a33c       0x3c C:/ST/STM32CubeIDE_2.0.0/STM32CubeIDE/plugins/com.st.stm32cube.ide.mcu.externaltools.gnu-tools-for-stm32.13.3.rel1.win32_1.0.100.202509120712/tools/bin/../lib/gcc/arm-none-eabi/13.3.1/../../../../arm-none-eabi/lib/thumb/v7e-m+fp/hard\libm.a(libm_a-wf_sqrt.o)
                0x0800a33c                sqrtf
 .text.atanf    0x0800a378      0x1a8 C:/ST/STM32CubeIDE_2.0.0/STM32CubeIDE/plugins/com.st.stm32cube.ide.mcu.externaltools.gnu-tools-for-stm32.13.3.rel1.win32_1.0.100.202509120712/tools/bin/../lib/gcc/arm-none-eabi/13.3.1/../../../../arm-none-eabi/lib/thumb/v7e-m+fp/hard\libm.a(libm_a-sf_atan.o)
                0x0800a378                atanf
 .text.fabsf    0x0800a520        0xe C:/ST/STM32CubeIDE_2.0.0/STM32CubeIDE/plugins/com.st.stm32cube.ide.mcu.externaltools.gnu-tools-for-stm32.13.3.rel1.win32_1.0.100.202509120712/tools/bin/../lib/gcc/arm-none-eabi/13.3.1/../../../../arm-none-eabi/lib/thumb/v7e-m+fp/hard\libm.a(libm_a-sf_fabs.o)
                0x0800a520                fabsf
 .text.finitef  0x0800a52e       0x14 C:/ST/STM32CubeIDE_2.0.0/STM32CubeIDE/plugins/com.st.stm32cube.ide.mcu.externaltools.gnu-tools-for-stm32.13.3.rel1.win32_1.0.100.202509120712/tools/bin/../lib/gcc/arm-none-eabi/13.3.1/../../../../arm-none-eabi/lib/thumb/v7e-m+fp/hard\libm.a(libm_a-sf_finite.o)
                0x0800a52e                finitef
 .text.with_errnof
                0x0800a542       0x1c C:/ST/STM32CubeIDE_2.0.0/STM32CubeIDE/plugins/com.st.stm32cube.ide.mcu.externaltools.gnu-tools-for-stm32.13.3.rel1.win32_1.0.100.202509120712/tools/bin/../lib/gcc/arm-none-eabi/13.3.1/../../../../arm-none-eabi/lib/thumb/v7e-m+fp/hard\libm.a(libm_a-math_errf.o)
 .text.xflowf   0x0800a55e       0x16 C:/ST/STM32CubeIDE_2.0.0/STM32CubeIDE/plugins/com.st.stm32cube.ide.mcu.externaltools.gnu-tools-for-stm32.13.3.rel1.win32_1.0.100.202509120712/tools/bin/../lib/gcc/arm-none-eabi/13.3.1/../../../../arm-none-eabi/lib/thumb/v7e-m+fp/hard\libm.a(libm_a-math_errf.o)
 .text.__math_uflowf
                0x0800a574        0xc C:/ST/STM32CubeIDE_2.0.0/STM32CubeIDE/plugins/com.st.stm32cube.ide.mcu.externaltools.gnu-tools-for-stm32.13.3.rel1.win32_1.0.100.202509120712/tools/bin/../lib/gcc/arm-none-eabi/13.3.1/../../../../arm-none-eabi/lib/thumb/v7e-m+fp/hard\libm.a(libm_a-math_errf.o)
                0x0800a574                __math_uflowf
 .text.__math_oflowf
                0x0800a580        0xc C:/ST/STM32CubeIDE_2.0.0/STM32CubeIDE/plugins/com.st.stm32cube.ide.mcu.externaltools.gnu-tools-for-stm32.13.3.rel1.win32_1.0.100.202509120712/tools/bin/../lib/gcc/arm-none-eabi/13.3.1/../../../../arm-none-eabi/lib/thumb/v7e-m+fp/hard\libm.a(libm_a-math_errf.o)
                0x0800a580                __math_oflowf
 .text.__ieee754_sqrtf
                0x0800a58c        0x6 C:/ST/STM32CubeIDE_2.0.0/STM32CubeIDE/plugins/com.st.stm32cube.ide.mcu.externaltools.gnu-tools-for-stm32.13.3.rel1.win32_1.0.100.202509120712/tools/bin/../lib/gcc/arm-none-eabi/13.3.1/../../../../arm-none-eabi/lib/thumb/v7e-m+fp/hard\libm.a(libm_a-ef_sqrt.o)
                0x0800a58c                __ieee754_sqrtf
 *fill*         0x0800a592        0x2 
 .text.__ieee754_atan2f
                0x0800a594      0x140 C:/ST/STM32CubeIDE_2.0.0/STM32CubeIDE/plugins/com.st.stm32cube.ide.mcu.externaltools.gnu-tools-for-stm32.13.3.rel1.win32_1.0.100.202509120712/tools/bin/../lib/gcc/arm-none-eabi/13.3.1/../../../../arm-none-eabi/lib/thumb/v7e-m+fp/hard\libm.a(libm_a-ef_atan2.o)
                0x0800a594                __ieee754_atan2f
 .text.__ieee754_expf
                0x0800a6d4      0x19c C:/ST/STM32CubeIDE_2.0.0/STM32CubeIDE/plugins/com.st.stm32cube.ide.mcu.externaltools.gnu-tools-for-stm32.13.3.rel1.win32_1.0.100.202509120712/tools/bin/../lib/gcc/arm-none-eabi/13.3.1/../../../../arm-none-eabi/lib/thumb/v7e-m+fp/hard\libm.a(libm_a-ef_exp.o)
                0x0800a6d4                __ieee754_expf
 *(.glue_7)
 .glue_7        0x0800a870        0x0 linker stubs
 *(.glue_7t)
 .glue_7t       0x0800a870        0x0 linker stubs
 *(.eh_frame)
 .eh_frame      0x0800a870        0x0 C:/ST/STM32CubeIDE_2.0.0/STM32CubeIDE/plugins/com.st.stm32cube.ide.mcu.externaltools.gnu-tools-for-stm32.13.3.rel1.win32_1.0.100.202509120712/tools/bin/../lib/gcc/arm-none-eabi/13.3.1/thumb/v7e-m+fp/hard/crtbegin.o
 *(.init)
 .init          0x0800a870        0x4 C:/ST/STM32CubeIDE_2.0.0/STM32CubeIDE/plugins/com.st.stm32cube.ide.mcu.externaltools.gnu-tools-for-stm32.13.3.rel1.win32_1.0.100.202509120712/tools/bin/../lib/gcc/arm-none-eabi/13.3.1/thumb/v7e-m+fp/hard/crti.o
                0x0800a870                _init
 .init          0x0800a874        0x8 C:/ST/STM32CubeIDE_2.0.0/STM32CubeIDE/plugins/com.st.stm32cube.ide.mcu.externaltools.gnu-tools-for-stm32.13.3.rel1.win32_1.0.100.202509120712/tools/bin/../lib/gcc/arm-none-eabi/13.3.1/thumb/v7e-m+fp/hard/crtn.o
 *(.fini)
 .fini          0x0800a87c        0x4 C:/ST/STM32CubeIDE_2.0.0/STM32CubeIDE/plugins/com.st.stm32cube.ide.mcu.externaltools.gnu-tools-for-stm32.13.3.rel1.win32_1.0.100.202509120712/tools/bin/../lib/gcc/arm-none-eabi/13.3.1/thumb/v7e-m+fp/hard/crti.o
                0x0800a87c                _fini
 .fini          0x0800a880        0x8 C:/ST/STM32CubeIDE_2.0.0/STM32CubeIDE/plugins/com.st.stm32cube.ide.mcu.externaltools.gnu-tools-for-stm32.13.3.rel1.win32_1.0.100.202509120712/tools/bin/../lib/gcc/arm-none-eabi/13.3.1/thumb/v7e-m+fp/hard/crtn.o
                0x0800a888                        . = ALIGN (0x4)
                0x0800a888                        _etext = .

.vfp11_veneer   0x0800a888        0x0
 .vfp11_veneer  0x0800a888        0x0 linker stubs

.v4_bx          0x0800a888        0x0
 .v4_bx         0x0800a888        0x0 linker stubs

.iplt           0x0800a888        0x0
 .iplt          0x0800a888        0x0 C:/ST/STM32CubeIDE_2.0.0/STM32CubeIDE/plugins/com.st.stm32cube.ide.mcu.externaltools.gnu-tools-for-stm32.13.3.rel1.win32_1.0.100.202509120712/tools/bin/../lib/gcc/arm-none-eabi/13.3.1/thumb/v7e-m+fp/hard/crtbegin.o

.rodata         0x0800a888    0x45884
                0x0800a888                        . = ALIGN (0x4)
 *(.rodata)
 .rodata        0x0800a888      0x2c8 ./Core/Src/main.o
 *(.rodata*)
 .rodata._features_features_3_MaxPool_output_0_chain
                0x0800ab50        0x8 ./AI/App/network.o
 .rodata._features_features_7_MaxPool_output_0_chain
                0x0800ab58        0x8 ./AI/App/network.o
 .rodata._pool_GlobalAveragePool_output_0_chain
                0x0800ab60        0x8 ./AI/App/network.o
 .rodata._network_context.0
                0x0800ab68       0x30 ./AI/App/network.o
 .rodata.g_network_weights_array
                0x0800ab98    0x45490 ./AI/App/network_data.o
                0x0800ab98                g_network_weights_array
 .rodata.class_names
                0x08050028       0x10 ./Core/Src/main.o
 .rodata.feature_mean
                0x08050038       0x1c ./Core/Src/radar_live.o
 .rodata.feature_std
                0x08050054       0x1c ./Core/Src/radar_live.o
 .rodata.AHBPrescTable
                0x08050070       0x10 ./Core/Src/system_stm32f7xx.o
                0x08050070                AHBPrescTable
 .rodata.APBPrescTable
                0x08050080        0x8 ./Core/Src/system_stm32f7xx.o
                0x08050080                APBPrescTable
 .rodata._svfprintf_r.str1.1
                0x08050088       0x33 C:/ST/STM32CubeIDE_2.0.0/STM32CubeIDE/plugins/com.st.stm32cube.ide.mcu.externaltools.gnu-tools-for-stm32.13.3.rel1.win32_1.0.100.202509120712/tools/bin/../lib/gcc/arm-none-eabi/13.3.1/../../../../arm-none-eabi/lib/thumb/v7e-m+fp/hard\libc_nano.a(libc_a-nano-svfprintf.o)
                                 0x11 (size before relaxing)
 .rodata._printf_i.str1.1
                0x080500bb        0x0 C:/ST/STM32CubeIDE_2.0.0/STM32CubeIDE/plugins/com.st.stm32cube.ide.mcu.externaltools.gnu-tools-for-stm32.13.3.rel1.win32_1.0.100.202509120712/tools/bin/../lib/gcc/arm-none-eabi/13.3.1/../../../../arm-none-eabi/lib/thumb/v7e-m+fp/hard\libc_nano.a(libc_a-nano-vfprintf_i.o)
                                 0x22 (size before relaxing)
 *fill*         0x080500bb        0x1 
 .rodata.atanlo
                0x080500bc       0x10 C:/ST/STM32CubeIDE_2.0.0/STM32CubeIDE/plugins/com.st.stm32cube.ide.mcu.externaltools.gnu-tools-for-stm32.13.3.rel1.win32_1.0.100.202509120712/tools/bin/../lib/gcc/arm-none-eabi/13.3.1/../../../../arm-none-eabi/lib/thumb/v7e-m+fp/hard\libm.a(libm_a-sf_atan.o)
 .rodata.atanhi
                0x080500cc       0x10 C:/ST/STM32CubeIDE_2.0.0/STM32CubeIDE/plugins/com.st.stm32cube.ide.mcu.externaltools.gnu-tools-for-stm32.13.3.rel1.win32_1.0.100.202509120712/tools/bin/../lib/gcc/arm-none-eabi/13.3.1/../../../../arm-none-eabi/lib/thumb/v7e-m+fp/hard\libm.a(libm_a-sf_atan.o)
 .rodata.CSWTCH.9
                0x080500dc        0xc C:/ST/STM32CubeIDE_2.0.0/STM32CubeIDE/plugins/com.st.stm32cube.ide.mcu.externaltools.gnu-tools-for-stm32.13.3.rel1.win32_1.0.100.202509120712/tools/bin/../lib/gcc/arm-none-eabi/13.3.1/../../../../arm-none-eabi/lib/thumb/v7e-m+fp/hard\libm.a(libm_a-ef_atan2.o)
 .rodata.CSWTCH.8
                0x080500e8        0xc C:/ST/STM32CubeIDE_2.0.0/STM32CubeIDE/plugins/com.st.stm32cube.ide.mcu.externaltools.gnu-tools-for-stm32.13.3.rel1.win32_1.0.100.202509120712/tools/bin/../lib/gcc/arm-none-eabi/13.3.1/../../../../arm-none-eabi/lib/thumb/v7e-m+fp/hard\libm.a(libm_a-ef_atan2.o)
 .rodata.ln2LO  0x080500f4        0x8 C:/ST/STM32CubeIDE_2.0.0/STM32CubeIDE/plugins/com.st.stm32cube.ide.mcu.externaltools.gnu-tools-for-stm32.13.3.rel1.win32_1.0.100.202509120712/tools/bin/../lib/gcc/arm-none-eabi/13.3.1/../../../../arm-none-eabi/lib/thumb/v7e-m+fp/hard\libm.a(libm_a-ef_exp.o)
 .rodata.ln2HI  0x080500fc        0x8 C:/ST/STM32CubeIDE_2.0.0/STM32CubeIDE/plugins/com.st.stm32cube.ide.mcu.externaltools.gnu-tools-for-stm32.13.3.rel1.win32_1.0.100.202509120712/tools/bin/../lib/gcc/arm-none-eabi/13.3.1/../../../../arm-none-eabi/lib/thumb/v7e-m+fp/hard\libm.a(libm_a-ef_exp.o)
 .rodata.halF   0x08050104        0x8 C:/ST/STM32CubeIDE_2.0.0/STM32CubeIDE/plugins/com.st.stm32cube.ide.mcu.externaltools.gnu-tools-for-stm32.13.3.rel1.win32_1.0.100.202509120712/tools/bin/../lib/gcc/arm-none-eabi/13.3.1/../../../../arm-none-eabi/lib/thumb/v7e-m+fp/hard\libm.a(libm_a-ef_exp.o)
                0x0805010c                        . = ALIGN (0x4)

.ARM.extab      0x0805010c        0x0
                0x0805010c                        . = ALIGN (0x4)
 *(.ARM.extab* .gnu.linkonce.armextab.*)
                0x0805010c                        . = ALIGN (0x4)

.ARM            0x0805010c        0x8
                0x0805010c                        . = ALIGN (0x4)
                0x0805010c                        __exidx_start = .
 *(.ARM.exidx*)
 .ARM.exidx     0x0805010c        0x8 C:/ST/STM32CubeIDE_2.0.0/STM32CubeIDE/plugins/com.st.stm32cube.ide.mcu.externaltools.gnu-tools-for-stm32.13.3.rel1.win32_1.0.100.202509120712/tools/bin/../lib/gcc/arm-none-eabi/13.3.1/../../../../arm-none-eabi/lib/thumb/v7e-m+fp/hard\libc_nano.a(libc_a-memchr.o)
 .ARM.exidx     0x08050114        0x0 C:/ST/STM32CubeIDE_2.0.0/STM32CubeIDE/plugins/com.st.stm32cube.ide.mcu.externaltools.gnu-tools-for-stm32.13.3.rel1.win32_1.0.100.202509120712/tools/bin/../lib/gcc/arm-none-eabi/13.3.1/thumb/v7e-m+fp/hard\libgcc.a(_udivmoddi4.o)
                                  0x8 (size before relaxing)
                0x08050114                        __exidx_end = .
                0x08050114                        . = ALIGN (0x4)

.preinit_array  0x08050114        0x0
                0x08050114                        . = ALIGN (0x4)
                0x08050114                        PROVIDE (__preinit_array_start = .)
 *(.preinit_array*)
                0x08050114                        PROVIDE (__preinit_array_end = .)
                0x08050114                        . = ALIGN (0x4)

.init_array     0x08050114        0x4
                0x08050114                        . = ALIGN (0x4)
                0x08050114                        PROVIDE (__init_array_start = .)
 *(SORT_BY_NAME(.init_array.*))
 *(.init_array*)
 .init_array    0x08050114        0x4 C:/ST/STM32CubeIDE_2.0.0/STM32CubeIDE/plugins/com.st.stm32cube.ide.mcu.externaltools.gnu-tools-for-stm32.13.3.rel1.win32_1.0.100.202509120712/tools/bin/../lib/gcc/arm-none-eabi/13.3.1/thumb/v7e-m+fp/hard/crtbegin.o
                0x08050118                        PROVIDE (__init_array_end = .)
                0x08050118                        . = ALIGN (0x4)

.fini_array     0x08050118        0x4
                0x08050118                        . = ALIGN (0x4)
                [!provide]                        PROVIDE (__fini_array_start = .)
 *(SORT_BY_NAME(.fini_array.*))
 *(.fini_array*)
 .fini_array    0x08050118        0x4 C:/ST/STM32CubeIDE_2.0.0/STM32CubeIDE/plugins/com.st.stm32cube.ide.mcu.externaltools.gnu-tools-for-stm32.13.3.rel1.win32_1.0.100.202509120712/tools/bin/../lib/gcc/arm-none-eabi/13.3.1/thumb/v7e-m+fp/hard/crtbegin.o
                [!provide]                        PROVIDE (__fini_array_end = .)
                0x0805011c                        . = ALIGN (0x4)
                0x0805011c                        _sidata = LOADADDR (.data)

.rel.dyn        0x0805011c        0x0
 .rel.iplt      0x0805011c        0x0 C:/ST/STM32CubeIDE_2.0.0/STM32CubeIDE/plugins/com.st.stm32cube.ide.mcu.externaltools.gnu-tools-for-stm32.13.3.rel1.win32_1.0.100.202509120712/tools/bin/../lib/gcc/arm-none-eabi/13.3.1/thumb/v7e-m+fp/hard/crtbegin.o

.data           0x20000000      0x4a8 load address 0x0805011c
                0x20000000                        . = ALIGN (0x4)
                0x20000000                        _sdata = .
 *(.data)
 *(.data*)
 .data._features_features_2_Relu_output_0_output_array
                0x20000000       0x10 ./AI/App/network.o
 .data._features_features_3_MaxPool_output_0_output_array
                0x20000010       0x10 ./AI/App/network.o
 .data._features_features_6_Relu_output_0_output_array
                0x20000020       0x10 ./AI/App/network.o
 .data._features_features_7_MaxPool_output_0_output_array
                0x20000030       0x10 ./AI/App/network.o
 .data._features_features_13_Relu_output_0_output_array
                0x20000040       0x10 ./AI/App/network.o
 .data._pool_GlobalAveragePool_output_0_output_array
                0x20000050       0x10 ./AI/App/network.o
 .data.__compound_literal.45
                0x20000060       0x10 ./AI/App/network.o
 .data.__compound_literal.46
                0x20000070       0x10 ./AI/App/network.o
 .data._features_features_2_Relu_output_0_output
                0x20000080       0x1c ./AI/App/network.o
 .data.__compound_literal.47
                0x2000009c       0x10 ./AI/App/network.o
 .data.__compound_literal.48
                0x200000ac       0x10 ./AI/App/network.o
 .data._features_features_3_MaxPool_output_0_output
                0x200000bc       0x1c ./AI/App/network.o
 .data.__compound_literal.49
                0x200000d8       0x10 ./AI/App/network.o
 .data.__compound_literal.50
                0x200000e8       0x10 ./AI/App/network.o
 .data._features_features_6_Relu_output_0_output
                0x200000f8       0x1c ./AI/App/network.o
 .data.__compound_literal.51
                0x20000114       0x10 ./AI/App/network.o
 .data.__compound_literal.52
                0x20000124       0x10 ./AI/App/network.o
 .data._features_features_7_MaxPool_output_0_output
                0x20000134       0x1c ./AI/App/network.o
 .data.__compound_literal.53
                0x20000150       0x10 ./AI/App/network.o
 .data.__compound_literal.54
                0x20000160       0x10 ./AI/App/network.o
 .data._features_features_13_Relu_output_0_output
                0x20000170       0x1c ./AI/App/network.o
 .data.__compound_literal.55
                0x2000018c       0x10 ./AI/App/network.o
 .data.__compound_literal.56
                0x2000019c       0x10 ./AI/App/network.o
 .data._pool_GlobalAveragePool_output_0_output
                0x200001ac       0x1c ./AI/App/network.o
 .data.__compound_literal.57
                0x200001c8        0x4 ./AI/App/network.o
 .data.__compound_literal.58
                0x200001cc        0x4 ./AI/App/network.o
 .data.__compound_literal.61
                0x200001d0       0x30 ./AI/App/network.o
 .data._features_features_3_MaxPool_output_0_layer
                0x20000200       0x38 ./AI/App/network.o
 .data.__compound_literal.63
                0x20000238        0x4 ./AI/App/network.o
 .data.__compound_literal.64
                0x2000023c        0x4 ./AI/App/network.o
 .data.__compound_literal.67
                0x20000240       0x30 ./AI/App/network.o
 .data._features_features_7_MaxPool_output_0_layer
                0x20000270       0x38 ./AI/App/network.o
 .data.__compound_literal.69
                0x200002a8        0x4 ./AI/App/network.o
 .data.__compound_literal.70
                0x200002ac        0x4 ./AI/App/network.o
 .data.__compound_literal.73
                0x200002b0       0x30 ./AI/App/network.o
 .data._pool_GlobalAveragePool_output_0_layer
                0x200002e0       0x38 ./AI/App/network.o
 .data.ai_activation_ptrs
                0x20000318        0x4 ./Core/Src/ai_model.o
 .data.radar_detection_enabled
                0x2000031c        0x1 ./Core/Src/main.o
 *fill*         0x2000031d        0x3 
 .data.bridge_ready_message
                0x20000320      0x129 ./Core/Src/main.o
 .data.last_reported_result
                0x20000449        0x1 ./Core/Src/main.o
 *fill*         0x2000044a        0x2 
 .data.SystemCoreClock
                0x2000044c        0x4 ./Core/Src/system_stm32f7xx.o
                0x2000044c                SystemCoreClock
 .data.uwTickPrio
                0x20000450        0x4 ./Drivers/STM32F7xx_HAL_Driver/Src/stm32f7xx_hal.o
                0x20000450                uwTickPrio
 .data.uwTickFreq
                0x20000454        0x1 ./Drivers/STM32F7xx_HAL_Driver/Src/stm32f7xx_hal.o
                0x20000454                uwTickFreq
 *fill*         0x20000455        0x3 
 .data._impure_ptr
                0x20000458        0x4 C:/ST/STM32CubeIDE_2.0.0/STM32CubeIDE/plugins/com.st.stm32cube.ide.mcu.externaltools.gnu-tools-for-stm32.13.3.rel1.win32_1.0.100.202509120712/tools/bin/../lib/gcc/arm-none-eabi/13.3.1/../../../../arm-none-eabi/lib/thumb/v7e-m+fp/hard\libc_nano.a(libc_a-impure.o)
                0x20000458                _impure_ptr
 .data._impure_data
                0x2000045c       0x4c C:/ST/STM32CubeIDE_2.0.0/STM32CubeIDE/plugins/com.st.stm32cube.ide.mcu.externaltools.gnu-tools-for-stm32.13.3.rel1.win32_1.0.100.202509120712/tools/bin/../lib/gcc/arm-none-eabi/13.3.1/../../../../arm-none-eabi/lib/thumb/v7e-m+fp/hard\libc_nano.a(libc_a-impure.o)
                0x2000045c                _impure_data
 *(.RamFunc)
 *(.RamFunc*)
                0x200004a8                        . = ALIGN (0x4)
                0x200004a8                        _edata = .

.igot.plt       0x200004a8        0x0 load address 0x080505c4
 .igot.plt      0x200004a8        0x0 C:/ST/STM32CubeIDE_2.0.0/STM32CubeIDE/plugins/com.st.stm32cube.ide.mcu.externaltools.gnu-tools-for-stm32.13.3.rel1.win32_1.0.100.202509120712/tools/bin/../lib/gcc/arm-none-eabi/13.3.1/thumb/v7e-m+fp/hard/crtbegin.o

.RxDecripSection
                0x200004a8       0xa0 load address 0x080505c4
 .RxDecripSection
                0x200004a8       0xa0 ./Core/Src/main.o
                0x200004a8                DMARxDscrTab

.TxDecripSection
                0x20000548       0xa0 load address 0x08050664
 .TxDecripSection
                0x20000548       0xa0 ./Core/Src/main.o
                0x20000548                DMATxDscrTab
                0x200005e8                        . = ALIGN (0x4)

.bss            0x20000600     0x5688 load address 0x08050704
                0x20000600                        _sbss = .
                0x20000600                        __bss_start__ = _sbss
 *(.bss)
 .bss           0x20000600       0x1c C:/ST/STM32CubeIDE_2.0.0/STM32CubeIDE/plugins/com.st.stm32cube.ide.mcu.externaltools.gnu-tools-for-stm32.13.3.rel1.win32_1.0.100.202509120712/tools/bin/../lib/gcc/arm-none-eabi/13.3.1/thumb/v7e-m+fp/hard/crtbegin.o
 *(.bss*)
 .bss.__compound_literal.59
                0x2000061c        0x4 ./AI/App/network.o
 .bss.__compound_literal.60
                0x20000620        0x4 ./AI/App/network.o
 .bss.__compound_literal.62
                0x20000624       0x10 ./AI/App/network.o
 .bss.__compound_literal.65
                0x20000634        0x4 ./AI/App/network.o
 .bss.__compound_literal.66
                0x20000638        0x4 ./AI/App/network.o
 .bss.__compound_literal.68
                0x2000063c       0x10 ./AI/App/network.o
 .bss.__compound_literal.71
                0x2000064c        0x4 ./AI/App/network.o
 .bss.__compound_literal.72
                0x20000650        0x4 ./AI/App/network.o
 .bss.__compound_literal.74
                0x20000654       0x10 ./AI/App/network.o
 *fill*         0x20000664        0x4 
 .bss.ai_network_context
                0x20000668       0x30 ./Core/Src/ai_model.o
                0x20000668                ai_network_context
 *fill*         0x20000698        0x8 
 .bss.ai_activations
                0x200006a0     0x2e00 ./Core/Src/ai_model.o
 .bss.ai_input_ptrs
                0x200034a0        0x4 ./Core/Src/ai_model.o
 .bss.ai_output_ptrs
                0x200034a4        0x4 ./Core/Src/ai_model.o
 .bss.ai_initialized
                0x200034a8        0x1 ./Core/Src/ai_model.o
 *fill*         0x200034a9        0x3 
 .bss.test_input.0
                0x200034ac      0x690 ./Core/Src/ai_model.o
 .bss.TxConfig  0x20003b3c       0x38 ./Core/Src/main.o
                0x20003b3c                TxConfig
 .bss.heth      0x20003b74       0xb0 ./Core/Src/main.o
                0x20003b74                heth
 .bss.hi2c1     0x20003c24       0x54 ./Core/Src/main.o
                0x20003c24                hi2c1
 .bss.huart3    0x20003c78       0x88 ./Core/Src/main.o
                0x20003c78                huart3
 .bss.huart6    0x20003d00       0x88 ./Core/Src/main.o
                0x20003d00                huart6
 .bss.hpcd_USB_OTG_FS
                0x20003d88      0x4e0 ./Core/Src/main.o
                0x20003d88                hpcd_USB_OTG_FS
 .bss.radar_rx_byte
                0x20004268        0x1 ./Core/Src/main.o
 *fill*         0x20004269        0x3 
 .bss.radar_rx_ring
                0x2000426c      0x800 ./Core/Src/main.o
 .bss.radar_rx_head
                0x20004a6c        0x2 ./Core/Src/main.o
 .bss.radar_rx_tail
                0x20004a6e        0x2 ./Core/Src/main.o
 .bss.radar_rx_dropped
                0x20004a70        0x4 ./Core/Src/main.o
 .bss.ai_status_message
                0x20004a74      0x140 ./Core/Src/main.o
 .bss.ai_self_test_output
                0x20004bb4       0x10 ./Core/Src/main.o
 .bss.ai_live_output
                0x20004bc4       0x10 ./Core/Src/main.o
 .bss.ai_ready  0x20004bd4        0x1 ./Core/Src/main.o
 *fill*         0x20004bd5        0x3 
 .bss.radar_diagnostics
                0x20004bd8       0x7c ./Core/Src/main.o
 .bss.last_result_report_ms
                0x20004c54        0x4 ./Core/Src/main.o
 .bss.user_button_raw_state
                0x20004c58        0x1 ./Core/Src/main.o
 .bss.user_button_stable_state
                0x20004c59        0x1 ./Core/Src/main.o
 *fill*         0x20004c5a        0x2 
 .bss.user_button_change_ms
                0x20004c5c        0x4 ./Core/Src/main.o
 .bss.MACAddr.0
                0x20004c60        0x6 ./Core/Src/main.o
 *fill*         0x20004c66        0x2 
 .bss.frame_buffer
                0x20004c68      0x409 ./Core/Src/radar_live.o
 *fill*         0x20005071        0x1 
 .bss.frame_length
                0x20005072        0x2 ./Core/Src/radar_live.o
 .bss.expected_frame_length
                0x20005074        0x2 ./Core/Src/radar_live.o
 *fill*         0x20005076        0x2 
 .bss.model_window
                0x20005078      0x690 ./Core/Src/radar_live.o
 .bss.x_window  0x20005708       0xf0 ./Core/Src/radar_live.o
 .bss.y_window  0x200057f8       0xf0 ./Core/Src/radar_live.o
 .bss.range_window
                0x200058e8       0xf0 ./Core/Src/radar_live.o
 .bss.z_window  0x200059d8       0xf0 ./Core/Src/radar_live.o
 .bss.window_count
                0x20005ac8        0x4 ./Core/Src/radar_live.o
 .bss.samples_since_inference
                0x20005acc        0x4 ./Core/Src/radar_live.o
 .bss.last_sample_ms
                0x20005ad0        0x4 ./Core/Src/radar_live.o
 .bss.have_sample_time
                0x20005ad4        0x1 ./Core/Src/radar_live.o
 *fill*         0x20005ad5        0x3 
 .bss.next_sample_ms
                0x20005ad8        0x4 ./Core/Src/radar_live.o
 .bss.scheduler_started
                0x20005adc        0x1 ./Core/Src/radar_live.o
 *fill*         0x20005add        0x3 
 .bss.valid_frame_count
                0x20005ae0        0x4 ./Core/Src/radar_live.o
 .bss.invalid_frame_count
                0x20005ae4        0x4 ./Core/Src/radar_live.o
 .bss.latest_x  0x20005ae8        0x4 ./Core/Src/radar_live.o
 .bss.latest_y  0x20005aec        0x4 ./Core/Src/radar_live.o
 .bss.latest_sensor_z
                0x20005af0        0x4 ./Core/Src/radar_live.o
 .bss.latest_z  0x20005af4        0x4 ./Core/Src/radar_live.o
 .bss.latest_range
                0x20005af8        0x4 ./Core/Src/radar_live.o
 .bss.latest_dop_idx
                0x20005afc        0x4 ./Core/Src/radar_live.o
 .bss.latest_cluster_id
                0x20005b00        0x4 ./Core/Src/radar_live.o
 .bss.latest_target_count
                0x20005b04        0x4 ./Core/Src/radar_live.o
 .bss.latest_target_valid
                0x20005b08        0x1 ./Core/Src/radar_live.o
 .bss.target_lost_pending
                0x20005b09        0x1 ./Core/Src/radar_live.o
 *fill*         0x20005b0a        0x2 
 .bss.latest_target_update_ms
                0x20005b0c        0x4 ./Core/Src/radar_live.o
 .bss.latest_target_generation
                0x20005b10        0x4 ./Core/Src/radar_live.o
 .bss.last_sampled_generation
                0x20005b14        0x4 ./Core/Src/radar_live.o
 .bss.last_sample_interval_ms
                0x20005b18        0x4 ./Core/Src/radar_live.o
 .bss.gap_reset_count
                0x20005b1c        0x4 ./Core/Src/radar_live.o
 .bss.scheduler_late_count
                0x20005b20        0x4 ./Core/Src/radar_live.o
 .bss.held_sample_count
                0x20005b24        0x4 ./Core/Src/radar_live.o
 .bss.target_update_count
                0x20005b28        0x4 ./Core/Src/radar_live.o
 .bss.rejected_target_count
                0x20005b2c        0x4 ./Core/Src/radar_live.o
 .bss.target_switch_count
                0x20005b30        0x4 ./Core/Src/radar_live.o
 .bss.target_lost_count
                0x20005b34        0x4 ./Core/Src/radar_live.o
 .bss.__sbrk_heap_end
                0x20005b38        0x4 ./Core/Src/sysmem.o
 .bss.uwTick    0x20005b3c        0x4 ./Drivers/STM32F7xx_HAL_Driver/Src/stm32f7xx_hal.o
                0x20005b3c                uwTick
 .bss.__sf      0x20005b40      0x138 C:/ST/STM32CubeIDE_2.0.0/STM32CubeIDE/plugins/com.st.stm32cube.ide.mcu.externaltools.gnu-tools-for-stm32.13.3.rel1.win32_1.0.100.202509120712/tools/bin/../lib/gcc/arm-none-eabi/13.3.1/../../../../arm-none-eabi/lib/thumb/v7e-m+fp/hard\libc_nano.a(libc_a-findfp.o)
                0x20005b40                __sf
 .bss.errno     0x20005c78        0x4 C:/ST/STM32CubeIDE_2.0.0/STM32CubeIDE/plugins/com.st.stm32cube.ide.mcu.externaltools.gnu-tools-for-stm32.13.3.rel1.win32_1.0.100.202509120712/tools/bin/../lib/gcc/arm-none-eabi/13.3.1/../../../../arm-none-eabi/lib/thumb/v7e-m+fp/hard\libc_nano.a(libc_a-reent.o)
                0x20005c78                errno
 .bss.__lock___malloc_recursive_mutex
                0x20005c7c        0x1 C:/ST/STM32CubeIDE_2.0.0/STM32CubeIDE/plugins/com.st.stm32cube.ide.mcu.externaltools.gnu-tools-for-stm32.13.3.rel1.win32_1.0.100.202509120712/tools/bin/../lib/gcc/arm-none-eabi/13.3.1/../../../../arm-none-eabi/lib/thumb/v7e-m+fp/hard\libc_nano.a(libc_a-lock.o)
                0x20005c7c                __lock___malloc_recursive_mutex
 *fill*         0x20005c7d        0x3 
 .bss.__malloc_sbrk_start
                0x20005c80        0x4 C:/ST/STM32CubeIDE_2.0.0/STM32CubeIDE/plugins/com.st.stm32cube.ide.mcu.externaltools.gnu-tools-for-stm32.13.3.rel1.win32_1.0.100.202509120712/tools/bin/../lib/gcc/arm-none-eabi/13.3.1/../../../../arm-none-eabi/lib/thumb/v7e-m+fp/hard\libc_nano.a(libc_a-mallocr.o)
                0x20005c80                __malloc_sbrk_start
 .bss.__malloc_free_list
                0x20005c84        0x4 C:/ST/STM32CubeIDE_2.0.0/STM32CubeIDE/plugins/com.st.stm32cube.ide.mcu.externaltools.gnu-tools-for-stm32.13.3.rel1.win32_1.0.100.202509120712/tools/bin/../lib/gcc/arm-none-eabi/13.3.1/../../../../arm-none-eabi/lib/thumb/v7e-m+fp/hard\libc_nano.a(libc_a-mallocr.o)
                0x20005c84                __malloc_free_list
 *(COMMON)
                0x20005c88                        . = ALIGN (0x4)
                0x20005c88                        _ebss = .
                0x20005c88                        __bss_end__ = _ebss

._user_heap_stack
                0x20005c88      0x600 load address 0x08050704
                0x20005c88                        . = ALIGN (0x8)
                [!provide]                        PROVIDE (end = .)
                0x20005c88                        PROVIDE (_end = .)
                0x20005e88                        . = (. + _Min_Heap_Size)
 *fill*         0x20005c88      0x200 
                0x20006288                        . = (. + _Min_Stack_Size)
 *fill*         0x20005e88      0x400 
                0x20006288                        . = ALIGN (0x8)

/DISCARD/
 libc.a(*)
 libm.a(*)
 libgcc.a(*)

.ARM.attributes
                0x00000000       0x30
 *(.ARM.attributes)
 .ARM.attributes
                0x00000000       0x22 C:/ST/STM32CubeIDE_2.0.0/STM32CubeIDE/plugins/com.st.stm32cube.ide.mcu.externaltools.gnu-tools-for-stm32.13.3.rel1.win32_1.0.100.202509120712/tools/bin/../lib/gcc/arm-none-eabi/13.3.1/thumb/v7e-m+fp/hard/crti.o
 .ARM.attributes
                0x00000022       0x34 C:/ST/STM32CubeIDE_2.0.0/STM32CubeIDE/plugins/com.st.stm32cube.ide.mcu.externaltools.gnu-tools-for-stm32.13.3.rel1.win32_1.0.100.202509120712/tools/bin/../lib/gcc/arm-none-eabi/13.3.1/thumb/v7e-m+fp/hard/crtbegin.o
 .ARM.attributes
                0x00000056       0x34 ./AI/App/network.o
 .ARM.attributes
                0x0000008a       0x34 ./AI/App/network_data.o
 .ARM.attributes
                0x000000be       0x34 ./Core/Src/ai_model.o
 .ARM.attributes
                0x000000f2       0x34 ./Core/Src/main.o
 .ARM.attributes
                0x00000126       0x34 ./Core/Src/radar_live.o
 .ARM.attributes
                0x0000015a       0x34 ./Core/Src/stm32f7xx_hal_msp.o
 .ARM.attributes
                0x0000018e       0x34 ./Core/Src/stm32f7xx_it.o
 .ARM.attributes
                0x000001c2       0x34 ./Core/Src/sysmem.o
 .ARM.attributes
                0x000001f6       0x34 ./Core/Src/system_stm32f7xx.o
 .ARM.attributes
                0x0000022a       0x21 ./Core/Startup/startup_stm32f746zgtx.o
 .ARM.attributes
                0x0000024b       0x34 ./Drivers/STM32F7xx_HAL_Driver/Src/stm32f7xx_hal.o
 .ARM.attributes
                0x0000027f       0x34 ./Drivers/STM32F7xx_HAL_Driver/Src/stm32f7xx_hal_cortex.o
 .ARM.attributes
                0x000002b3       0x34 ./Drivers/STM32F7xx_HAL_Driver/Src/stm32f7xx_hal_dma.o
 .ARM.attributes
                0x000002e7       0x34 ./Drivers/STM32F7xx_HAL_Driver/Src/stm32f7xx_hal_eth.o
 .ARM.attributes
                0x0000031b       0x34 ./Drivers/STM32F7xx_HAL_Driver/Src/stm32f7xx_hal_gpio.o
 .ARM.attributes
                0x0000034f       0x34 ./Drivers/STM32F7xx_HAL_Driver/Src/stm32f7xx_hal_i2c.o
 .ARM.attributes
                0x00000383       0x34 ./Drivers/STM32F7xx_HAL_Driver/Src/stm32f7xx_hal_i2c_ex.o
 .ARM.attributes
                0x000003b7       0x34 ./Drivers/STM32F7xx_HAL_Driver/Src/stm32f7xx_hal_pcd.o
 .ARM.attributes
                0x000003eb       0x34 ./Drivers/STM32F7xx_HAL_Driver/Src/stm32f7xx_hal_pcd_ex.o
 .ARM.attributes
                0x0000041f       0x34 ./Drivers/STM32F7xx_HAL_Driver/Src/stm32f7xx_hal_pwr.o
 .ARM.attributes
                0x00000453       0x34 ./Drivers/STM32F7xx_HAL_Driver/Src/stm32f7xx_hal_rcc.o
 .ARM.attributes
                0x00000487       0x34 ./Drivers/STM32F7xx_HAL_Driver/Src/stm32f7xx_hal_rcc_ex.o
 .ARM.attributes
                0x000004bb       0x34 ./Drivers/STM32F7xx_HAL_Driver/Src/stm32f7xx_hal_uart.o
 .ARM.attributes
                0x000004ef       0x34 ./Drivers/STM32F7xx_HAL_Driver/Src/stm32f7xx_ll_usb.o
 .ARM.attributes
                0x00000523       0x30 ../Middlewares/ST/AI/Lib\NetworkRuntime1201_CM7_GCC.a(layers_pool_generic_float.o)
 .ARM.attributes
                0x00000553       0x30 ../Middlewares/ST/AI/Lib\NetworkRuntime1201_CM7_GCC.a(forward_lite_conv2d_if32of32wf32.o)
 .ARM.attributes
                0x00000583       0x30 ../Middlewares/ST/AI/Lib\NetworkRuntime1201_CM7_GCC.a(lite_dense_if32.o)
 .ARM.attributes
                0x000005b3       0x30 ../Middlewares/ST/AI/Lib\NetworkRuntime1201_CM7_GCC.a(lite_nl_generic_float.o)
 .ARM.attributes
                0x000005e3       0x30 ../Middlewares/ST/AI/Lib\NetworkRuntime1201_CM7_GCC.a(st_int8_fill.o)
 .ARM.attributes
                0x00000613       0x34 C:/ST/STM32CubeIDE_2.0.0/STM32CubeIDE/plugins/com.st.stm32cube.ide.mcu.externaltools.gnu-tools-for-stm32.13.3.rel1.win32_1.0.100.202509120712/tools/bin/../lib/gcc/arm-none-eabi/13.3.1/../../../../arm-none-eabi/lib/thumb/v7e-m+fp/hard\libc_nano.a(libc_a-findfp.o)
 .ARM.attributes
                0x00000647       0x34 C:/ST/STM32CubeIDE_2.0.0/STM32CubeIDE/plugins/com.st.stm32cube.ide.mcu.externaltools.gnu-tools-for-stm32.13.3.rel1.win32_1.0.100.202509120712/tools/bin/../lib/gcc/arm-none-eabi/13.3.1/../../../../arm-none-eabi/lib/thumb/v7e-m+fp/hard\libc_nano.a(libc_a-snprintf.o)
 .ARM.attributes
                0x0000067b       0x34 C:/ST/STM32CubeIDE_2.0.0/STM32CubeIDE/plugins/com.st.stm32cube.ide.mcu.externaltools.gnu-tools-for-stm32.13.3.rel1.win32_1.0.100.202509120712/tools/bin/../lib/gcc/arm-none-eabi/13.3.1/../../../../arm-none-eabi/lib/thumb/v7e-m+fp/hard\libc_nano.a(libc_a-memmove.o)
 .ARM.attributes
                0x000006af       0x34 C:/ST/STM32CubeIDE_2.0.0/STM32CubeIDE/plugins/com.st.stm32cube.ide.mcu.externaltools.gnu-tools-for-stm32.13.3.rel1.win32_1.0.100.202509120712/tools/bin/../lib/gcc/arm-none-eabi/13.3.1/../../../../arm-none-eabi/lib/thumb/v7e-m+fp/hard\libc_nano.a(libc_a-memset.o)
 .ARM.attributes
                0x000006e3       0x34 C:/ST/STM32CubeIDE_2.0.0/STM32CubeIDE/plugins/com.st.stm32cube.ide.mcu.externaltools.gnu-tools-for-stm32.13.3.rel1.win32_1.0.100.202509120712/tools/bin/../lib/gcc/arm-none-eabi/13.3.1/../../../../arm-none-eabi/lib/thumb/v7e-m+fp/hard\libc_nano.a(libc_a-reent.o)
 .ARM.attributes
                0x00000717       0x34 C:/ST/STM32CubeIDE_2.0.0/STM32CubeIDE/plugins/com.st.stm32cube.ide.mcu.externaltools.gnu-tools-for-stm32.13.3.rel1.win32_1.0.100.202509120712/tools/bin/../lib/gcc/arm-none-eabi/13.3.1/../../../../arm-none-eabi/lib/thumb/v7e-m+fp/hard\libc_nano.a(libc_a-impure.o)
 .ARM.attributes
                0x0000074b       0x34 C:/ST/STM32CubeIDE_2.0.0/STM32CubeIDE/plugins/com.st.stm32cube.ide.mcu.externaltools.gnu-tools-for-stm32.13.3.rel1.win32_1.0.100.202509120712/tools/bin/../lib/gcc/arm-none-eabi/13.3.1/../../../../arm-none-eabi/lib/thumb/v7e-m+fp/hard\libc_nano.a(libc_a-errno.o)
 .ARM.attributes
                0x0000077f       0x34 C:/ST/STM32CubeIDE_2.0.0/STM32CubeIDE/plugins/com.st.stm32cube.ide.mcu.externaltools.gnu-tools-for-stm32.13.3.rel1.win32_1.0.100.202509120712/tools/bin/../lib/gcc/arm-none-eabi/13.3.1/../../../../arm-none-eabi/lib/thumb/v7e-m+fp/hard\libc_nano.a(libc_a-init.o)
 .ARM.attributes
                0x000007b3       0x34 C:/ST/STM32CubeIDE_2.0.0/STM32CubeIDE/plugins/com.st.stm32cube.ide.mcu.externaltools.gnu-tools-for-stm32.13.3.rel1.win32_1.0.100.202509120712/tools/bin/../lib/gcc/arm-none-eabi/13.3.1/../../../../arm-none-eabi/lib/thumb/v7e-m+fp/hard\libc_nano.a(libc_a-lock.o)
 .ARM.attributes
                0x000007e7       0x34 C:/ST/STM32CubeIDE_2.0.0/STM32CubeIDE/plugins/com.st.stm32cube.ide.mcu.externaltools.gnu-tools-for-stm32.13.3.rel1.win32_1.0.100.202509120712/tools/bin/../lib/gcc/arm-none-eabi/13.3.1/../../../../arm-none-eabi/lib/thumb/v7e-m+fp/hard\libc_nano.a(libc_a-memcpy-stub.o)
 .ARM.attributes
                0x0000081b       0x34 C:/ST/STM32CubeIDE_2.0.0/STM32CubeIDE/plugins/com.st.stm32cube.ide.mcu.externaltools.gnu-tools-for-stm32.13.3.rel1.win32_1.0.100.202509120712/tools/bin/../lib/gcc/arm-none-eabi/13.3.1/../../../../arm-none-eabi/lib/thumb/v7e-m+fp/hard\libc_nano.a(libc_a-freer.o)
 .ARM.attributes
                0x0000084f       0x34 C:/ST/STM32CubeIDE_2.0.0/STM32CubeIDE/plugins/com.st.stm32cube.ide.mcu.externaltools.gnu-tools-for-stm32.13.3.rel1.win32_1.0.100.202509120712/tools/bin/../lib/gcc/arm-none-eabi/13.3.1/../../../../arm-none-eabi/lib/thumb/v7e-m+fp/hard\libc_nano.a(libc_a-mallocr.o)
 .ARM.attributes
                0x00000883       0x34 C:/ST/STM32CubeIDE_2.0.0/STM32CubeIDE/plugins/com.st.stm32cube.ide.mcu.externaltools.gnu-tools-for-stm32.13.3.rel1.win32_1.0.100.202509120712/tools/bin/../lib/gcc/arm-none-eabi/13.3.1/../../../../arm-none-eabi/lib/thumb/v7e-m+fp/hard\libc_nano.a(libc_a-mlock.o)
 .ARM.attributes
                0x000008b7       0x34 C:/ST/STM32CubeIDE_2.0.0/STM32CubeIDE/plugins/com.st.stm32cube.ide.mcu.externaltools.gnu-tools-for-stm32.13.3.rel1.win32_1.0.100.202509120712/tools/bin/../lib/gcc/arm-none-eabi/13.3.1/../../../../arm-none-eabi/lib/thumb/v7e-m+fp/hard\libc_nano.a(libc_a-nano-svfprintf.o)
 .ARM.attributes
                0x000008eb       0x34 C:/ST/STM32CubeIDE_2.0.0/STM32CubeIDE/plugins/com.st.stm32cube.ide.mcu.externaltools.gnu-tools-for-stm32.13.3.rel1.win32_1.0.100.202509120712/tools/bin/../lib/gcc/arm-none-eabi/13.3.1/../../../../arm-none-eabi/lib/thumb/v7e-m+fp/hard\libc_nano.a(libc_a-nano-vfprintf_i.o)
 .ARM.attributes
                0x0000091f       0x34 C:/ST/STM32CubeIDE_2.0.0/STM32CubeIDE/plugins/com.st.stm32cube.ide.mcu.externaltools.gnu-tools-for-stm32.13.3.rel1.win32_1.0.100.202509120712/tools/bin/../lib/gcc/arm-none-eabi/13.3.1/../../../../arm-none-eabi/lib/thumb/v7e-m+fp/hard\libc_nano.a(libc_a-sbrkr.o)
 .ARM.attributes
                0x00000953       0x1c C:/ST/STM32CubeIDE_2.0.0/STM32CubeIDE/plugins/com.st.stm32cube.ide.mcu.externaltools.gnu-tools-for-stm32.13.3.rel1.win32_1.0.100.202509120712/tools/bin/../lib/gcc/arm-none-eabi/13.3.1/../../../../arm-none-eabi/lib/thumb/v7e-m+fp/hard\libc_nano.a(libc_a-memchr.o)
 .ARM.attributes
                0x0000096f       0x34 C:/ST/STM32CubeIDE_2.0.0/STM32CubeIDE/plugins/com.st.stm32cube.ide.mcu.externaltools.gnu-tools-for-stm32.13.3.rel1.win32_1.0.100.202509120712/tools/bin/../lib/gcc/arm-none-eabi/13.3.1/../../../../arm-none-eabi/lib/thumb/v7e-m+fp/hard\libc_nano.a(libc_a-reallocr.o)
 .ARM.attributes
                0x000009a3       0x34 C:/ST/STM32CubeIDE_2.0.0/STM32CubeIDE/plugins/com.st.stm32cube.ide.mcu.externaltools.gnu-tools-for-stm32.13.3.rel1.win32_1.0.100.202509120712/tools/bin/../lib/gcc/arm-none-eabi/13.3.1/../../../../arm-none-eabi/lib/thumb/v7e-m+fp/hard\libc_nano.a(libc_a-msizer.o)
 .ARM.attributes
                0x000009d7       0x34 C:/ST/STM32CubeIDE_2.0.0/STM32CubeIDE/plugins/com.st.stm32cube.ide.mcu.externaltools.gnu-tools-for-stm32.13.3.rel1.win32_1.0.100.202509120712/tools/bin/../lib/gcc/arm-none-eabi/13.3.1/../../../../arm-none-eabi/lib/thumb/v7e-m+fp/hard\libm.a(libm_a-wf_atan2.o)
 .ARM.attributes
                0x00000a0b       0x34 C:/ST/STM32CubeIDE_2.0.0/STM32CubeIDE/plugins/com.st.stm32cube.ide.mcu.externaltools.gnu-tools-for-stm32.13.3.rel1.win32_1.0.100.202509120712/tools/bin/../lib/gcc/arm-none-eabi/13.3.1/../../../../arm-none-eabi/lib/thumb/v7e-m+fp/hard\libm.a(libm_a-wf_exp.o)
 .ARM.attributes
                0x00000a3f       0x34 C:/ST/STM32CubeIDE_2.0.0/STM32CubeIDE/plugins/com.st.stm32cube.ide.mcu.externaltools.gnu-tools-for-stm32.13.3.rel1.win32_1.0.100.202509120712/tools/bin/../lib/gcc/arm-none-eabi/13.3.1/../../../../arm-none-eabi/lib/thumb/v7e-m+fp/hard\libm.a(libm_a-wf_sqrt.o)
 .ARM.attributes
                0x00000a73       0x34 C:/ST/STM32CubeIDE_2.0.0/STM32CubeIDE/plugins/com.st.stm32cube.ide.mcu.externaltools.gnu-tools-for-stm32.13.3.rel1.win32_1.0.100.202509120712/tools/bin/../lib/gcc/arm-none-eabi/13.3.1/../../../../arm-none-eabi/lib/thumb/v7e-m+fp/hard\libm.a(libm_a-sf_atan.o)
 .ARM.attributes
                0x00000aa7       0x34 C:/ST/STM32CubeIDE_2.0.0/STM32CubeIDE/plugins/com.st.stm32cube.ide.mcu.externaltools.gnu-tools-for-stm32.13.3.rel1.win32_1.0.100.202509120712/tools/bin/../lib/gcc/arm-none-eabi/13.3.1/../../../../arm-none-eabi/lib/thumb/v7e-m+fp/hard\libm.a(libm_a-sf_fabs.o)
 .ARM.attributes
                0x00000adb       0x34 C:/ST/STM32CubeIDE_2.0.0/STM32CubeIDE/plugins/com.st.stm32cube.ide.mcu.externaltools.gnu-tools-for-stm32.13.3.rel1.win32_1.0.100.202509120712/tools/bin/../lib/gcc/arm-none-eabi/13.3.1/../../../../arm-none-eabi/lib/thumb/v7e-m+fp/hard\libm.a(libm_a-sf_finite.o)
 .ARM.attributes
                0x00000b0f       0x34 C:/ST/STM32CubeIDE_2.0.0/STM32CubeIDE/plugins/com.st.stm32cube.ide.mcu.externaltools.gnu-tools-for-stm32.13.3.rel1.win32_1.0.100.202509120712/tools/bin/../lib/gcc/arm-none-eabi/13.3.1/../../../../arm-none-eabi/lib/thumb/v7e-m+fp/hard\libm.a(libm_a-math_errf.o)
 .ARM.attributes
                0x00000b43       0x34 C:/ST/STM32CubeIDE_2.0.0/STM32CubeIDE/plugins/com.st.stm32cube.ide.mcu.externaltools.gnu-tools-for-stm32.13.3.rel1.win32_1.0.100.202509120712/tools/bin/../lib/gcc/arm-none-eabi/13.3.1/../../../../arm-none-eabi/lib/thumb/v7e-m+fp/hard\libm.a(libm_a-ef_sqrt.o)
 .ARM.attributes
                0x00000b77       0x34 C:/ST/STM32CubeIDE_2.0.0/STM32CubeIDE/plugins/com.st.stm32cube.ide.mcu.externaltools.gnu-tools-for-stm32.13.3.rel1.win32_1.0.100.202509120712/tools/bin/../lib/gcc/arm-none-eabi/13.3.1/../../../../arm-none-eabi/lib/thumb/v7e-m+fp/hard\libm.a(libm_a-ef_atan2.o)
 .ARM.attributes
                0x00000bab       0x34 C:/ST/STM32CubeIDE_2.0.0/STM32CubeIDE/plugins/com.st.stm32cube.ide.mcu.externaltools.gnu-tools-for-stm32.13.3.rel1.win32_1.0.100.202509120712/tools/bin/../lib/gcc/arm-none-eabi/13.3.1/../../../../arm-none-eabi/lib/thumb/v7e-m+fp/hard\libm.a(libm_a-ef_exp.o)
 .ARM.attributes
                0x00000bdf       0x22 C:/ST/STM32CubeIDE_2.0.0/STM32CubeIDE/plugins/com.st.stm32cube.ide.mcu.externaltools.gnu-tools-for-stm32.13.3.rel1.win32_1.0.100.202509120712/tools/bin/../lib/gcc/arm-none-eabi/13.3.1/thumb/v7e-m+fp/hard\libgcc.a(_aeabi_uldivmod.o)
 .ARM.attributes
                0x00000c01       0x34 C:/ST/STM32CubeIDE_2.0.0/STM32CubeIDE/plugins/com.st.stm32cube.ide.mcu.externaltools.gnu-tools-for-stm32.13.3.rel1.win32_1.0.100.202509120712/tools/bin/../lib/gcc/arm-none-eabi/13.3.1/thumb/v7e-m+fp/hard\libgcc.a(_udivmoddi4.o)
 .ARM.attributes
                0x00000c35       0x22 C:/ST/STM32CubeIDE_2.0.0/STM32CubeIDE/plugins/com.st.stm32cube.ide.mcu.externaltools.gnu-tools-for-stm32.13.3.rel1.win32_1.0.100.202509120712/tools/bin/../lib/gcc/arm-none-eabi/13.3.1/thumb/v7e-m+fp/hard\libgcc.a(_dvmd_tls.o)
 .ARM.attributes
                0x00000c57       0x22 C:/ST/STM32CubeIDE_2.0.0/STM32CubeIDE/plugins/com.st.stm32cube.ide.mcu.externaltools.gnu-tools-for-stm32.13.3.rel1.win32_1.0.100.202509120712/tools/bin/../lib/gcc/arm-none-eabi/13.3.1/thumb/v7e-m+fp/hard/crtn.o
OUTPUT(NUCLEO_F7_AI_four_class.elf elf32-littlearm)
LOAD linker stubs
LOAD C:/ST/STM32CubeIDE_2.0.0/STM32CubeIDE/plugins/com.st.stm32cube.ide.mcu.externaltools.gnu-tools-for-stm32.13.3.rel1.win32_1.0.100.202509120712/tools/bin/../lib/gcc/arm-none-eabi/13.3.1/../../../../arm-none-eabi/lib/thumb/v7e-m+fp/hard\libc.a
LOAD C:/ST/STM32CubeIDE_2.0.0/STM32CubeIDE/plugins/com.st.stm32cube.ide.mcu.externaltools.gnu-tools-for-stm32.13.3.rel1.win32_1.0.100.202509120712/tools/bin/../lib/gcc/arm-none-eabi/13.3.1/../../../../arm-none-eabi/lib/thumb/v7e-m+fp/hard\libm.a
LOAD C:/ST/STM32CubeIDE_2.0.0/STM32CubeIDE/plugins/com.st.stm32cube.ide.mcu.externaltools.gnu-tools-for-stm32.13.3.rel1.win32_1.0.100.202509120712/tools/bin/../lib/gcc/arm-none-eabi/13.3.1/thumb/v7e-m+fp/hard\libgcc.a

.debug_info     0x00000000    0x19312
 .debug_info    0x00000000     0x26c7 ./AI/App/network.o
 .debug_info    0x000026c7       0xcc ./AI/App/network_data.o
 .debug_info    0x00002793      0x4a9 ./Core/Src/ai_model.o
 .debug_info    0x00002c3c     0x2c8e ./Core/Src/main.o
 .debug_info    0x000058ca      0xc4b ./Core/Src/radar_live.o
 .debug_info    0x00006515     0x1f1f ./Core/Src/stm32f7xx_hal_msp.o
 .debug_info    0x00008434      0x71e ./Core/Src/stm32f7xx_it.o
 .debug_info    0x00008b52      0x168 ./Core/Src/sysmem.o
 .debug_info    0x00008cba      0x6ed ./Core/Src/system_stm32f7xx.o
 .debug_info    0x000093a7       0x30 ./Core/Startup/startup_stm32f746zgtx.o
 .debug_info    0x000093d7      0x9d8 ./Drivers/STM32F7xx_HAL_Driver/Src/stm32f7xx_hal.o
 .debug_info    0x00009daf      0xf7e ./Drivers/STM32F7xx_HAL_Driver/Src/stm32f7xx_hal_cortex.o
 .debug_info    0x0000ad2d      0x8e7 ./Drivers/STM32F7xx_HAL_Driver/Src/stm32f7xx_hal_dma.o
 .debug_info    0x0000b614     0x21aa ./Drivers/STM32F7xx_HAL_Driver/Src/stm32f7xx_hal_eth.o
 .debug_info    0x0000d7be      0x6e7 ./Drivers/STM32F7xx_HAL_Driver/Src/stm32f7xx_hal_gpio.o
 .debug_info    0x0000dea5     0x2147 ./Drivers/STM32F7xx_HAL_Driver/Src/stm32f7xx_hal_i2c.o
 .debug_info    0x0000ffec      0x922 ./Drivers/STM32F7xx_HAL_Driver/Src/stm32f7xx_hal_i2c_ex.o
 .debug_info    0x0001090e     0x1599 ./Drivers/STM32F7xx_HAL_Driver/Src/stm32f7xx_hal_pcd.o
 .debug_info    0x00011ea7      0x7a3 ./Drivers/STM32F7xx_HAL_Driver/Src/stm32f7xx_hal_pcd_ex.o
 .debug_info    0x0001264a      0x90e ./Drivers/STM32F7xx_HAL_Driver/Src/stm32f7xx_hal_pwr.o
 .debug_info    0x00012f58      0x8f0 ./Drivers/STM32F7xx_HAL_Driver/Src/stm32f7xx_hal_rcc.o
 .debug_info    0x00013848      0x6bd ./Drivers/STM32F7xx_HAL_Driver/Src/stm32f7xx_hal_rcc_ex.o
 .debug_info    0x00013f05     0x3a11 ./Drivers/STM32F7xx_HAL_Driver/Src/stm32f7xx_hal_uart.o
 .debug_info    0x00017916     0x19fc ./Drivers/STM32F7xx_HAL_Driver/Src/stm32f7xx_ll_usb.o

.debug_abbrev   0x00000000     0x32af
 .debug_abbrev  0x00000000      0x399 ./AI/App/network.o
 .debug_abbrev  0x00000399       0x75 ./AI/App/network_data.o
 .debug_abbrev  0x0000040e      0x15a ./Core/Src/ai_model.o
 .debug_abbrev  0x00000568      0x3fb ./Core/Src/main.o
 .debug_abbrev  0x00000963      0x22f ./Core/Src/radar_live.o
 .debug_abbrev  0x00000b92      0x288 ./Core/Src/stm32f7xx_hal_msp.o
 .debug_abbrev  0x00000e1a      0x174 ./Core/Src/stm32f7xx_it.o
 .debug_abbrev  0x00000f8e       0xbc ./Core/Src/sysmem.o
 .debug_abbrev  0x0000104a      0x13b ./Core/Src/system_stm32f7xx.o
 .debug_abbrev  0x00001185       0x24 ./Core/Startup/startup_stm32f746zgtx.o
 .debug_abbrev  0x000011a9      0x213 ./Drivers/STM32F7xx_HAL_Driver/Src/stm32f7xx_hal.o
 .debug_abbrev  0x000013bc      0x31e ./Drivers/STM32F7xx_HAL_Driver/Src/stm32f7xx_hal_cortex.o
 .debug_abbrev  0x000016da      0x264 ./Drivers/STM32F7xx_HAL_Driver/Src/stm32f7xx_hal_dma.o
 .debug_abbrev  0x0000193e      0x35a ./Drivers/STM32F7xx_HAL_Driver/Src/stm32f7xx_hal_eth.o
 .debug_abbrev  0x00001c98      0x1d4 ./Drivers/STM32F7xx_HAL_Driver/Src/stm32f7xx_hal_gpio.o
 .debug_abbrev  0x00001e6c      0x260 ./Drivers/STM32F7xx_HAL_Driver/Src/stm32f7xx_hal_i2c.o
 .debug_abbrev  0x000020cc      0x19c ./Drivers/STM32F7xx_HAL_Driver/Src/stm32f7xx_hal_i2c_ex.o
 .debug_abbrev  0x00002268      0x2ee ./Drivers/STM32F7xx_HAL_Driver/Src/stm32f7xx_hal_pcd.o
 .debug_abbrev  0x00002556      0x1ca ./Drivers/STM32F7xx_HAL_Driver/Src/stm32f7xx_hal_pcd_ex.o
 .debug_abbrev  0x00002720      0x1c5 ./Drivers/STM32F7xx_HAL_Driver/Src/stm32f7xx_hal_pwr.o
 .debug_abbrev  0x000028e5      0x288 ./Drivers/STM32F7xx_HAL_Driver/Src/stm32f7xx_hal_rcc.o
 .debug_abbrev  0x00002b6d      0x1c9 ./Drivers/STM32F7xx_HAL_Driver/Src/stm32f7xx_hal_rcc_ex.o
 .debug_abbrev  0x00002d36      0x2e6 ./Drivers/STM32F7xx_HAL_Driver/Src/stm32f7xx_hal_uart.o
 .debug_abbrev  0x0000301c      0x293 ./Drivers/STM32F7xx_HAL_Driver/Src/stm32f7xx_ll_usb.o

.debug_aranges  0x00000000     0x1230
 .debug_aranges
                0x00000000       0xb8 ./AI/App/network.o
 .debug_aranges
                0x000000b8       0x18 ./AI/App/network_data.o
 .debug_aranges
                0x000000d0       0x30 ./Core/Src/ai_model.o
 .debug_aranges
                0x00000100       0xc8 ./Core/Src/main.o
 .debug_aranges
                0x000001c8       0x90 ./Core/Src/radar_live.o
 .debug_aranges
                0x00000258       0x60 ./Core/Src/stm32f7xx_hal_msp.o
 .debug_aranges
                0x000002b8       0x68 ./Core/Src/stm32f7xx_it.o
 .debug_aranges
                0x00000320       0x20 ./Core/Src/sysmem.o
 .debug_aranges
                0x00000340       0x28 ./Core/Src/system_stm32f7xx.o
 .debug_aranges