Archive member included to satisfy reference by file (symbol)

../Middlewares/ST/AI/Lib/NetworkRuntime1201_CM7_GCC.a(layers_generic_float.o)
                              ./AI/App/network.o (forward_slice)
../Middlewares/ST/AI/Lib/NetworkRuntime1201_CM7_GCC.a(layers_pad_generic.o)
                              ../Middlewares/ST/AI/Lib/NetworkRuntime1201_CM7_GCC.a(layers_generic_float.o) (forward_pad_8bit_ch1st_3x3_constant)
../Middlewares/ST/AI/Lib/NetworkRuntime1201_CM7_GCC.a(layers_pool_generic_float.o)
                              ./AI/App/network.o (forward_mp)
../Middlewares/ST/AI/Lib/NetworkRuntime1201_CM7_GCC.a(layers_resize.o)
                              ../Middlewares/ST/AI/Lib/NetworkRuntime1201_CM7_GCC.a(layers_generic_float.o) (forward_resize_nearest_if32of32)
../Middlewares/ST/AI/Lib/NetworkRuntime1201_CM7_GCC.a(forward_lite_argminmax.o)
                              ../Middlewares/ST/AI/Lib/NetworkRuntime1201_CM7_GCC.a(layers_generic_float.o) (forward_lite_argmax_if32)
../Middlewares/ST/AI/Lib/NetworkRuntime1201_CM7_GCC.a(forward_lite_conv2d_if32of32wf32.o)
                              ./AI/App/network.o (forward_lite_conv2d_if32of32wf32)
../Middlewares/ST/AI/Lib/NetworkRuntime1201_CM7_GCC.a(lite_argminmax_if32_kernel.o)
                              ../Middlewares/ST/AI/Lib/NetworkRuntime1201_CM7_GCC.a(forward_lite_argminmax.o) (forward_lite_argmax_f32_kernel_ch)
../Middlewares/ST/AI/Lib/NetworkRuntime1201_CM7_GCC.a(lite_argminmax_is8_kernel.o)
                              ../Middlewares/ST/AI/Lib/NetworkRuntime1201_CM7_GCC.a(forward_lite_argminmax.o) (forward_lite_argmax_s8_kernel)
../Middlewares/ST/AI/Lib/NetworkRuntime1201_CM7_GCC.a(forward_lite_resize.o)
                              ../Middlewares/ST/AI/Lib/NetworkRuntime1201_CM7_GCC.a(layers_resize.o) (forward_lite_resize_bilinear_if32of32)
../Middlewares/ST/AI/Lib/NetworkRuntime1201_CM7_GCC.a(forward_lite_upsample.o)
                              ../Middlewares/ST/AI/Lib/NetworkRuntime1201_CM7_GCC.a(layers_generic_float.o) (forward_lite_upsample_bilinear_if32of32)
../Middlewares/ST/AI/Lib/NetworkRuntime1201_CM7_GCC.a(forward_lite_upsample_generic.o)
                              ../Middlewares/ST/AI/Lib/NetworkRuntime1201_CM7_GCC.a(layers_generic_float.o) (forward_lite_upsample_nearest)
../Middlewares/ST/AI/Lib/NetworkRuntime1201_CM7_GCC.a(lite_dense_if32.o)
                              ./AI/App/network.o (forward_lite_dense_if32of32wf32)
../Middlewares/ST/AI/Lib/NetworkRuntime1201_CM7_GCC.a(lite_generic_float.o)
                              ../Middlewares/ST/AI/Lib/NetworkRuntime1201_CM7_GCC.a(layers_generic_float.o) (forward_lite_gather_nd)
../Middlewares/ST/AI/Lib/NetworkRuntime1201_CM7_GCC.a(lite_nl_generic_float.o)
                              ./AI/App/network.o (forward_lite_nl_exp_if32of32)
../Middlewares/ST/AI/Lib/NetworkRuntime1201_CM7_GCC.a(forward_lite_pad_generic.o)
                              ../Middlewares/ST/AI/Lib/NetworkRuntime1201_CM7_GCC.a(layers_pad_generic.o) (forward_lite_pad_8bit_ch1st_3x3_constant_P0022)
../Middlewares/ST/AI/Lib/NetworkRuntime1201_CM7_GCC.a(st_int8_fill.o)
                              ../Middlewares/ST/AI/Lib/NetworkRuntime1201_CM7_GCC.a(layers_generic_float.o) (st_int8_copy)
../Middlewares/ST/AI/Lib/NetworkRuntime1201_CM7_GCC.a(ai_math_helpers.o)
                              ../Middlewares/ST/AI/Lib/NetworkRuntime1201_CM7_GCC.a(lite_generic_float.o) (ai_math_sqrt)
../Middlewares/ST/AI/Lib/NetworkRuntime1201_CM7_GCC.a(ai_datatypes_format.o)
                              ../Middlewares/ST/AI/Lib/NetworkRuntime1201_CM7_GCC.a(layers_generic_float.o) (ai_array_get_byte_size)
../Middlewares/ST/AI/Lib/NetworkRuntime1201_CM7_GCC.a(core_utils.o)
                              ../Middlewares/ST/AI/Lib/NetworkRuntime1201_CM7_GCC.a(layers_generic_float.o) (core_get_broadcasted_shape)
../Middlewares/ST/AI/Lib/NetworkRuntime1201_CM7_GCC.a(ai_math_elementwise_mul_int8.o)
                              ../Middlewares/ST/AI/Lib/NetworkRuntime1201_CM7_GCC.a(ai_math_helpers.o) (ai_math_elementwise_mul_int8)
../Middlewares/ST/AI/Lib/NetworkRuntime1201_CM7_GCC.a(ai_math_elementwise_sum_int8.o)
                              ../Middlewares/ST/AI/Lib/NetworkRuntime1201_CM7_GCC.a(ai_math_helpers.o) (ai_math_elementwise_sum_int8)
../Middlewares/ST/AI/Lib/NetworkRuntime1201_CM7_GCC.a(lite_nl_softmax_if32of32.o)
                              ../Middlewares/ST/AI/Lib/NetworkRuntime1201_CM7_GCC.a(lite_nl_generic_float.o) (forward_lite_nl_softmax_if32of32_kernel)
../Middlewares/ST/AI/Lib/NetworkRuntime1201_CM7_GCC.a(lite_nl_relu_if32of32.o)
                              ../Middlewares/ST/AI/Lib/NetworkRuntime1201_CM7_GCC.a(lite_nl_generic_float.o) (forward_lite_nl_prelu_if32of32_kernel)
../Middlewares/ST/AI/Lib/NetworkRuntime1201_CM7_GCC.a(lite_upsample_kernel.o)
                              ../Middlewares/ST/AI/Lib/NetworkRuntime1201_CM7_GCC.a(forward_lite_upsample.o) (lite_upsample_zeros_ix8ox8_kernel)
[...]
Memory Configuration

Name             Origin             Length             Attributes
RAM              0x20000000         0x00050000         xrw
FLASH            0x08000000         0x00100000         xr
*default*        0x00000000         0xffffffff

Linker script and memory map

LOAD /Applications/STM32CubeIDE.app/Contents/Eclipse/plugins/com.st.stm32cube.ide.mcu.externaltools.gnu-tools-for-stm32.14.3.rel1.macosaarch64_1.0.0.202602081740/tools/bin/../lib/gcc/arm-none-eabi/14.3.1/thumb/v7e-m+fp/hard/crti.o
LOAD /Applications/STM32CubeIDE.app/Contents/Eclipse/plugins/com.st.stm32cube.ide.mcu.externaltools.gnu-tools-for-stm32.14.3.rel1.macosaarch64_1.0.0.202602081740/tools/bin/../lib/gcc/arm-none-eabi/14.3.1/thumb/v7e-m+fp/hard/crtbegin.o
LOAD /Applications/STM32CubeIDE.app/Contents/Eclipse/plugins/com.st.stm32cube.ide.mcu.externaltools.gnu-tools-for-stm32.14.3.rel1.macosaarch64_1.0.0.202602081740/tools/bin/../lib/gcc/arm-none-eabi/14.3.1/../../../../arm-none-eabi/lib/thumb/v7e-m+fp/hard/crt0.o
LOAD ./AI/App/network.o
LOAD ./AI/App/network_data.o
LOAD ./Core/Src/ai_model.o
LOAD ./Core/Src/main.o
LOAD ./Core/Src/radar_live.o
LOAD ./Core/Src/stm32f7xx_hal_msp.o
LOAD ./Core/Src/stm32f7xx_it.o
LOAD ./Core/Src/syscalls.o
LOAD ./Core/Src/sysmem.o
LOAD ./Core/Src/system_stm32f7xx.o
LOAD ./Core/Startup/startup_stm32f746zgtx.o
LOAD ./Drivers/STM32F7xx_HAL_Driver/Src/stm32f7xx_hal.o
LOAD ./Drivers/STM32F7xx_HAL_Driver/Src/stm32f7xx_hal_cortex.o
LOAD ./Drivers/STM32F7xx_HAL_Driver/Src/stm32f7xx_hal_dma.o
LOAD ./Drivers/STM32F7xx_HAL_Driver/Src/stm32f7xx_hal_dma_ex.o
LOAD ./Drivers/STM32F7xx_HAL_Driver/Src/stm32f7xx_hal_eth.o
LOAD ./Drivers/STM32F7xx_HAL_Driver/Src/stm32f7xx_hal_exti.o
LOAD ./Drivers/STM32F7xx_HAL_Driver/Src/stm32f7xx_hal_flash.o
LOAD ./Drivers/STM32F7xx_HAL_Driver/Src/stm32f7xx_hal_flash_ex.o
LOAD ./Drivers/STM32F7xx_HAL_Driver/Src/stm32f7xx_hal_gpio.o
LOAD ./Drivers/STM32F7xx_HAL_Driver/Src/stm32f7xx_hal_i2c.o
LOAD ./Drivers/STM32F7xx_HAL_Driver/Src/stm32f7xx_hal_i2c_ex.o
LOAD ./Drivers/STM32F7xx_HAL_Driver/Src/stm32f7xx_hal_pcd.o
LOAD ./Drivers/STM32F7xx_HAL_Driver/Src/stm32f7xx_hal_pcd_ex.o
LOAD ./Drivers/STM32F7xx_HAL_Driver/Src/stm32f7xx_hal_pwr.o
LOAD ./Drivers/STM32F7xx_HAL_Driver/Src/stm32f7xx_hal_pwr_ex.o
LOAD ./Drivers/STM32F7xx_HAL_Driver/Src/stm32f7xx_hal_rcc.o
LOAD ./Drivers/STM32F7xx_HAL_Driver/Src/stm32f7xx_hal_rcc_ex.o
LOAD ./Drivers/STM32F7xx_HAL_Driver/Src/stm32f7xx_hal_uart.o
LOAD ./Drivers/STM32F7xx_HAL_Driver/Src/stm32f7xx_hal_uart_ex.o
LOAD ./Drivers/STM32F7xx_HAL_Driver/Src/stm32f7xx_ll_usb.o
LOAD ../Middlewares/ST/AI/Lib/NetworkRuntime1201_CM7_GCC.a
START GROUP
LOAD /Applications/STM32CubeIDE.app/Contents/Eclipse/plugins/com.st.stm32cube.ide.mcu.externaltools.gnu-tools-for-stm32.14.3.rel1.macosaarch64_1.0.0.202602081740/tools/bin/../lib/gcc/arm-none-eabi/14.3.1/../../../../arm-none-eabi/lib/thumb/v7e-m+fp/hard/libc_nano.a
LOAD /Applications/STM32CubeIDE.app/Contents/Eclipse/plugins/com.st.stm32cube.ide.mcu.externaltools.gnu-tools-for-stm32.14.3.rel1.macosaarch64_1.0.0.202602081740/tools/bin/../lib/gcc/arm-none-eabi/14.3.1/../../../../arm-none-eabi/lib/thumb/v7e-m+fp/hard/libm.a
END GROUP
START GROUP
LOAD /Applications/STM32CubeIDE.app/Contents/Eclipse/plugins/com.st.stm32cube.ide.mcu.externaltools.gnu-tools-for-stm32.14.3.rel1.macosaarch64_1.0.0.202602081740/tools/bin/../lib/gcc/arm-none-eabi/14.3.1/thumb/v7e-m+fp/hard/libgcc.a
LOAD /Applications/STM32CubeIDE.app/Contents/Eclipse/plugins/com.st.stm32cube.ide.mcu.externaltools.gnu-tools-for-stm32.14.3.rel1.macosaarch64_1.0.0.202602081740/tools/bin/../lib/gcc/arm-none-eabi/14.3.1/../../../../arm-none-eabi/lib/thumb/v7e-m+fp/hard/libc_nano.a
END GROUP
START GROUP
LOAD /Applications/STM32CubeIDE.app/Contents/Eclipse/plugins/com.st.stm32cube.ide.mcu.externaltools.gnu-tools-for-stm32.14.3.rel1.macosaarch64_1.0.0.202602081740/tools/bin/../lib/gcc/arm-none-eabi/14.3.1/thumb/v7e-m+fp/hard/libgcc.a
LOAD /Applications/STM32CubeIDE.app/Contents/Eclipse/plugins/com.st.stm32cube.ide.mcu.externaltools.gnu-tools-for-stm32.14.3.rel1.macosaarch64_1.0.0.202602081740/tools/bin/../lib/gcc/arm-none-eabi/14.3.1/../../../../arm-none-eabi/lib/thumb/v7e-m+fp/hard/libc_nano.a
LOAD /Applications/STM32CubeIDE.app/Contents/Eclipse/plugins/com.st.stm32cube.ide.mcu.externaltools.gnu-tools-for-stm32.14.3.rel1.macosaarch64_1.0.0.202602081740/tools/bin/../lib/gcc/arm-none-eabi/14.3.1/../../../../arm-none-eabi/lib/thumb/v7e-m+fp/hard/libnosys.a
END GROUP
START GROUP
LOAD /Applications/STM32CubeIDE.app/Contents/Eclipse/plugins/com.st.stm32cube.ide.mcu.externaltools.gnu-tools-for-stm32.14.3.rel1.macosaarch64_1.0.0.202602081740/tools/bin/../lib/gcc/arm-none-eabi/14.3.1/thumb/v7e-m+fp/hard/libgcc.a
LOAD /Applications/STM32CubeIDE.app/Contents/Eclipse/plugins/com.st.stm32cube.ide.mcu.externaltools.gnu-tools-for-stm32.14.3.rel1.macosaarch64_1.0.0.202602081740/tools/bin/../lib/gcc/arm-none-eabi/14.3.1/../../../../arm-none-eabi/lib/thumb/v7e-m+fp/hard/libc_nano.a
LOAD /Applications/STM32CubeIDE.app/Contents/Eclipse/plugins/com.st.stm32cube.ide.mcu.externaltools.gnu-tools-for-stm32.14.3.rel1.macosaarch64_1.0.0.202602081740/tools/bin/../lib/gcc/arm-none-eabi/14.3.1/../../../../arm-none-eabi/lib/thumb/v7e-m+fp/hard/libnosys.a
END GROUP
LOAD /Applications/STM32CubeIDE.app/Contents/Eclipse/plugins/com.st.stm32cube.ide.mcu.externaltools.gnu-tools-for-stm32.14.3.rel1.macosaarch64_1.0.0.202602081740/tools/bin/../lib/gcc/arm-none-eabi/14.3.1/thumb/v7e-m+fp/hard/crtend.o
LOAD /Applications/STM32CubeIDE.app/Contents/Eclipse/plugins/com.st.stm32cube.ide.mcu.externaltools.gnu-tools-for-stm32.14.3.rel1.macosaarch64_1.0.0.202602081740/tools/bin/../lib/gcc/arm-none-eabi/14.3.1/thumb/v7e-m+fp/hard/crtn.o
                0x20050000                        _estack = (ORIGIN (RAM) + LENGTH (RAM))
                0x00000200                        _Min_Heap_Size = 0x200
                0x00000400                        _Min_Stack_Size = 0x400

.isr_vector     0x08000000      0x1c8
                0x08000000                        . = ALIGN (0x4)
 *(.isr_vector)
 .isr_vector    0x08000000      0x1c8 ./Core/Startup/startup_stm32f746zgtx.o
                0x08000000                g_pfnVectors
                0x080001c8                        . = ALIGN (0x4)

.text           0x080001d0     0xb314
                0x080001d0                        . = ALIGN (0x4)
 *(.text)
 .text          0x080001d0       0x40 /Applications/STM32CubeIDE.app/Contents/Eclipse/plugins/com.st.stm32cube.ide.mcu.externaltools.gnu-tools-for-stm32.14.3.rel1.macosaarch64_1.0.0.202602081740/tools/bin/../lib/gcc/arm-none-eabi/14.3.1/thumb/v7e-m+fp/hard/crtbegin.o
 .text          0x08000210       0xa0 /Applications/STM32CubeIDE.app/Contents/Eclipse/plugins/com.st.stm32cube.ide.mcu.externaltools.gnu-tools-for-stm32.14.3.rel1.macosaarch64_1.0.0.202602081740/tools/bin/../lib/gcc/arm-none-eabi/14.3.1/../../../../arm-none-eabi/lib/thumb/v7e-m+fp/hard/libc_nano.a(libc_a-memchr.o)
                0x08000210                memchr
 .text          0x080002b0       0x30 /Applications/STM32CubeIDE.app/Contents/Eclipse/plugins/com.st.stm32cube.ide.mcu.externaltools.gnu-tools-for-stm32.14.3.rel1.macosaarch64_1.0.0.202602081740/tools/bin/../lib/gcc/arm-none-eabi/14.3.1/thumb/v7e-m+fp/hard/libgcc.a(_aeabi_uldivmod.o)
                0x080002b0                __aeabi_uldivmod
 .text          0x080002e0      0x2f8 /Applications/STM32CubeIDE.app/Contents/Eclipse/plugins/com.st.stm32cube.ide.mcu.externaltools.gnu-tools-for-stm32.14.3.rel1.macosaarch64_1.0.0.202602081740/tools/bin/../lib/gcc/arm-none-eabi/14.3.1/thumb/v7e-m+fp/hard/libgcc.a(_udivmoddi4.o)
                0x080002e0                __udivmoddi4
 .text          0x080005d8        0x4 /Applications/STM32CubeIDE.app/Contents/Eclipse/plugins/com.st.stm32cube.ide.mcu.externaltools.gnu-tools-for-stm32.14.3.rel1.macosaarch64_1.0.0.202602081740/tools/bin/../lib/gcc/arm-none-eabi/14.3.1/thumb/v7e-m+fp/hard/libgcc.a(_dvmd_tls.o)
                0x080005d8                __aeabi_ldiv0
                0x080005d8                __aeabi_idiv0
 *(.text*)
 .text._stai_network_check
                0x080005dc      0x108 ./AI/App/network.o
 .text.stai_network_init
                0x080006e4       0x60 ./AI/App/network.o
                0x080006e4                stai_network_init
 .text.forward_lite_mp__base_model_features_features_3_MaxPool_output_0
                0x08000744       0xb8 ./AI/App/network.o
                0x08000744                forward_lite_mp__base_model_features_features_3_MaxPool_output_0
 .text.forward_lite_mp__base_model_features_features_7_MaxPool_output_0
                0x080007fc       0xb8 ./AI/App/network.o
                0x080007fc                forward_lite_mp__base_model_features_features_7_MaxPool_output_0
 .text.forward_lite_ap__base_model_pool_GlobalAveragePool_output_0
                0x080008b4       0xb0 ./AI/App/network.o
                0x080008b4                forward_lite_ap__base_model_pool_GlobalAveragePool_output_0
 .text.forward_lite_slice__Slice_1_output_0
                0x08000964       0xb0 ./AI/App/network.o
                0x08000964                forward_lite_slice__Slice_1_output_0
 .text.forward_lite_slice__Slice_output_0
                0x08000a14       0xb4 ./AI/App/network.o
                0x08000a14                forward_lite_slice__Slice_output_0
 .text.forward_lite_reduce__ReduceLogSumExp_output_0_reduce
                0x08000ac8       0xb0 ./AI/App/network.o
                0x08000ac8                forward_lite_reduce__ReduceLogSumExp_output_0_reduce
 .text.forward_lite_concat_binary_logits
                0x08000b78       0xcc ./AI/App/network.o
                0x08000b78                forward_lite_concat_binary_logits
 .text.stai_network_run
                0x08000c44      0xf10 ./AI/App/network.o
                0x08000c44                stai_network_run
 .text.stai_network_get_inputs
                0x08001b54       0xcc ./AI/App/network.o
                0x08001b54                stai_network_get_inputs
 .text.stai_network_get_outputs
                0x08001c20       0xd0 ./AI/App/network.o
                0x08001c20                stai_network_get_outputs
 .text.stai_network_set_activations
                0x08001cf0      0x1b0 ./AI/App/network.o
                0x08001cf0                stai_network_set_activations
 .text.AI_Model_Init
                0x08001ea0       0xb0 ./Core/Src/ai_model.o
                0x08001ea0                AI_Model_Init
 .text.AI_Model_RunSelfTest
                0x08001f50       0x88 ./Core/Src/ai_model.o
                0x08001f50                AI_Model_RunSelfTest
 .text.AI_Model_Run
                0x08001fd8       0x78 ./Core/Src/ai_model.o
                0x08001fd8                AI_Model_Run
 .text.FloatToMicroUnits
                0x08002050       0x60 ./Core/Src/main.o
 .text.FallProbabilityPermille
                0x080020b0       0xa4 ./Core/Src/main.o
 .text.ResetFallConfirmation
                0x08002154       0x40 ./Core/Src/main.o
 .text.UpdateFallConfirmation
                0x08002194      0x15c ./Core/Src/main.o
 .text.HAL_UART_RxCpltCallback
                0x080022f0       0x80 ./Core/Src/main.o
                0x080022f0                HAL_UART_RxCpltCallback
 .text.HAL_UART_ErrorCallback
                0x08002370       0x38 ./Core/Src/main.o
                0x08002370                HAL_UART_ErrorCallback
 .text.main     0x080023a8      0x5b8 ./Core/Src/main.o
                0x080023a8                main
 .text.SystemClock_Config
                0x08002960       0xd0 ./Core/Src/main.o
                0x08002960                SystemClock_Config
 .text.MX_ETH_Init
                0x08002a30       0x9c ./Core/Src/main.o
 .text.MX_I2C1_Init
                0x08002acc       0x80 ./Core/Src/main.o
 .text.MX_USART3_UART_Init
                0x08002b4c       0x60 ./Core/Src/main.o
 .text.MX_USART6_UART_Init
                0x08002bac       0x60 ./Core/Src/main.o
 .text.MX_USB_OTG_FS_PCD_Init
                0x08002c0c       0x5c ./Core/Src/main.o
 .text.MX_GPIO_Init
                0x08002c68      0x144 ./Core/Src/main.o
 .text.MPU_Config
                0x08002dac       0x58 ./Core/Src/main.o
 .text.Error_Handler
                0x08002e04        0xc ./Core/Src/main.o
                0x08002e04                Error_Handler
 .text.Median   0x08002e10       0xd8 ./Core/Src/radar_live.o
 .text.TinyFrameChecksum
                0x08002ee8       0x44 ./Core/Src/radar_live.o
 .text.ReadBigEndianU16
                0x08002f2c       0x2c ./Core/Src/radar_live.o
 .text.ReadLittleEndianI32
                0x08002f58       0x3c ./Core/Src/radar_live.o
 .text.ReadLittleEndianFloat
                0x08002f94       0x46 ./Core/Src/radar_live.o
 *fill*         0x08002fda        0x2 
 .text.AddLatestTargetSample
                0x08002fdc      0x2c4 ./Core/Src/radar_live.o
 .text.DecodeCompleteFrame
                0x080032a0      0x6bc ./Core/Src/radar_live.o
 .text.RadarLive_Init
                0x0800395c      0x188 ./Core/Src/radar_live.o
                0x0800395c                RadarLive_Init
 .text.RadarLive_ProcessByte
                0x08003ae4      0x10c ./Core/Src/radar_live.o
                0x08003ae4                RadarLive_ProcessByte
 .text.RadarLive_Tick
                0x08003bf0       0x9c ./Core/Src/radar_live.o
                0x08003bf0                RadarLive_Tick
 .text.RadarLive_GetModelInput
                0x08003c8c       0x14 ./Core/Src/radar_live.o
                0x08003c8c                RadarLive_GetModelInput
 .text.RadarLive_GetWindowCount
                0x08003ca0       0x18 ./Core/Src/radar_live.o
                0x08003ca0                RadarLive_GetWindowCount
 .text.RadarLive_GetDiagnostics
                0x08003cb8      0x5a0 ./Core/Src/radar_live.o
                0x08003cb8                RadarLive_GetDiagnostics
 .text.HAL_MspInit
                0x08004258       0x48 ./Core/Src/stm32f7xx_hal_msp.o
                0x08004258                HAL_MspInit
 .text.HAL_ETH_MspInit
                0x080042a0      0x170 ./Core/Src/stm32f7xx_hal_msp.o
                0x080042a0                HAL_ETH_MspInit
 .text.HAL_I2C_MspInit
                0x08004410       0xc0 ./Core/Src/stm32f7xx_hal_msp.o
                0x08004410                HAL_I2C_MspInit
 .text.HAL_UART_MspInit
                0x080044d0      0x14c ./Core/Src/stm32f7xx_hal_msp.o
                0x080044d0                HAL_UART_MspInit
 .text.HAL_PCD_MspInit
                0x0800461c       0xf4 ./Core/Src/stm32f7xx_hal_msp.o
                0x0800461c                HAL_PCD_MspInit
 .text.NMI_Handler
                0x08004710        0x8 ./Core/Src/stm32f7xx_it.o
                0x08004710                NMI_Handler
 .text.HardFault_Handler
                0x08004718        0x8 ./Core/Src/stm32f7xx_it.o
                0x08004718                HardFault_Handler
 .text.MemManage_Handler
                0x08004720        0x8 ./Core/Src/stm32f7xx_it.o
                0x08004720                MemManage_Handler
 .text.BusFault_Handler
                0x08004728        0x8 ./Core/Src/stm32f7xx_it.o
                0x08004728                BusFault_Handler
 .text.UsageFault_Handler
                0x08004730        0x8 ./Core/Src/stm32f7xx_it.o
                0x08004730                UsageFault_Handler
 .text.SVC_Handler
                0x08004738        0xe ./Core/Src/stm32f7xx_it.o
                0x08004738                SVC_Handler
 .text.DebugMon_Handler
                0x08004746        0xe ./Core/Src/stm32f7xx_it.o
                0x08004746                DebugMon_Handler
 .text.PendSV_Handler
                0x08004754        0xe ./Core/Src/stm32f7xx_it.o
                0x08004754                PendSV_Handler
 .text.SysTick_Handler
                0x08004762        0xc ./Core/Src/stm32f7xx_it.o
                0x08004762                SysTick_Handler
 *fill*         0x0800476e        0x2 
 .text.USART6_IRQHandler
                0x08004770       0x14 ./Core/Src/stm32f7xx_it.o
                0x08004770                USART6_IRQHandler
 .text._sbrk    0x08004784       0x6c ./Core/Src/sysmem.o
                0x08004784                _sbrk
 .text.SystemInit
                0x080047f0       0x24 ./Core/Src/system_stm32f7xx.o
                0x080047f0                SystemInit
 .text.Reset_Handler
                0x08004814       0x50 ./Core/Startup/startup_stm32f746zgtx.o
                0x08004814                Reset_Handler
 .text.Default_Handler
                0x08004864        0x2 ./Core/Startup/startup_stm32f746zgtx.o
                0x08004864                DMA1_Stream3_IRQHandler
                0x08004864                EXTI2_IRQHandler
                0x08004864                TIM8_CC_IRQHandler
                0x08004864                UART8_IRQHandler
                0x08004864                SPI4_IRQHandler
                0x08004864                TIM1_CC_IRQHandler
                0x08004864                DMA2_Stream5_IRQHandler
                0x08004864                DMA1_Stream5_IRQHandler
                0x08004864                PVD_IRQHandler
                0x08004864                TAMP_STAMP_IRQHandler
                0x08004864                CAN2_RX1_IRQHandler
                0x08004864                EXTI3_IRQHandler
                0x08004864                TIM8_TRG_COM_TIM14_IRQHandler
                0x08004864                TIM1_UP_TIM10_IRQHandler
                0x08004864                TIM8_UP_TIM13_IRQHandler
                0x08004864                I2C3_ER_IRQHandler
                0x08004864                EXTI0_IRQHandler
                0x08004864                I2C2_EV_IRQHandler
                0x08004864                DMA1_Stream2_IRQHandler
                0x08004864                CAN1_RX0_IRQHandler
                0x08004864                FPU_IRQHandler
                0x08004864                OTG_HS_WKUP_IRQHandler
                0x08004864                LTDC_ER_IRQHandler
                0x08004864                CAN2_SCE_IRQHandler
                0x08004864                DMA2_Stream2_IRQHandler
                0x08004864                SPI1_IRQHandler
                0x08004864                TIM6_DAC_IRQHandler
                0x08004864                TIM1_BRK_TIM9_IRQHandler
                0x08004864                DCMI_IRQHandler
                0x08004864                CAN2_RX0_IRQHandler
                0x08004864                DMA2_Stream3_IRQHandler
                0x08004864                SAI2_IRQHandler
                0x08004864                USART3_IRQHandler
                0x08004864                CAN1_RX1_IRQHandler
                0x08004864                UART5_IRQHandler
                0x08004864                DMA2_Stream0_IRQHandler
                0x08004864                TIM4_IRQHandler
                0x08004864                QUADSPI_IRQHandler
                0x08004864                I2C1_EV_IRQHandler
                0x08004864                DMA1_Stream6_IRQHandler
                0x08004864                DMA1_Stream1_IRQHandler
                0x08004864                UART4_IRQHandler
                0x08004864                TIM3_IRQHandler
                0x08004864                RCC_IRQHandler
                0x08004864                TIM8_BRK_TIM12_IRQHandler
                0x08004864                Default_Handler
                0x08004864                CEC_IRQHandler
                0x08004864                EXTI15_10_IRQHandler
                0x08004864                ADC_IRQHandler
                0x08004864                DMA1_Stream7_IRQHandler
                0x08004864                SPI5_IRQHandler
                0x08004864                TIM7_IRQHandler
                0x08004864                SDMMC1_IRQHandler
                0x08004864                CAN2_TX_IRQHandler
                0x08004864                TIM5_IRQHandler
                0x08004864                DMA2_Stream7_IRQHandler
                0x08004864                I2C3_EV_IRQHandler
                0x08004864                EXTI9_5_IRQHandler
                0x08004864                RTC_WKUP_IRQHandler
                0x08004864                LTDC_IRQHandler
                0x08004864                ETH_WKUP_IRQHandler
                0x08004864                SPDIF_RX_IRQHandler
                0x08004864                SPI2_IRQHandler
                0x08004864                OTG_HS_EP1_IN_IRQHandler
                0x08004864                DMA1_Stream0_IRQHandler
                0x08004864                CAN1_TX_IRQHandler
                0x08004864                EXTI4_IRQHandler
                0x08004864                RNG_IRQHandler
                0x08004864                ETH_IRQHandler
                0x08004864                OTG_HS_EP1_OUT_IRQHandler
                0x08004864                WWDG_IRQHandler
                0x08004864                SPI6_IRQHandler
                0x08004864                I2C4_EV_IRQHandler
                0x08004864                TIM2_IRQHandler
                0x08004864                OTG_FS_WKUP_IRQHandler
                0x08004864                TIM1_TRG_COM_TIM11_IRQHandler
                0x08004864                OTG_HS_IRQHandler
                0x08004864                DMA2D_IRQHandler
                0x08004864                EXTI1_IRQHandler
                0x08004864                UART7_IRQHandler
                0x08004864                USART2_IRQHandler
                0x08004864                I2C2_ER_IRQHandler
                0x08004864                DMA2_Stream1_IRQHandler
                0x08004864                CAN1_SCE_IRQHandler
                0x08004864                FLASH_IRQHandler
                0x08004864                DMA2_Stream4_IRQHandler
                0x08004864                USART1_IRQHandler
                0x08004864                OTG_FS_IRQHandler
                0x08004864                SPI3_IRQHandler
                0x08004864                DMA1_Stream4_IRQHandler
                0x08004864                I2C1_ER_IRQHandler
                0x08004864                FMC_IRQHandler
                0x08004864                LPTIM1_IRQHandler
                0x08004864                I2C4_ER_IRQHandler
                0x08004864                DMA2_Stream6_IRQHandler
                0x08004864                SAI1_IRQHandler
                0x08004864                RTC_Alarm_IRQHandler
 .text.HAL_Init
                0x08004866       0x1a ./Drivers/STM32F7xx_HAL_Driver/Src/stm32f7xx_hal.o
                0x08004866                HAL_Init
 .text.HAL_InitTick
                0x08004880       0x60 ./Drivers/STM32F7xx_HAL_Driver/Src/stm32f7xx_hal.o
                0x08004880                HAL_InitTick
 .text.HAL_IncTick
                0x080048e0       0x28 ./Drivers/STM32F7xx_HAL_Driver/Src/stm32f7xx_hal.o
                0x080048e0                HAL_IncTick
 .text.HAL_GetTick
                0x08004908       0x18 ./Drivers/STM32F7xx_HAL_Driver/Src/stm32f7xx_hal.o
                0x08004908                HAL_GetTick
 .text.HAL_Delay
                0x08004920       0x48 ./Drivers/STM32F7xx_HAL_Driver/Src/stm32f7xx_hal.o
                0x08004920                HAL_Delay
 .text.__NVIC_SetPriorityGrouping
                0x08004968       0x48 ./Drivers/STM32F7xx_HAL_Driver/Src/stm32f7xx_hal_cortex.o
 .text.__NVIC_GetPriorityGrouping
                0x080049b0       0x1c ./Drivers/STM32F7xx_HAL_Driver/Src/stm32f7xx_hal_cortex.o
 .text.__NVIC_EnableIRQ
                0x080049cc       0x3c ./Drivers/STM32F7xx_HAL_Driver/Src/stm32f7xx_hal_cortex.o
 .text.__NVIC_SetPriority
                0x08004a08       0x54 ./Drivers/STM32F7xx_HAL_Driver/Src/stm32f7xx_hal_cortex.o
 .text.NVIC_EncodePriority
                0x08004a5c       0x66 ./Drivers/STM32F7xx_HAL_Driver/Src/stm32f7xx_hal_cortex.o
 *fill*         0x08004ac2        0x2 
 .text.SysTick_Config
                0x08004ac4       0x44 ./Drivers/STM32F7xx_HAL_Driver/Src/stm32f7xx_hal_cortex.o
 .text.HAL_NVIC_SetPriorityGrouping
                0x08004b08       0x16 ./Drivers/STM32F7xx_HAL_Driver/Src/stm32f7xx_hal_cortex.o
                0x08004b08                HAL_NVIC_SetPriorityGrouping
 .text.HAL_NVIC_SetPriority
                0x08004b1e       0x38 ./Drivers/STM32F7xx_HAL_Driver/Src/stm32f7xx_hal_cortex.o
                0x08004b1e                HAL_NVIC_SetPriority
 .text.HAL_NVIC_EnableIRQ
                0x08004b56       0x1c ./Drivers/STM32F7xx_HAL_Driver/Src/stm32f7xx_hal_cortex.o
                0x08004b56                HAL_NVIC_EnableIRQ
 .text.HAL_SYSTICK_Config
                0x08004b72       0x18 ./Drivers/STM32F7xx_HAL_Driver/Src/stm32f7xx_hal_cortex.o
                0x08004b72                HAL_SYSTICK_Config
 *fill*         0x08004b8a        0x2 
 .text.HAL_MPU_Disable
                0x08004b8c       0x30 ./Drivers/STM32F7xx_HAL_Driver/Src/stm32f7xx_hal_cortex.o
                0x08004b8c                HAL_MPU_Disable
 .text.HAL_MPU_Enable
                0x08004bbc       0x40 ./Drivers/STM32F7xx_HAL_Driver/Src/stm32f7xx_hal_cortex.o
                0x08004bbc                HAL_MPU_Enable
 .text.HAL_MPU_ConfigRegion
                0x08004bfc       0x80 ./Drivers/STM32F7xx_HAL_Driver/Src/stm32f7xx_hal_cortex.o
                0x08004bfc                HAL_MPU_ConfigRegion
 .text.HAL_DMA_Abort
                0x08004c7c       0xe0 ./Drivers/STM32F7xx_HAL_Driver/Src/stm32f7xx_hal_dma.o
                0x08004c7c                HAL_DMA_Abort
 .text.HAL_DMA_Abort_IT
                0x08004d5c       0x44 ./Drivers/STM32F7xx_HAL_Driver/Src/stm32f7xx_hal_dma.o
                0x08004d5c                HAL_DMA_Abort_IT
 .text.HAL_ETH_Init
                0x08004da0      0x134 ./Drivers/STM32F7xx_HAL_Driver/Src/stm32f7xx_hal_eth.o
                0x08004da0                HAL_ETH_Init
 .text.ETH_SetMACConfig
                0x08004ed4      0x168 ./Drivers/STM32F7xx_HAL_Driver/Src/stm32f7xx_hal_eth.o
 .text.ETH_SetDMAConfig
                0x0800503c      0x114 ./Drivers/STM32F7xx_HAL_Driver/Src/stm32f7xx_hal_eth.o
 .text.ETH_MACDMAConfig
                0x08005150       0xea ./Drivers/STM32F7xx_HAL_Driver/Src/stm32f7xx_hal_eth.o
 *fill*         0x0800523a        0x2 
 .text.ETH_MACAddressConfig
                0x0800523c       0x70 ./Drivers/STM32F7xx_HAL_Driver/Src/stm32f7xx_hal_eth.o
 .text.ETH_DMATxDescListInit
                0x080052ac       0xb2 ./Drivers/STM32F7xx_HAL_Driver/Src/stm32f7xx_hal_eth.o
 .text.ETH_DMARxDescListInit
                0x0800535e       0xde ./Drivers/STM32F7xx_HAL_Driver/Src/stm32f7xx_hal_eth.o
 .text.HAL_GPIO_Init
                0x0800543c      0x358 ./Drivers/STM32F7xx_HAL_Driver/Src/stm32f7xx_hal_gpio.o
                0x0800543c                HAL_GPIO_Init
 .text.HAL_GPIO_WritePin
                0x08005794       0x32 ./Drivers/STM32F7xx_HAL_Driver/Src/stm32f7xx_hal_gpio.o
                0x08005794                HAL_GPIO_WritePin
 *fill*         0x080057c6        0x2 
 .text.HAL_I2C_Init
                0x080057c8      0x138 ./Drivers/STM32F7xx_HAL_Driver/Src/stm32f7xx_hal_i2c.o
                0x080057c8                HAL_I2C_Init
 .text.HAL_I2CEx_ConfigAnalogFilter
                0x08005900       0x96 ./Drivers/STM32F7xx_HAL_Driver/Src/stm32f7xx_hal_i2c_ex.o
                0x08005900                HAL_I2CEx_ConfigAnalogFilter
 .text.HAL_I2CEx_ConfigDigitalFilter
                0x08005996       0x98 ./Drivers/STM32F7xx_HAL_Driver/Src/stm32f7xx_hal_i2c_ex.o
                0x08005996                HAL_I2CEx_ConfigDigitalFilter
 .text.HAL_PCD_Init
                0x08005a2e      0x22c ./Drivers/STM32F7xx_HAL_Driver/Src/stm32f7xx_hal_pcd.o
                0x08005a2e                HAL_PCD_Init
 *fill*         0x08005c5a        0x2 
 .text.HAL_PCDEx_ActivateLPM
                0x08005c5c       0x48 ./Drivers/STM32F7xx_HAL_Driver/Src/stm32f7xx_hal_pcd_ex.o
                0x08005c5c                HAL_PCDEx_ActivateLPM
 .text.HAL_PWR_EnableBkUpAccess
                0x08005ca4       0x20 ./Drivers/STM32F7xx_HAL_Driver/Src/stm32f7xx_hal_pwr.o
                0x08005ca4                HAL_PWR_EnableBkUpAccess
 .text.HAL_RCC_OscConfig
                0x08005cc4      0x548 ./Drivers/STM32F7xx_HAL_Driver/Src/stm32f7xx_hal_rcc.o
                0x08005cc4                HAL_RCC_OscConfig
 .text.HAL_RCC_ClockConfig
                0x0800620c      0x1d8 ./Drivers/STM32F7xx_HAL_Driver/Src/stm32f7xx_hal_rcc.o
                0x0800620c                HAL_RCC_ClockConfig
 .text.HAL_RCC_GetSysClockFreq
                0x080063e4      0x20c ./Drivers/STM32F7xx_HAL_Driver/Src/stm32f7xx_hal_rcc.o
                0x080063e4                HAL_RCC_GetSysClockFreq
 .text.HAL_RCC_GetHCLKFreq
                0x080065f0       0x18 ./Drivers/STM32F7xx_HAL_Driver/Src/stm32f7xx_hal_rcc.o
                0x080065f0                HAL_RCC_GetHCLKFreq
 .text.HAL_RCC_GetPCLK1Freq
                0x08006608       0x28 ./Drivers/STM32F7xx_HAL_Driver/Src/stm32f7xx_hal_rcc.o
                0x08006608                HAL_RCC_GetPCLK1Freq
 .text.HAL_RCC_GetPCLK2Freq
                0x08006630       0x28 ./Drivers/STM32F7xx_HAL_Driver/Src/stm32f7xx_hal_rcc.o
                0x08006630                HAL_RCC_GetPCLK2Freq
 .text.HAL_RCCEx_PeriphCLKConfig
                0x08006658      0x7e0 ./Drivers/STM32F7xx_HAL_Driver/Src/stm32f7xx_hal_rcc_ex.o
                0x08006658                HAL_RCCEx_PeriphCLKConfig
 .text.HAL_UART_Init
                0x08006e38       0x9c ./Drivers/STM32F7xx_HAL_Driver/Src/stm32f7xx_hal_uart.o
                0x08006e38                HAL_UART_Init
 .text.HAL_UART_Transmit
                0x08006ed4      0x112 ./Drivers/STM32F7xx_HAL_Driver/Src/stm32f7xx_hal_uart.o
                0x08006ed4                HAL_UART_Transmit
 .text.HAL_UART_Receive_IT
                0x08006fe6       0x88 ./Drivers/STM32F7xx_HAL_Driver/Src/stm32f7xx_hal_uart.o
                0x08006fe6                HAL_UART_Receive_IT
 *fill*         0x0800706e        0x2 
 .text.HAL_UART_IRQHandler
                0x08007070      0x5d8 ./Drivers/STM32F7xx_HAL_Driver/Src/stm32f7xx_hal_uart.o
                0x08007070                HAL_UART_IRQHandler
 .text.HAL_UART_TxCpltCallback
                0x08007648       0x14 ./Drivers/STM32F7xx_HAL_Driver/Src/stm32f7xx_hal_uart.o
                0x08007648                HAL_UART_TxCpltCallback
 .text.HAL_UARTEx_RxEventCallback
                0x0800765c       0x18 ./Drivers/STM32F7xx_HAL_Driver/Src/stm32f7xx_hal_uart.o
                0x0800765c                HAL_UARTEx_RxEventCallback
 .text.UART_SetConfig
                0x08007674      0x4c8 ./Drivers/STM32F7xx_HAL_Driver/Src/stm32f7xx_hal_uart.o
                0x08007674                UART_SetConfig
 .text.UART_AdvFeatureConfig
                0x08007b3c      0x144 ./Drivers/STM32F7xx_HAL_Driver/Src/stm32f7xx_hal_uart.o
                0x08007b3c                UART_AdvFeatureConfig
 .text.UART_CheckIdleState
                0x08007c80       0xae ./Drivers/STM32F7xx_HAL_Driver/Src/stm32f7xx_hal_uart.o
                0x08007c80                UART_CheckIdleState
 .text.UART_WaitOnFlagUntilTimeout
                0x08007d2e       0xda ./Drivers/STM32F7xx_HAL_Driver/Src/stm32f7xx_hal_uart.o
                0x08007d2e                UART_WaitOnFlagUntilTimeout
 .text.UART_Start_Receive_IT
                0x08007e08      0x18c ./Drivers/STM32F7xx_HAL_Driver/Src/stm32f7xx_hal_uart.o
                0x08007e08                UART_Start_Receive_IT
 .text.UART_EndRxTransfer
                0x08007f94       0xc8 ./Drivers/STM32F7xx_HAL_Driver/Src/stm32f7xx_hal_uart.o
 .text.UART_DMAAbortOnError
                0x0800805c       0x24 ./Drivers/STM32F7xx_HAL_Driver/Src/stm32f7xx_hal_uart.o
 .text.UART_EndTransmit_IT
                0x08008080       0x54 ./Drivers/STM32F7xx_HAL_Driver/Src/stm32f7xx_hal_uart.o
 .text.UART_RxISR_8BIT
                0x080080d4      0x1a8 ./Drivers/STM32F7xx_HAL_Driver/Src/stm32f7xx_hal_uart.o
 .text.UART_RxISR_16BIT
                0x0800827c      0x1a8 ./Drivers/STM32F7xx_HAL_Driver/Src/stm32f7xx_hal_uart.o
 .text.USB_CoreInit
                0x08008424       0xb4 ./Drivers/STM32F7xx_HAL_Driver/Src/stm32f7xx_ll_usb.o
                0x08008424                USB_CoreInit
 .text.USB_DisableGlobalInt
                0x080084d8       0x22 ./Drivers/STM32F7xx_HAL_Driver/Src/stm32f7xx_ll_usb.o
                0x080084d8                USB_DisableGlobalInt
 .text.USB_SetCurrentMode
                0x080084fa       0x98 ./Drivers/STM32F7xx_HAL_Driver/Src/stm32f7xx_ll_usb.o
                0x080084fa                USB_SetCurrentMode
 *fill*         0x08008592        0x2 
 .text.USB_DevInit
                0x08008594      0x2bc ./Drivers/STM32F7xx_HAL_Driver/Src/stm32f7xx_ll_usb.o
                0x08008594                USB_DevInit
 .text.USB_FlushTxFifo
                0x08008850       0x64 ./Drivers/STM32F7xx_HAL_Driver/Src/stm32f7xx_ll_usb.o
                0x08008850                USB_FlushTxFifo
 .text.USB_FlushRxFifo
                0x080088b4       0x5c ./Drivers/STM32F7xx_HAL_Driver/Src/stm32f7xx_ll_usb.o
                0x080088b4                USB_FlushRxFifo
 .text.USB_SetDevSpeed
                0x08008910       0x32 ./Drivers/STM32F7xx_HAL_Driver/Src/stm32f7xx_ll_usb.o
                0x08008910                USB_SetDevSpeed
 .text.USB_DevDisconnect
                0x08008942       0x42 ./Drivers/STM32F7xx_HAL_Driver/Src/stm32f7xx_ll_usb.o
                0x08008942                USB_DevDisconnect
 .text.USB_GetMode
                0x08008984       0x1c ./Drivers/STM32F7xx_HAL_Driver/Src/stm32f7xx_ll_usb.o
                0x08008984                USB_GetMode
 .text.USB_CoreReset
                0x080089a0       0x70 ./Drivers/STM32F7xx_HAL_Driver/Src/stm32f7xx_ll_usb.o
 .text.forward_slice
                0x08008a10      0x284 ../Middlewares/ST/AI/Lib/NetworkRuntime1201_CM7_GCC.a(layers_generic_float.o)
                0x08008a10                forward_slice
 .text.forward_concat
                0x08008c94      0x4f8 ../Middlewares/ST/AI/Lib/NetworkRuntime1201_CM7_GCC.a(layers_generic_float.o)
                0x08008c94                forward_concat
 .text.forward_reduce
                0x0800918c      0x128 ../Middlewares/ST/AI/Lib/NetworkRuntime1201_CM7_GCC.a(layers_generic_float.o)
                0x0800918c                forward_reduce
 .text.forward_mp
                0x080092b4      0x1cc ../Middlewares/ST/AI/Lib/NetworkRuntime1201_CM7_GCC.a(layers_pool_generic_float.o)
                0x080092b4                forward_mp
 .text.forward_ap
                0x08009480      0x238 ../Middlewares/ST/AI/Lib/NetworkRuntime1201_CM7_GCC.a(layers_pool_generic_float.o)
                0x08009480                forward_ap
 .text.forward_lite_conv2d_if32of32wf32
                0x080096b8      0x62c ../Middlewares/ST/AI/Lib/NetworkRuntime1201_CM7_GCC.a(forward_lite_conv2d_if32of32wf32.o)
                0x080096b8                forward_lite_conv2d_if32of32wf32
 .text.forward_lite_dense_if32of32wf32
                0x08009ce4      0x2b4 ../Middlewares/ST/AI/Lib/NetworkRuntime1201_CM7_GCC.a(lite_dense_if32.o)
                0x08009ce4                forward_lite_dense_if32of32wf32
 .text.forward_lite_nl_exp_if32of32
                0x08009f98       0x2c ../Middlewares/ST/AI/Lib/NetworkRuntime1201_CM7_GCC.a(lite_nl_generic_float.o)
                0x08009f98                forward_lite_nl_exp_if32of32
 .text.forward_lite_nl_log_if32of32
                0x08009fc4       0x2c ../Middlewares/ST/AI/Lib/NetworkRuntime1201_CM7_GCC.a(lite_nl_generic_float.o)
                0x08009fc4                forward_lite_nl_log_if32of32
 .text.forward_lite_nl_relu_if32of32
                0x08009ff0       0x38 ../Middlewares/ST/AI/Lib/NetworkRuntime1201_CM7_GCC.a(lite_nl_generic_float.o)
                0x08009ff0                forward_lite_nl_relu_if32of32
 .text.st_int8_copy
                0x0800a028      0x138 ../Middlewares/ST/AI/Lib/NetworkRuntime1201_CM7_GCC.a(st_int8_fill.o)
                0x0800a028                st_int8_copy
 .text.ai_sum   0x0800a160       0x14 ../Middlewares/ST/AI/Lib/NetworkRuntime1201_CM7_GCC.a(ai_math_helpers.o)
                0x0800a160                ai_sum
 .text.ai_array_get_byte_size
                0x0800a174       0x44 ../Middlewares/ST/AI/Lib/NetworkRuntime1201_CM7_GCC.a(ai_datatypes_format.o)
                0x0800a174                ai_array_get_byte_size
 .text.core_compute_offsets
                0x0800a1b8      0x124 ../Middlewares/ST/AI/Lib/NetworkRuntime1201_CM7_GCC.a(core_utils.o)
                0x0800a1b8                core_compute_offsets
 .text.sbrk_aligned
                0x0800a2dc       0x44 /Applications/STM32CubeIDE.app/Contents/Eclipse/plugins/com.st.stm32cube.ide.mcu.externaltools.gnu-tools-for-stm32.14.3.rel1.macosaarch64_1.0.0.202602081740/tools/bin/../lib/gcc/arm-none-eabi/14.3.1/../../../../arm-none-eabi/lib/thumb/v7e-m+fp/hard/libc_nano.a(libc_a-mallocr.o)
 .text._malloc_r
                0x0800a320      0x100 /Applications/STM32CubeIDE.app/Contents/Eclipse/plugins/com.st.stm32cube.ide.mcu.externaltools.gnu-tools-for-stm32.14.3.rel1.macosaarch64_1.0.0.202602081740/tools/bin/../lib/gcc/arm-none-eabi/14.3.1/../../../../arm-none-eabi/lib/thumb/v7e-m+fp/hard/libc_nano.a(libc_a-mallocr.o)
                0x0800a320                _malloc_r
 .text.snprintf
                0x0800a420       0x6c /Applications/STM32CubeIDE.app/Contents/Eclipse/plugins/com.st.stm32cube.ide.mcu.externaltools.gnu-tools-for-stm32.14.3.rel1.macosaarch64_1.0.0.202602081740/tools/bin/../lib/gcc/arm-none-eabi/14.3.1/../../../../arm-none-eabi/lib/thumb/v7e-m+fp/hard/libc_nano.a(libc_a-snprintf.o)
                0x0800a420                snprintf
                0x0800a420                sniprintf
 .text.__malloc_lock
                0x0800a48c        0xc /Applications/STM32CubeIDE.app/Contents/Eclipse/plugins/com.st.stm32cube.ide.mcu.externaltools.gnu-tools-for-stm32.14.3.rel1.macosaarch64_1.0.0.202602081740/tools/bin/../lib/gcc/arm-none-eabi/14.3.1/../../../../arm-none-eabi/lib/thumb/v7e-m+fp/hard/libc_nano.a(libc_a-mlock.o)
                0x0800a48c                __malloc_lock
 .text.__malloc_unlock
                0x0800a498        0xc /Applications/STM32CubeIDE.app/Contents/Eclipse/plugins/com.st.stm32cube.ide.mcu.externaltools.gnu-tools-for-stm32.14.3.rel1.macosaarch64_1.0.0.202602081740/tools/bin/../lib/gcc/arm-none-eabi/14.3.1/../../../../arm-none-eabi/lib/thumb/v7e-m+fp/hard/libc_nano.a(libc_a-mlock.o)
                0x0800a498                __malloc_unlock
 .text._realloc_r
                0x0800a4a4       0x5c /Applications/STM32CubeIDE.app/Contents/Eclipse/plugins/com.st.stm32cube.ide.mcu.externaltools.gnu-tools-for-stm32.14.3.rel1.macosaarch64_1.0.0.202602081740/tools/bin/../lib/gcc/arm-none-eabi/14.3.1/../../../../arm-none-eabi/lib/thumb/v7e-m+fp/hard/libc_nano.a(libc_a-reallocr.o)
                0x0800a4a4                _realloc_r
 .text.memmove  0x0800a500       0x32 /Applications/STM32CubeIDE.app/Contents/Eclipse/plugins/com.st.stm32cube.ide.mcu.externaltools.gnu-tools-for-stm32.14.3.rel1.macosaarch64_1.0.0.202602081740/tools/bin/../lib/gcc/arm-none-eabi/14.3.1/../../../../arm-none-eabi/lib/thumb/v7e-m+fp/hard/libc_nano.a(libc_a-memmove.o)
                0x0800a500                memmove
 .text.memset   0x0800a532       0x10 /Applications/STM32CubeIDE.app/Contents/Eclipse/plugins/com.st.stm32cube.ide.mcu.externaltools.gnu-tools-for-stm32.14.3.rel1.macosaarch64_1.0.0.202602081740/tools/bin/../lib/gcc/arm-none-eabi/14.3.1/../../../../arm-none-eabi/lib/thumb/v7e-m+fp/hard/libc_nano.a(libc_a-memset.o)
                0x0800a532                memset
 *fill*         0x0800a542        0x2 
 .text._sbrk_r  0x0800a544       0x20 /Applications/STM32CubeIDE.app/Contents/Eclipse/plugins/com.st.stm32cube.ide.mcu.externaltools.gnu-tools-for-stm32.14.3.rel1.macosaarch64_1.0.0.202602081740/tools/bin/../lib/gcc/arm-none-eabi/14.3.1/../../../../arm-none-eabi/lib/thumb/v7e-m+fp/hard/libc_nano.a(libc_a-sbrkr.o)
                0x0800a544                _sbrk_r
 .text.__errno  0x0800a564        0xc /Applications/STM32CubeIDE.app/Contents/Eclipse/plugins/com.st.stm32cube.ide.mcu.externaltools.gnu-tools-for-stm32.14.3.rel1.macosaarch64_1.0.0.202602081740/tools/bin/../lib/gcc/arm-none-eabi/14.3.1/../../../../arm-none-eabi/lib/thumb/v7e-m+fp/hard/libc_nano.a(libc_a-errno.o)
                0x0800a564                __errno
 .text.__libc_init_array
                0x0800a570       0x48 /Applications/STM32CubeIDE.app/Contents/Eclipse/plugins/com.st.stm32cube.ide.mcu.externaltools.gnu-tools-for-stm32.14.3.rel1.macosaarch64_1.0.0.202602081740/tools/bin/../lib/gcc/arm-none-eabi/14.3.1/../../../../arm-none-eabi/lib/thumb/v7e-m+fp/hard/libc_nano.a(libc_a-init.o)
                0x0800a570                __libc_init_array
 .text.__retarget_lock_acquire_recursive
                0x0800a5b8        0x2 /Applications/STM32CubeIDE.app/Contents/Eclipse/plugins/com.st.stm32cube.ide.mcu.externaltools.gnu-tools-for-stm32.14.3.rel1.macosaarch64_1.0.0.202602081740/tools/bin/../lib/gcc/arm-none-eabi/14.3.1/../../../../arm-none-eabi/lib/thumb/v7e-m+fp/hard/libc_nano.a(libc_a-lock.o)
                0x0800a5b8                __retarget_lock_acquire_recursive
 .text.__retarget_lock_release_recursive
                0x0800a5ba        0x2 /Applications/STM32CubeIDE.app/Contents/Eclipse/plugins/com.st.stm32cube.ide.mcu.externaltools.gnu-tools-for-stm32.14.3.rel1.macosaarch64_1.0.0.202602081740/tools/bin/../lib/gcc/arm-none-eabi/14.3.1/../../../../arm-none-eabi/lib/thumb/v7e-m+fp/hard/libc_nano.a(libc_a-lock.o)
                0x0800a5ba                __retarget_lock_release_recursive
 .text.memcpy   0x0800a5bc       0x1c /Applications/STM32CubeIDE.app/Contents/Eclipse/plugins/com.st.stm32cube.ide.mcu.externaltools.gnu-tools-for-stm32.14.3.rel1.macosaarch64_1.0.0.202602081740/tools/bin/../lib/gcc/arm-none-eabi/14.3.1/../../../../arm-none-eabi/lib/thumb/v7e-m+fp/hard/libc_nano.a(libc_a-memcpy-stub.o)
                0x0800a5bc                memcpy
 .text._free_r  0x0800a5d8       0x94 /Applications/STM32CubeIDE.app/Contents/Eclipse/plugins/com.st.stm32cube.ide.mcu.externaltools.gnu-tools-for-stm32.14.3.rel1.macosaarch64_1.0.0.202602081740/tools/bin/../lib/gcc/arm-none-eabi/14.3.1/../../../../arm-none-eabi/lib/thumb/v7e-m+fp/hard/libc_nano.a(libc_a-freer.o)
                0x0800a5d8                _free_r
 .text.__ssputs_r
                0x0800a66c       0xc0 /Applications/STM32CubeIDE.app/Contents/Eclipse/plugins/com.st.stm32cube.ide.mcu.externaltools.gnu-tools-for-stm32.14.3.rel1.macosaarch64_1.0.0.202602081740/tools/bin/../lib/gcc/arm-none-eabi/14.3.1/../../../../arm-none-eabi/lib/thumb/v7e-m+fp/hard/libc_nano.a(libc_a-nano-svfprintf.o)
                0x0800a66c                __ssputs_r
 .text._svfprintf_r
                0x0800a72c      0x1f0 /Applications/STM32CubeIDE.app/Contents/Eclipse/plugins/com.st.stm32cube.ide.mcu.externaltools.gnu-tools-for-stm32.14.3.rel1.macosaarch64_1.0.0.202602081740/tools/bin/../lib/gcc/arm-none-eabi/14.3.1/../../../../arm-none-eabi/lib/thumb/v7e-m+fp/hard/libc_nano.a(libc_a-nano-svfprintf.o)
                0x0800a72c                _svfprintf_r
                0x0800a72c                _svfiprintf_r
 .text._printf_common
                0x0800a91c       0xda /Applications/STM32CubeIDE.app/Contents/Eclipse/plugins/com.st.stm32cube.ide.mcu.externaltools.gnu-tools-for-stm32.14.3.rel1.macosaarch64_1.0.0.202602081740/tools/bin/../lib/gcc/arm-none-eabi/14.3.1/../../../../arm-none-eabi/lib/thumb/v7e-m+fp/hard/libc_nano.a(libc_a-nano-vfprintf_i.o)
                0x0800a91c                _printf_common
 *fill*         0x0800a9f6        0x2 
 .text._printf_i
                0x0800a9f8      0x24c /Applications/STM32CubeIDE.app/Contents/Eclipse/plugins/com.st.stm32cube.ide.mcu.externaltools.gnu-tools-for-stm32.14.3.rel1.macosaarch64_1.0.0.202602081740/tools/bin/../lib/gcc/arm-none-eabi/14.3.1/../../../../arm-none-eabi/lib/thumb/v7e-m+fp/hard/libc_nano.a(libc_a-nano-vfprintf_i.o)
                0x0800a9f8                _printf_i
 .text._malloc_usable_size_r
                0x0800ac44       0x10 /Applications/STM32CubeIDE.app/Contents/Eclipse/plugins/com.st.stm32cube.ide.mcu.externaltools.gnu-tools-for-stm32.14.3.rel1.macosaarch64_1.0.0.202602081740/tools/bin/../lib/gcc/arm-none-eabi/14.3.1/../../../../arm-none-eabi/lib/thumb/v7e-m+fp/hard/libc_nano.a(libc_a-msizer.o)
                0x0800ac44                _malloc_usable_size_r
 .text.atan2f   0x0800ac54        0x4 /Applications/STM32CubeIDE.app/Contents/Eclipse/plugins/com.st.stm32cube.ide.mcu.externaltools.gnu-tools-for-stm32.14.3.rel1.macosaarch64_1.0.0.202602081740/tools/bin/../lib/gcc/arm-none-eabi/14.3.1/../../../../arm-none-eabi/lib/thumb/v7e-m+fp/hard/libm.a(libm_a-wf_atan2.o)
                0x0800ac54                atan2f
 .text.expf     0x0800ac58       0x78 /Applications/STM32CubeIDE.app/Contents/Eclipse/plugins/com.st.stm32cube.ide.mcu.externaltools.gnu-tools-for-stm32.14.3.rel1.macosaarch64_1.0.0.202602081740/tools/bin/../lib/gcc/arm-none-eabi/14.3.1/../../../../arm-none-eabi/lib/thumb/v7e-m+fp/hard/libm.a(libm_a-wf_exp.o)
                0x0800ac58                expf
 .text.logf     0x0800acd0       0x60 /Applications/STM32CubeIDE.app/Contents/Eclipse/plugins/com.st.stm32cube.ide.mcu.externaltools.gnu-tools-for-stm32.14.3.rel1.macosaarch64_1.0.0.202602081740/tools/bin/../lib/gcc/arm-none-eabi/14.3.1/../../../../arm-none-eabi/lib/thumb/v7e-m+fp/hard/libm.a(libm_a-wf_log.o)
                0x0800acd0                logf
 .text.sqrtf    0x0800ad30       0x44 /Applications/STM32CubeIDE.app/Contents/Eclipse/plugins/com.st.stm32cube.ide.mcu.externaltools.gnu-tools-for-stm32.14.3.rel1.macosaarch64_1.0.0.202602081740/tools/bin/../lib/gcc/arm-none-eabi/14.3.1/../../../../arm-none-eabi/lib/thumb/v7e-m+fp/hard/libm.a(libm_a-wf_sqrt.o)
                0x0800ad30                sqrtf
 .text.finitef  0x0800ad74       0x14 /Applications/STM32CubeIDE.app/Contents/Eclipse/plugins/com.st.stm32cube.ide.mcu.externaltools.gnu-tools-for-stm32.14.3.rel1.macosaarch64_1.0.0.202602081740/tools/bin/../lib/gcc/arm-none-eabi/14.3.1/../../../../arm-none-eabi/lib/thumb/v7e-m+fp/hard/libm.a(libm_a-sf_finite.o)
                0x0800ad74                finitef
 .text.atanf    0x0800ad88      0x1a4 /Applications/STM32CubeIDE.app/Contents/Eclipse/plugins/com.st.stm32cube.ide.mcu.externaltools.gnu-tools-for-stm32.14.3.rel1.macosaarch64_1.0.0.202602081740/tools/bin/../lib/gcc/arm-none-eabi/14.3.1/../../../../arm-none-eabi/lib/thumb/v7e-m+fp/hard/libm.a(libm_a-sf_atan.o)
                0x0800ad88                atanf
 .text.fabsf    0x0800af2c       0x10 /Applications/STM32CubeIDE.app/Contents/Eclipse/plugins/com.st.stm32cube.ide.mcu.externaltools.gnu-tools-for-stm32.14.3.rel1.macosaarch64_1.0.0.202602081740/tools/bin/../lib/gcc/arm-none-eabi/14.3.1/../../../../arm-none-eabi/lib/thumb/v7e-m+fp/hard/libm.a(libm_a-sf_fabs.o)
                0x0800af2c                fabsf
 .text.nanf     0x0800af3c        0xc /Applications/STM32CubeIDE.app/Contents/Eclipse/plugins/com.st.stm32cube.ide.mcu.externaltools.gnu-tools-for-stm32.14.3.rel1.macosaarch64_1.0.0.202602081740/tools/bin/../lib/gcc/arm-none-eabi/14.3.1/../../../../arm-none-eabi/lib/thumb/v7e-m+fp/hard/libm.a(libm_a-sf_nan.o)
                0x0800af3c                nanf
 .text.__ieee754_atan2f
                0x0800af48      0x14c /Applications/STM32CubeIDE.app/Contents/Eclipse/plugins/com.st.stm32cube.ide.mcu.externaltools.gnu-tools-for-stm32.14.3.rel1.macosaarch64_1.0.0.202602081740/tools/bin/../lib/gcc/arm-none-eabi/14.3.1/../../../../arm-none-eabi/lib/thumb/v7e-m+fp/hard/libm.a(libm_a-ef_atan2.o)
                0x0800af48                __ieee754_atan2f
 .text.__ieee754_expf
                0x0800b094      0x1e8 /Applications/STM32CubeIDE.app/Contents/Eclipse/plugins/com.st.stm32cube.ide.mcu.externaltools.gnu-tools-for-stm32.14.3.rel1.macosaarch64_1.0.0.202602081740/tools/bin/../lib/gcc/arm-none-eabi/14.3.1/../../../../arm-none-eabi/lib/thumb/v7e-m+fp/hard/libm.a(libm_a-ef_exp.o)
                0x0800b094                __ieee754_expf
 .text.__ieee754_sqrtf
                0x0800b27c        0x8 /Applications/STM32CubeIDE.app/Contents/Eclipse/plugins/com.st.stm32cube.ide.mcu.externaltools.gnu-tools-for-stm32.14.3.rel1.macosaarch64_1.0.0.202602081740/tools/bin/../lib/gcc/arm-none-eabi/14.3.1/../../../../arm-none-eabi/lib/thumb/v7e-m+fp/hard/libm.a(libm_a-ef_sqrt.o)
                0x0800b27c                __ieee754_sqrtf
 .text.__ieee754_logf
                0x0800b284      0x1f4 /Applications/STM32CubeIDE.app/Contents/Eclipse/plugins/com.st.stm32cube.ide.mcu.externaltools.gnu-tools-for-stm32.14.3.rel1.macosaarch64_1.0.0.202602081740/tools/bin/../lib/gcc/arm-none-eabi/14.3.1/../../../../arm-none-eabi/lib/thumb/v7e-m+fp/hard/libm.a(libm_a-ef_log.o)
                0x0800b284                __ieee754_logf
 .text.with_errnof
                0x0800b478       0x1c /Applications/STM32CubeIDE.app/Contents/Eclipse/plugins/com.st.stm32cube.ide.mcu.externaltools.gnu-tools-for-stm32.14.3.rel1.macosaarch64_1.0.0.202602081740/tools/bin/../lib/gcc/arm-none-eabi/14.3.1/../../../../arm-none-eabi/lib/thumb/v7e-m+fp/hard/libm.a(libm_a-math_errf.o)
 .text.xflowf   0x0800b494       0x20 /Applications/STM32CubeIDE.app/Contents/Eclipse/plugins/com.st.stm32cube.ide.mcu.externaltools.gnu-tools-for-stm32.14.3.rel1.macosaarch64_1.0.0.202602081740/tools/bin/../lib/gcc/arm-none-eabi/14.3.1/../../../../arm-none-eabi/lib/thumb/v7e-m+fp/hard/libm.a(libm_a-math_errf.o)
 .text.__math_uflowf
                0x0800b4b4        0xc /Applications/STM32CubeIDE.app/Contents/Eclipse/plugins/com.st.stm32cube.ide.mcu.externaltools.gnu-tools-for-stm32.14.3.rel1.macosaarch64_1.0.0.202602081740/tools/bin/../lib/gcc/arm-none-eabi/14.3.1/../../../../arm-none-eabi/lib/thumb/v7e-m+fp/hard/libm.a(libm_a-math_errf.o)
                0x0800b4b4                __math_uflowf
 .text.__math_oflowf
                0x0800b4c0        0xc /Applications/STM32CubeIDE.app/Contents/Eclipse/plugins/com.st.stm32cube.ide.mcu.externaltools.gnu-tools-for-stm32.14.3.rel1.macosaarch64_1.0.0.202602081740/tools/bin/../lib/gcc/arm-none-eabi/14.3.1/../../../../arm-none-eabi/lib/thumb/v7e-m+fp/hard/libm.a(libm_a-math_errf.o)
                0x0800b4c0                __math_oflowf
 *(.glue_7)
 .glue_7        0x0800b4cc        0x0 linker stubs
 *(.glue_7t)
 .glue_7t       0x0800b4cc        0x0 linker stubs
 *(.eh_frame)
 .eh_frame      0x0800b4cc        0x0 /Applications/STM32CubeIDE.app/Contents/Eclipse/plugins/com.st.stm32cube.ide.mcu.externaltools.gnu-tools-for-stm32.14.3.rel1.macosaarch64_1.0.0.202602081740/tools/bin/../lib/gcc/arm-none-eabi/14.3.1/thumb/v7e-m+fp/hard/crtbegin.o
 *(.init)
 .init          0x0800b4cc        0x4 /Applications/STM32CubeIDE.app/Contents/Eclipse/plugins/com.st.stm32cube.ide.mcu.externaltools.gnu-tools-for-stm32.14.3.rel1.macosaarch64_1.0.0.202602081740/tools/bin/../lib/gcc/arm-none-eabi/14.3.1/thumb/v7e-m+fp/hard/crti.o
                0x0800b4cc                _init
 .init          0x0800b4d0        0x8 /Applications/STM32CubeIDE.app/Contents/Eclipse/plugins/com.st.stm32cube.ide.mcu.externaltools.gnu-tools-for-stm32.14.3.rel1.macosaarch64_1.0.0.202602081740/tools/bin/../lib/gcc/arm-none-eabi/14.3.1/thumb/v7e-m+fp/hard/crtn.o
 *(.fini)
 .fini          0x0800b4d8        0x4 /Applications/STM32CubeIDE.app/Contents/Eclipse/plugins/com.st.stm32cube.ide.mcu.externaltools.gnu-tools-for-stm32.14.3.rel1.macosaarch64_1.0.0.202602081740/tools/bin/../lib/gcc/arm-none-eabi/14.3.1/thumb/v7e-m+fp/hard/crti.o
                0x0800b4d8                _fini
 .fini          0x0800b4dc        0x8 /Applications/STM32CubeIDE.app/Contents/Eclipse/plugins/com.st.stm32cube.ide.mcu.externaltools.gnu-tools-for-stm32.14.3.rel1.macosaarch64_1.0.0.202602081740/tools/bin/../lib/gcc/arm-none-eabi/14.3.1/thumb/v7e-m+fp/hard/crtn.o
                0x0800b4e4                        . = ALIGN (0x4)
                0x0800b4e4                        _etext = .

.vfp11_veneer   0x0800b4e4        0x0
 .vfp11_veneer  0x0800b4e4        0x0 linker stubs

.v4_bx          0x0800b4e4        0x0
 .v4_bx         0x0800b4e4        0x0 linker stubs

.iplt           0x0800b4e4        0x0
 .iplt          0x0800b4e4        0x0 /Applications/STM32CubeIDE.app/Contents/Eclipse/plugins/com.st.stm32cube.ide.mcu.externaltools.gnu-tools-for-stm32.14.3.rel1.macosaarch64_1.0.0.202602081740/tools/bin/../lib/gcc/arm-none-eabi/14.3.1/thumb/v7e-m+fp/hard/crtbegin.o

.rodata         0x0800b4e8    0x458c0
                0x0800b4e8                        . = ALIGN (0x4)
 *(.rodata)
 .rodata        0x0800b4e8      0x260 ./Core/Src/main.o
 *(.rodata*)
 .rodata._base_model_features_features_3_MaxPool_output_0_chain
                0x0800b748        0x8 ./AI/App/network.o
 .rodata._base_model_features_features_7_MaxPool_output_0_chain
                0x0800b750        0x8 ./AI/App/network.o
 .rodata._base_model_pool_GlobalAveragePool_output_0_chain
                0x0800b758        0x8 ./AI/App/network.o
 .rodata._Slice_1_output_0_axes_data
                0x0800b760        0x1 ./AI/App/network.o
 *fill*         0x0800b761        0x3 
 .rodata._Slice_1_output_0_axes
                0x0800b764       0x10 ./AI/App/network.o
 .rodata._Slice_1_output_0_starts_data
                0x0800b774        0x2 ./AI/App/network.o
 *fill*         0x0800b776        0x2 
 .rodata._Slice_1_output_0_starts
                0x0800b778       0x10 ./AI/App/network.o
 .rodata._Slice_1_output_0_ends_data
                0x0800b788        0x2 ./AI/App/network.o
 *fill*         0x0800b78a        0x2 
 .rodata._Slice_1_output_0_ends
                0x0800b78c       0x10 ./AI/App/network.o
 .rodata._Slice_1_output_0_chain
                0x0800b79c        0x8 ./AI/App/network.o
 .rodata._Slice_output_0_axes_data
                0x0800b7a4        0x1 ./AI/App/network.o
 *fill*         0x0800b7a5        0x3 
 .rodata._Slice_output_0_axes
                0x0800b7a8       0x10 ./AI/App/network.o
 .rodata._Slice_output_0_starts_data
                0x0800b7b8        0x2 ./AI/App/network.o
 *fill*         0x0800b7ba        0x2 
 .rodata._Slice_output_0_starts
                0x0800b7bc       0x10 ./AI/App/network.o
 .rodata._Slice_output_0_ends_data
                0x0800b7cc        0x2 ./AI/App/network.o
 *fill*         0x0800b7ce        0x2 
 .rodata._Slice_output_0_ends
                0x0800b7d0       0x10 ./AI/App/network.o
 .rodata._Slice_output_0_chain
                0x0800b7e0        0x8 ./AI/App/network.o
 .rodata._ReduceLogSumExp_output_0_reduce_neutral_value_data
                0x0800b7e8        0x4 ./AI/App/network.o
 .rodata._ReduceLogSumExp_output_0_reduce_neutral_value
                0x0800b7ec       0x10 ./AI/App/network.o
 .rodata._ReduceLogSumExp_output_0_reduce_chain
                0x0800b7fc        0x8 ./AI/App/network.o
 .rodata.binary_logits_chain
                0x0800b804        0x8 ./AI/App/network.o
 *fill*         0x0800b80c        0x4 
 .rodata._network_context.0
                0x0800b810       0x30 ./AI/App/network.o
 .rodata.g_network_weights_array
                0x0800b840    0x45490 ./AI/App/network_data.o
                0x0800b840                g_network_weights_array
 .rodata.feature_mean
                0x08050cd0       0x1c ./Core/Src/radar_live.o
 .rodata.feature_std
                0x08050cec       0x1c ./Core/Src/radar_live.o
 .rodata.AHBPrescTable
                0x08050d08       0x10 ./Core/Src/system_stm32f7xx.o
                0x08050d08                AHBPrescTable
 .rodata.APBPrescTable
                0x08050d18        0x8 ./Core/Src/system_stm32f7xx.o
                0x08050d18                APBPrescTable
 .rodata._svfprintf_r.str1.1
                0x08050d20       0x33 /Applications/STM32CubeIDE.app/Contents/Eclipse/plugins/com.st.stm32cube.ide.mcu.externaltools.gnu-tools-for-stm32.14.3.rel1.macosaarch64_1.0.0.202602081740/tools/bin/../lib/gcc/arm-none-eabi/14.3.1/../../../../arm-none-eabi/lib/thumb/v7e-m+fp/hard/libc_nano.a(libc_a-nano-svfprintf.o)
                                 0x11 (size before relaxing)
 .rodata._printf_i.str1.1
                0x08050d53       0x22 /Applications/STM32CubeIDE.app/Contents/Eclipse/plugins/com.st.stm32cube.ide.mcu.externaltools.gnu-tools-for-stm32.14.3.rel1.macosaarch64_1.0.0.202602081740/tools/bin/../lib/gcc/arm-none-eabi/14.3.1/../../../../arm-none-eabi/lib/thumb/v7e-m+fp/hard/libc_nano.a(libc_a-nano-vfprintf_i.o)
 *fill*         0x08050d53        0x1 
 .rodata.logf.str1.4
                0x08050d54        0x1 /Applications/STM32CubeIDE.app/Contents/Eclipse/plugins/com.st.stm32cube.ide.mcu.externaltools.gnu-tools-for-stm32.14.3.rel1.macosaarch64_1.0.0.202602081740/tools/bin/../lib/gcc/arm-none-eabi/14.3.1/../../../../arm-none-eabi/lib/thumb/v7e-m+fp/hard/libm.a(libm_a-wf_log.o)
 *fill*         0x08050d55        0x3 
 .rodata.atanlo
                0x08050d58       0x10 /Applications/STM32CubeIDE.app/Contents/Eclipse/plugins/com.st.stm32cube.ide.mcu.externaltools.gnu-tools-for-stm32.14.3.rel1.macosaarch64_1.0.0.202602081740/tools/bin/../lib/gcc/arm-none-eabi/14.3.1/../../../../arm-none-eabi/lib/thumb/v7e-m+fp/hard/libm.a(libm_a-sf_atan.o)
 .rodata.atanhi
                0x08050d68       0x10 /Applications/STM32CubeIDE.app/Contents/Eclipse/plugins/com.st.stm32cube.ide.mcu.externaltools.gnu-tools-for-stm32.14.3.rel1.macosaarch64_1.0.0.202602081740/tools/bin/../lib/gcc/arm-none-eabi/14.3.1/../../../../arm-none-eabi/lib/thumb/v7e-m+fp/hard/libm.a(libm_a-sf_atan.o)
 .rodata.CSWTCH.9
                0x08050d78        0xc /Applications/STM32CubeIDE.app/Contents/Eclipse/plugins/com.st.stm32cube.ide.mcu.externaltools.gnu-tools-for-stm32.14.3.rel1.macosaarch64_1.0.0.202602081740/tools/bin/../lib/gcc/arm-none-eabi/14.3.1/../../../../arm-none-eabi/lib/thumb/v7e-m+fp/hard/libm.a(libm_a-ef_atan2.o)
 .rodata.CSWTCH.8
                0x08050d84        0xc /Applications/STM32CubeIDE.app/Contents/Eclipse/plugins/com.st.stm32cube.ide.mcu.externaltools.gnu-tools-for-stm32.14.3.rel1.macosaarch64_1.0.0.202602081740/tools/bin/../lib/gcc/arm-none-eabi/14.3.1/../../../../arm-none-eabi/lib/thumb/v7e-m+fp/hard/libm.a(libm_a-ef_atan2.o)
 .rodata.ln2LO  0x08050d90        0x8 /Applications/STM32CubeIDE.app/Contents/Eclipse/plugins/com.st.stm32cube.ide.mcu.externaltools.gnu-tools-for-stm32.14.3.rel1.macosaarch64_1.0.0.202602081740/tools/bin/../lib/gcc/arm-none-eabi/14.3.1/../../../../arm-none-eabi/lib/thumb/v7e-m+fp/hard/libm.a(libm_a-ef_exp.o)
 .rodata.ln2HI  0x08050d98        0x8 /Applications/STM32CubeIDE.app/Contents/Eclipse/plugins/com.st.stm32cube.ide.mcu.externaltools.gnu-tools-for-stm32.14.3.rel1.macosaarch64_1.0.0.202602081740/tools/bin/../lib/gcc/arm-none-eabi/14.3.1/../../../../arm-none-eabi/lib/thumb/v7e-m+fp/hard/libm.a(libm_a-ef_exp.o)
 .rodata.halF   0x08050da0        0x8 /Applications/STM32CubeIDE.app/Contents/Eclipse/plugins/com.st.stm32cube.ide.mcu.externaltools.gnu-tools-for-stm32.14.3.rel1.macosaarch64_1.0.0.202602081740/tools/bin/../lib/gcc/arm-none-eabi/14.3.1/../../../../arm-none-eabi/lib/thumb/v7e-m+fp/hard/libm.a(libm_a-ef_exp.o)
                0x08050da8                        . = ALIGN (0x4)

.ARM.extab      0x08050da8        0x0
                0x08050da8                        . = ALIGN (0x4)
 *(.ARM.extab* .gnu.linkonce.armextab.*)
                0x08050da8                        . = ALIGN (0x4)

.ARM            0x08050da8        0x8
                0x08050da8                        . = ALIGN (0x4)
                0x08050da8                        __exidx_start = .
 *(.ARM.exidx*)
 .ARM.exidx     0x08050da8        0x8 /Applications/STM32CubeIDE.app/Contents/Eclipse/plugins/com.st.stm32cube.ide.mcu.externaltools.gnu-tools-for-stm32.14.3.rel1.macosaarch64_1.0.0.202602081740/tools/bin/../lib/gcc/arm-none-eabi/14.3.1/../../../../arm-none-eabi/lib/thumb/v7e-m+fp/hard/libc_nano.a(libc_a-memchr.o)
 .ARM.exidx     0x08050db0        0x0 /Applications/STM32CubeIDE.app/Contents/Eclipse/plugins/com.st.stm32cube.ide.mcu.externaltools.gnu-tools-for-stm32.14.3.rel1.macosaarch64_1.0.0.202602081740/tools/bin/../lib/gcc/arm-none-eabi/14.3.1/thumb/v7e-m+fp/hard/libgcc.a(_udivmoddi4.o)
                                  0x8 (size before relaxing)
                0x08050db0                        __exidx_end = .
                0x08050db0                        . = ALIGN (0x4)

.preinit_array  0x08050db0        0x0
                0x08050db0                        . = ALIGN (0x4)
                0x08050db0                        PROVIDE (__preinit_array_start = .)
 *(.preinit_array*)
                0x08050db0                        PROVIDE (__preinit_array_end = .)
                0x08050db0                        . = ALIGN (0x4)

.init_array     0x08050db0        0x4
                0x08050db0                        . = ALIGN (0x4)
                0x08050db0                        PROVIDE (__init_array_start = .)
 *(SORT_BY_NAME(.init_array.*))
 *(.init_array*)
 .init_array    0x08050db0        0x4 /Applications/STM32CubeIDE.app/Contents/Eclipse/plugins/com.st.stm32cube.ide.mcu.externaltools.gnu-tools-for-stm32.14.3.rel1.macosaarch64_1.0.0.202602081740/tools/bin/../lib/gcc/arm-none-eabi/14.3.1/thumb/v7e-m+fp/hard/crtbegin.o
                0x08050db4                        PROVIDE (__init_array_end = .)
                0x08050db4                        . = ALIGN (0x4)

.fini_array     0x08050db4        0x4
                0x08050db4                        . = ALIGN (0x4)
                [!provide]                        PROVIDE (__fini_array_start = .)
 *(SORT_BY_NAME(.fini_array.*))
 *(.fini_array*)
 .fini_array    0x08050db4        0x4 /Applications/STM32CubeIDE.app/Contents/Eclipse/plugins/com.st.stm32cube.ide.mcu.externaltools.gnu-tools-for-stm32.14.3.rel1.macosaarch64_1.0.0.202602081740/tools/bin/../lib/gcc/arm-none-eabi/14.3.1/thumb/v7e-m+fp/hard/crtbegin.o
                [!provide]                        PROVIDE (__fini_array_end = .)
                0x08050db8                        . = ALIGN (0x4)
                0x08050db8                        _sidata = LOADADDR (.data)

.rel.dyn        0x08050db8        0x0
 .rel.iplt      0x08050db8        0x0 /Applications/STM32CubeIDE.app/Contents/Eclipse/plugins/com.st.stm32cube.ide.mcu.externaltools.gnu-tools-for-stm32.14.3.rel1.macosaarch64_1.0.0.202602081740/tools/bin/../lib/gcc/arm-none-eabi/14.3.1/thumb/v7e-m+fp/hard/crtbegin.o

.data           0x20000000      0x808 load address 0x08050db8
                0x20000000                        . = ALIGN (0x4)
                0x20000000                        _sdata = .
 *(.data)
 *(.data*)
 .data._base_model_features_features_2_Relu_output_0_output_array
                0x20000000       0x10 ./AI/App/network.o
 .data._base_model_features_features_3_MaxPool_output_0_output_array
                0x20000010       0x10 ./AI/App/network.o
 .data._base_model_features_features_6_Relu_output_0_output_array
                0x20000020       0x10 ./AI/App/network.o
 .data._base_model_features_features_7_MaxPool_output_0_output_array
                0x20000030       0x10 ./AI/App/network.o
 .data._base_model_features_features_13_Relu_output_0_output_array
                0x20000040       0x10 ./AI/App/network.o
 .data._base_model_pool_GlobalAveragePool_output_0_output_array
                0x20000050       0x10 ./AI/App/network.o
 .data._base_model_classifier_classifier_3_Gemm_output_0_output_array
                0x20000060       0x10 ./AI/App/network.o
 .data._Slice_1_output_0_output_array
                0x20000070       0x10 ./AI/App/network.o
 .data._Slice_output_0_output_array
                0x20000080       0x10 ./AI/App/network.o
 .data._ReduceLogSumExp_output_0_exp_output_array
                0x20000090       0x10 ./AI/App/network.o
 .data._ReduceLogSumExp_output_0_reduce_output_array
                0x200000a0       0x10 ./AI/App/network.o
 .data._ReduceLogSumExp_output_0_output_array
                0x200000b0       0x10 ./AI/App/network.o
 .data.binary_logits_output_array
                0x200000c0       0x10 ./AI/App/network.o
 .data.__compound_literal.63
                0x200000d0       0x10 ./AI/App/network.o
 .data.__compound_literal.64
                0x200000e0       0x10 ./AI/App/network.o
 .data._base_model_features_features_2_Relu_output_0_output
                0x200000f0       0x1c ./AI/App/network.o
 .data.__compound_literal.65
                0x2000010c       0x10 ./AI/App/network.o
 .data.__compound_literal.66
                0x2000011c       0x10 ./AI/App/network.o
 .data._base_model_features_features_3_MaxPool_output_0_output
                0x2000012c       0x1c ./AI/App/network.o
 .data.__compound_literal.67
                0x20000148       0x10 ./AI/App/network.o
 .data.__compound_literal.68
                0x20000158       0x10 ./AI/App/network.o
 .data._base_model_features_features_6_Relu_output_0_output
                0x20000168       0x1c ./AI/App/network.o
 .data.__compound_literal.69
                0x20000184       0x10 ./AI/App/network.o
 .data.__compound_literal.70
                0x20000194       0x10 ./AI/App/network.o
 .data._base_model_features_features_7_MaxPool_output_0_output
                0x200001a4       0x1c ./AI/App/network.o
 .data.__compound_literal.71
                0x200001c0       0x10 ./AI/App/network.o
 .data.__compound_literal.72
                0x200001d0       0x10 ./AI/App/network.o
 .data._base_model_features_features_13_Relu_output_0_output
                0x200001e0       0x1c ./AI/App/network.o
 .data.__compound_literal.73
                0x200001fc       0x10 ./AI/App/network.o
 .data.__compound_literal.74
                0x2000020c       0x10 ./AI/App/network.o
 .data._base_model_pool_GlobalAveragePool_output_0_output
                0x2000021c       0x1c ./AI/App/network.o
 .data.__compound_literal.75
                0x20000238       0x10 ./AI/App/network.o
 .data.__compound_literal.76
                0x20000248       0x10 ./AI/App/network.o
 .data._Slice_1_output_0_output
                0x20000258       0x1c ./AI/App/network.o
 .data.__compound_literal.77
                0x20000274       0x10 ./AI/App/network.o
 .data.__compound_literal.78
                0x20000284       0x10 ./AI/App/network.o
 .data._base_model_classifier_classifier_3_Gemm_output_0_output
                0x20000294       0x1c ./AI/App/network.o
 .data.__compound_literal.79
                0x200002b0       0x10 ./AI/App/network.o
 .data.__compound_literal.80
                0x200002c0       0x10 ./AI/App/network.o
 .data._Slice_output_0_output
                0x200002d0       0x1c ./AI/App/network.o
 .data.__compound_literal.81
                0x200002ec       0x10 ./AI/App/network.o
 .data.__compound_literal.82
                0x200002fc       0x10 ./AI/App/network.o
 .data._ReduceLogSumExp_output_0_exp_output
                0x2000030c       0x1c ./AI/App/network.o
 .data.__compound_literal.83
                0x20000328       0x10 ./AI/App/network.o
 .data.__compound_literal.84
                0x20000338       0x10 ./AI/App/network.o
 .data._ReduceLogSumExp_output_0_reduce_output
                0x20000348       0x1c ./AI/App/network.o
 .data.__compound_literal.85
                0x20000364       0x10 ./AI/App/network.o
 .data.__compound_literal.86
                0x20000374       0x10 ./AI/App/network.o
 .data._ReduceLogSumExp_output_0_output
                0x20000384       0x1c ./AI/App/network.o
 .data.__compound_literal.87
                0x200003a0       0x10 ./AI/App/network.o
 .data.__compound_literal.88
                0x200003b0       0x10 ./AI/App/network.o
 .data.binary_logits_output
                0x200003c0       0x1c ./AI/App/network.o
 .data.__compound_literal.89
                0x200003dc        0x4 ./AI/App/network.o
 .data.__compound_literal.90
                0x200003e0        0x4 ./AI/App/network.o
 .data.__compound_literal.93
                0x200003e4       0x30 ./AI/App/network.o
 .data._base_model_features_features_3_MaxPool_output_0_layer
                0x20000414       0x38 ./AI/App/network.o
 .data.__compound_literal.95
                0x2000044c        0x4 ./AI/App/network.o
 .data.__compound_literal.96
                0x20000450        0x4 ./AI/App/network.o
 .data.__compound_literal.99
                0x20000454       0x30 ./AI/App/network.o
 .data._base_model_features_features_7_MaxPool_output_0_layer
                0x20000484       0x38 ./AI/App/network.o
 .data.__compound_literal.101
                0x200004bc        0x4 ./AI/App/network.o
 .data.__compound_literal.102
                0x200004c0        0x4 ./AI/App/network.o
 .data.__compound_literal.105
                0x200004c4       0x30 ./AI/App/network.o
 .data._base_model_pool_GlobalAveragePool_output_0_layer
                0x200004f4       0x38 ./AI/App/network.o
 .data.__compound_literal.107
                0x2000052c        0x4 ./AI/App/network.o
 .data.__compound_literal.108
                0x20000530        0x4 ./AI/App/network.o
 .data.__compound_literal.111
                0x20000534       0x30 ./AI/App/network.o
 .data._Slice_1_output_0_layer
                0x20000564       0x28 ./AI/App/network.o
 .data.__compound_literal.112
                0x2000058c        0x4 ./AI/App/network.o
 .data.__compound_literal.113
                0x20000590        0x4 ./AI/App/network.o
 .data.__compound_literal.116
                0x20000594       0x30 ./AI/App/network.o
 .data._Slice_output_0_layer
                0x200005c4       0x28 ./AI/App/network.o
 .data.__compound_literal.117
                0x200005ec        0x4 ./AI/App/network.o
 .data.__compound_literal.118
                0x200005f0        0x4 ./AI/App/network.o
 .data.__compound_literal.121
                0x200005f4       0x30 ./AI/App/network.o
 .data._ReduceLogSumExp_output_0_reduce_layer
                0x20000624       0x24 ./AI/App/network.o
 .data.__compound_literal.122
                0x20000648        0x8 ./AI/App/network.o
 .data.__compound_literal.123
                0x20000650        0x4 ./AI/App/network.o
 .data.__compound_literal.126
                0x20000654       0x30 ./AI/App/network.o
 .data.binary_logits_layer
                0x20000684       0x20 ./AI/App/network.o
 .data.ai_activation_ptrs
                0x200006a4        0x4 ./Core/Src/ai_model.o
 .data.bridge_ready_message
                0x200006a8      0x101 ./Core/Src/main.o
 .data.last_reported_result
                0x200007a9        0x1 ./Core/Src/main.o
 *fill*         0x200007aa        0x2 
 .data.SystemCoreClock
                0x200007ac        0x4 ./Core/Src/system_stm32f7xx.o
                0x200007ac                SystemCoreClock
 .data.uwTickPrio
                0x200007b0        0x4 ./Drivers/STM32F7xx_HAL_Driver/Src/stm32f7xx_hal.o
                0x200007b0                uwTickPrio
 .data.uwTickFreq
                0x200007b4        0x1 ./Drivers/STM32F7xx_HAL_Driver/Src/stm32f7xx_hal.o
                0x200007b4                uwTickFreq
 *fill*         0x200007b5        0x3 
 .data._impure_ptr
                0x200007b8        0x4 /Applications/STM32CubeIDE.app/Contents/Eclipse/plugins/com.st.stm32cube.ide.mcu.externaltools.gnu-tools-for-stm32.14.3.rel1.macosaarch64_1.0.0.202602081740/tools/bin/../lib/gcc/arm-none-eabi/14.3.1/../../../../arm-none-eabi/lib/thumb/v7e-m+fp/hard/libc_nano.a(libc_a-impure.o)
                0x200007b8                _impure_ptr
 .data._impure_data
                0x200007bc       0x4c /Applications/STM32CubeIDE.app/Contents/Eclipse/plugins/com.st.stm32cube.ide.mcu.externaltools.gnu-tools-for-stm32.14.3.rel1.macosaarch64_1.0.0.202602081740/tools/bin/../lib/gcc/arm-none-eabi/14.3.1/../../../../arm-none-eabi/lib/thumb/v7e-m+fp/hard/libc_nano.a(libc_a-impure.o)
                0x200007bc                _impure_data
 *(.RamFunc)
 *(.RamFunc*)
                0x20000808                        . = ALIGN (0x4)
                0x20000808                        _edata = .

.igot.plt       0x20000808        0x0 load address 0x080515c0
 .igot.plt      0x20000808        0x0 /Applications/STM32CubeIDE.app/Contents/Eclipse/plugins/com.st.stm32cube.ide.mcu.externaltools.gnu-tools-for-stm32.14.3.rel1.macosaarch64_1.0.0.202602081740/tools/bin/../lib/gcc/arm-none-eabi/14.3.1/thumb/v7e-m+fp/hard/crtbegin.o

.RxDecripSection
                0x20000808       0xa0 load address 0x080515c0
 .RxDecripSection
                0x20000808       0xa0 ./Core/Src/main.o
                0x20000808                DMARxDscrTab

.TxDecripSection
                0x200008a8       0xa0 load address 0x08051660
 .TxDecripSection
                0x200008a8       0xa0 ./Core/Src/main.o
                0x200008a8                DMATxDscrTab
                0x20000948                        . = ALIGN (0x4)

.bss            0x20000960     0x569c load address 0x08051700
                0x20000960                        _sbss = .
                0x20000960                        __bss_start__ = _sbss
 *(.bss)
 .bss           0x20000960       0x1c /Applications/STM32CubeIDE.app/Contents/Eclipse/plugins/com.st.stm32cube.ide.mcu.externaltools.gnu-tools-for-stm32.14.3.rel1.macosaarch64_1.0.0.202602081740/tools/bin/../lib/gcc/arm-none-eabi/14.3.1/thumb/v7e-m+fp/hard/crtbegin.o
 *(.bss*)
 .bss.__compound_literal.91
                0x2000097c        0x4 ./AI/App/network.o
 .bss.__compound_literal.92
                0x20000980        0x4 ./AI/App/network.o
 .bss.__compound_literal.94
                0x20000984       0x10 ./AI/App/network.o
 .bss.__compound_literal.97
                0x20000994        0x4 ./AI/App/network.o
 .bss.__compound_literal.98
                0x20000998        0x4 ./AI/App/network.o
 .bss.__compound_literal.100
                0x2000099c       0x10 ./AI/App/network.o
 .bss.__compound_literal.103
                0x200009ac        0x4 ./AI/App/network.o
 .bss.__compound_literal.104
                0x200009b0        0x4 ./AI/App/network.o
 .bss.__compound_literal.106
                0x200009b4       0x10 ./AI/App/network.o
 .bss.__compound_literal.109
                0x200009c4        0x4 ./AI/App/network.o
 .bss.__compound_literal.110
                0x200009c8        0x4 ./AI/App/network.o
 .bss.__compound_literal.114
                0x200009cc        0x4 ./AI/App/network.o
 .bss.__compound_literal.115
                0x200009d0        0x4 ./AI/App/network.o
 .bss.__compound_literal.119
                0x200009d4        0x4 ./AI/App/network.o
 .bss.__compound_literal.120
                0x200009d8        0x4 ./AI/App/network.o
 .bss.__compound_literal.124
                0x200009dc        0x4 ./AI/App/network.o
 .bss.__compound_literal.125
                0x200009e0        0x4 ./AI/App/network.o
 *fill*         0x200009e4        0x4 
 .bss.ai_network_context
                0x200009e8       0x30 ./Core/Src/ai_model.o
                0x200009e8                ai_network_context
 *fill*         0x20000a18        0x8 
 .bss.ai_activations
                0x20000a20     0x2e00 ./Core/Src/ai_model.o
 .bss.ai_input_ptrs
                0x20003820        0x4 ./Core/Src/ai_model.o
 .bss.ai_output_ptrs
                0x20003824        0x4 ./Core/Src/ai_model.o
 .bss.ai_initialized
                0x20003828        0x1 ./Core/Src/ai_model.o
 *fill*         0x20003829        0x3 
 .bss.test_input.0
                0x2000382c      0x690 ./Core/Src/ai_model.o
 .bss.TxConfig  0x20003ebc       0x38 ./Core/Src/main.o
                0x20003ebc                TxConfig
 .bss.heth      0x20003ef4       0xb0 ./Core/Src/main.o
                0x20003ef4                heth
 .bss.hi2c1     0x20003fa4       0x54 ./Core/Src/main.o
                0x20003fa4                hi2c1
 .bss.huart3    0x20003ff8       0x88 ./Core/Src/main.o
                0x20003ff8                huart3
 .bss.huart6    0x20004080       0x88 ./Core/Src/main.o
                0x20004080                huart6
 .bss.hpcd_USB_OTG_FS
                0x20004108      0x4e0 ./Core/Src/main.o
                0x20004108                hpcd_USB_OTG_FS
 .bss.radar_rx_byte
                0x200045e8        0x1 ./Core/Src/main.o
 *fill*         0x200045e9        0x3 
 .bss.radar_rx_ring
                0x200045ec      0x800 ./Core/Src/main.o
 .bss.radar_rx_head
                0x20004dec        0x2 ./Core/Src/main.o
 .bss.radar_rx_tail
                0x20004dee        0x2 ./Core/Src/main.o
 .bss.radar_rx_dropped
                0x20004df0        0x4 ./Core/Src/main.o
 .bss.ai_status_message
                0x20004df4      0x140 ./Core/Src/main.o
 .bss.ai_self_test_output
                0x20004f34        0x8 ./Core/Src/main.o
 .bss.ai_live_output
                0x20004f3c        0x8 ./Core/Src/main.o
 .bss.ai_ready  0x20004f44        0x1 ./Core/Src/main.o
 *fill*         0x20004f45        0x3 
 .bss.radar_diagnostics
                0x20004f48       0x7c ./Core/Src/main.o
 .bss.last_result_report_ms
                0x20004fc4        0x4 ./Core/Src/main.o
 .bss.fall_state
                0x20004fc8        0x1 ./Core/Src/main.o
 .bss.fall_positive_streak
                0x20004fc9        0x1 ./Core/Src/main.o
 .bss.fall_clear_streak
                0x20004fca        0x1 ./Core/Src/main.o
 *fill*         0x20004fcb        0x1 
 .bss.fall_candidate_started_ms
                0x20004fcc        0x4 ./Core/Src/main.o
 .bss.fall_confirmed_ms
                0x20004fd0        0x4 ./Core/Src/main.o
 .bss.MACAddr.0
                0x20004fd4        0x6 ./Core/Src/main.o
 *fill*         0x20004fda        0x2 
 .bss.frame_buffer
                0x20004fdc      0x409 ./Core/Src/radar_live.o
 *fill*         0x200053e5        0x1 
 .bss.frame_length
                0x200053e6        0x2 ./Core/Src/radar_live.o
 .bss.expected_frame_length
                0x200053e8        0x2 ./Core/Src/radar_live.o
 *fill*         0x200053ea        0x2 
 .bss.model_window
                0x200053ec      0x690 ./Core/Src/radar_live.o
 .bss.x_window  0x20005a7c       0xf0 ./Core/Src/radar_live.o
 .bss.y_window  0x20005b6c       0xf0 ./Core/Src/radar_live.o
 .bss.range_window
                0x20005c5c       0xf0 ./Core/Src/radar_live.o
 .bss.z_window  0x20005d4c       0xf0 ./Core/Src/radar_live.o
 .bss.window_count
                0x20005e3c        0x4 ./Core/Src/radar_live.o
 .bss.samples_since_inference
                0x20005e40        0x4 ./Core/Src/radar_live.o
 .bss.last_sample_ms
                0x20005e44        0x4 ./Core/Src/radar_live.o
 .bss.have_sample_time
                0x20005e48        0x1 ./Core/Src/radar_live.o
 *fill*         0x20005e49        0x3 
 .bss.next_sample_ms
                0x20005e4c        0x4 ./Core/Src/radar_live.o
 .bss.scheduler_started
                0x20005e50        0x1 ./Core/Src/radar_live.o
 *fill*         0x20005e51        0x3 
 .bss.valid_frame_count
                0x20005e54        0x4 ./Core/Src/radar_live.o
 .bss.invalid_frame_count
                0x20005e58        0x4 ./Core/Src/radar_live.o
 .bss.latest_x  0x20005e5c        0x4 ./Core/Src/radar_live.o
 .bss.latest_y  0x20005e60        0x4 ./Core/Src/radar_live.o
 .bss.latest_sensor_z
                0x20005e64        0x4 ./Core/Src/radar_live.o
 .bss.latest_z  0x20005e68        0x4 ./Core/Src/radar_live.o
 .bss.latest_range
                0x20005e6c        0x4 ./Core/Src/radar_live.o
 .bss.latest_dop_idx
                0x20005e70        0x4 ./Core/Src/radar_live.o
 .bss.latest_cluster_id
                0x20005e74        0x4 ./Core/Src/radar_live.o
 .bss.latest_target_count
                0x20005e78        0x4 ./Core/Src/radar_live.o
 .bss.latest_target_valid
                0x20005e7c        0x1 ./Core/Src/radar_live.o
 .bss.target_lost_pending
                0x20005e7d        0x1 ./Core/Src/radar_live.o
 *fill*         0x20005e7e        0x2 
 .bss.latest_target_update_ms
                0x20005e80        0x4 ./Core/Src/radar_live.o
 .bss.latest_target_generation
                0x20005e84        0x4 ./Core/Src/radar_live.o
 .bss.last_sampled_generation
                0x20005e88        0x4 ./Core/Src/radar_live.o
 .bss.last_sample_interval_ms
                0x20005e8c        0x4 ./Core/Src/radar_live.o
 .bss.gap_reset_count
                0x20005e90        0x4 ./Core/Src/radar_live.o
 .bss.scheduler_late_count
                0x20005e94        0x4 ./Core/Src/radar_live.o
 .bss.held_sample_count
                0x20005e98        0x4 ./Core/Src/radar_live.o
 .bss.target_update_count
                0x20005e9c        0x4 ./Core/Src/radar_live.o
 .bss.rejected_target_count
                0x20005ea0        0x4 ./Core/Src/radar_live.o
 .bss.target_switch_count
                0x20005ea4        0x4 ./Core/Src/radar_live.o
 .bss.target_lost_count
                0x20005ea8        0x4 ./Core/Src/radar_live.o
 .bss.__sbrk_heap_end
                0x20005eac        0x4 ./Core/Src/sysmem.o
 .bss.uwTick    0x20005eb0        0x4 ./Drivers/STM32F7xx_HAL_Driver/Src/stm32f7xx_hal.o
                0x20005eb0                uwTick
 .bss.__malloc_sbrk_start
                0x20005eb4        0x4 /Applications/STM32CubeIDE.app/Contents/Eclipse/plugins/com.st.stm32cube.ide.mcu.externaltools.gnu-tools-for-stm32.14.3.rel1.macosaarch64_1.0.0.202602081740/tools/bin/../lib/gcc/arm-none-eabi/14.3.1/../../../../arm-none-eabi/lib/thumb/v7e-m+fp/hard/libc_nano.a(libc_a-mallocr.o)
                0x20005eb4                __malloc_sbrk_start
 .bss.__malloc_free_list
                0x20005eb8        0x4 /Applications/STM32CubeIDE.app/Contents/Eclipse/plugins/com.st.stm32cube.ide.mcu.externaltools.gnu-tools-for-stm32.14.3.rel1.macosaarch64_1.0.0.202602081740/tools/bin/../lib/gcc/arm-none-eabi/14.3.1/../../../../arm-none-eabi/lib/thumb/v7e-m+fp/hard/libc_nano.a(libc_a-mallocr.o)
                0x20005eb8                __malloc_free_list
 .bss.__sf      0x20005ebc      0x138 /Applications/STM32CubeIDE.app/Contents/Eclipse/plugins/com.st.stm32cube.ide.mcu.externaltools.gnu-tools-for-stm32.14.3.rel1.macosaarch64_1.0.0.202602081740/tools/bin/../lib/gcc/arm-none-eabi/14.3.1/../../../../arm-none-eabi/lib/thumb/v7e-m+fp/hard/libc_nano.a(libc_a-findfp.o)
                0x20005ebc                __sf
 .bss.__lock___malloc_recursive_mutex
                0x20005ff4        0x1 /Applications/STM32CubeIDE.app/Contents/Eclipse/plugins/com.st.stm32cube.ide.mcu.externaltools.gnu-tools-for-stm32.14.3.rel1.macosaarch64_1.0.0.202602081740/tools/bin/../lib/gcc/arm-none-eabi/14.3.1/../../../../arm-none-eabi/lib/thumb/v7e-m+fp/hard/libc_nano.a(libc_a-lock.o)
                0x20005ff4                __lock___malloc_recursive_mutex
 *fill*         0x20005ff5        0x3 
 .bss.errno     0x20005ff8        0x4 /Applications/STM32CubeIDE.app/Contents/Eclipse/plugins/com.st.stm32cube.ide.mcu.externaltools.gnu-tools-for-stm32.14.3.rel1.macosaarch64_1.0.0.202602081740/tools/bin/../lib/gcc/arm-none-eabi/14.3.1/../../../../arm-none-eabi/lib/thumb/v7e-m+fp/hard/libc_nano.a(libc_a-reent.o)
                0x20005ff8                errno
 *(COMMON)
                0x20005ffc                        . = ALIGN (0x4)
                0x20005ffc                        _ebss = .
                0x20005ffc                        __bss_end__ = _ebss

._user_heap_stack
                0x20005ffc      0x604 load address 0x08051700
                0x20006000                        . = ALIGN (0x8)
 *fill*         0x20005ffc        0x4 
                [!provide]                        PROVIDE (end = .)
                0x20006000                        PROVIDE (_end = .)
                0x20006200                        . = (. + _Min_Heap_Size)
 *fill*         0x20006000      0x200 
                0x20006600                        . = (. + _Min_Stack_Size)
 *fill*         0x20006200      0x400 
                0x20006600                        . = ALIGN (0x8)

/DISCARD/
 libc.a(*)
 libm.a(*)
 libgcc.a(*)

.ARM.attributes
                0x00000000       0x30
 *(.ARM.attributes)
 .ARM.attributes
                0x00000000       0x22 /Applications/STM32CubeIDE.app/Contents/Eclipse/plugins/com.st.stm32cube.ide.mcu.externaltools.gnu-tools-for-stm32.14.3.rel1.macosaarch64_1.0.0.202602081740/tools/bin/../lib/gcc/arm-none-eabi/14.3.1/thumb/v7e-m+fp/hard/crti.o
 .ARM.attributes
                0x00000022       0x34 /Applications/STM32CubeIDE.app/Contents/Eclipse/plugins/com.st.stm32cube.ide.mcu.externaltools.gnu-tools-for-stm32.14.3.rel1.macosaarch64_1.0.0.202602081740/tools/bin/../lib/gcc/arm-none-eabi/14.3.1/thumb/v7e-m+fp/hard/crtbegin.o
 .ARM.attributes
                0x00000056       0x34 ./AI/App/network.o
 .ARM.attributes
                0x0000008a       0x34 ./AI/App/network_data.o
 .ARM.attributes
                0x000000be       0x34 ./Core/Src/ai_model.o
 .ARM.attributes
                0x000000f2       0x34 ./Core/Src/main.o
 .ARM.attributes
                0x00000126       0x34 ./Core/Src/radar_live.o
 .ARM.attributes
                0x0000015a       0x34 ./Core/Src/stm32f7xx_hal_msp.o
 .ARM.attributes
                0x0000018e       0x34 ./Core/Src/stm32f7xx_it.o
 .ARM.attributes
                0x000001c2       0x34 ./Core/Src/sysmem.o
 .ARM.attributes
                0x000001f6       0x34 ./Core/Src/system_stm32f7xx.o
 .ARM.attributes
                0x0000022a       0x21 ./Core/Startup/startup_stm32f746zgtx.o
 .ARM.attributes
                0x0000024b       0x34 ./Drivers/STM32F7xx_HAL_Driver/Src/stm32f7xx_hal.o
 .ARM.attributes
                0x0000027f       0x34 ./Drivers/STM32F7xx_HAL_Driver/Src/stm32f7xx_hal_cortex.o
 .ARM.attributes
                0x000002b3       0x34 ./Drivers/STM32F7xx_HAL_Driver/Src/stm32f7xx_hal_dma.o
 .ARM.attributes
                0x000002e7       0x34 ./Drivers/STM32F7xx_HAL_Driver/Src/stm32f7xx_hal_eth.o
 .ARM.attributes
                0x0000031b       0x34 ./Drivers/STM32F7xx_HAL_Driver/Src/stm32f7xx_hal_gpio.o
 .ARM.attributes
                0x0000034f       0x34 ./Drivers/STM32F7xx_HAL_Driver/Src/stm32f7xx_hal_i2c.o
 .ARM.attributes
                0x00000383       0x34 ./Drivers/STM32F7xx_HAL_Driver/Src/stm32f7xx_hal_i2c_ex.o
 .ARM.attributes
                0x000003b7       0x34 ./Drivers/STM32F7xx_HAL_Driver/Src/stm32f7xx_hal_pcd.o
 .ARM.attributes
                0x000003eb       0x34 ./Drivers/STM32F7xx_HAL_Driver/Src/stm32f7xx_hal_pcd_ex.o
 .ARM.attributes
                0x0000041f       0x34 ./Drivers/STM32F7xx_HAL_Driver/Src/stm32f7xx_hal_pwr.o
 .ARM.attributes
                0x00000453       0x34 ./Drivers/STM32F7xx_HAL_Driver/Src/stm32f7xx_hal_rcc.o
 .ARM.attributes
                0x00000487       0x34 ./Drivers/STM32F7xx_HAL_Driver/Src/stm32f7xx_hal_rcc_ex.o
 .ARM.attributes
                0x000004bb       0x34 ./Drivers/STM32F7xx_HAL_Driver/Src/stm32f7xx_hal_uart.o
 .ARM.attributes
                0x000004ef       0x34 ./Drivers/STM32F7xx_HAL_Driver/Src/stm32f7xx_ll_usb.o
 .ARM.attributes
                0x00000523       0x30 ../Middlewares/ST/AI/Lib/NetworkRuntime1201_CM7_GCC.a(layers_generic_float.o)
 .ARM.attributes
                0x00000553       0x30 ../Middlewares/ST/AI/Lib/NetworkRuntime1201_CM7_GCC.a(layers_pool_generic_float.o)
 .ARM.attributes
                0x00000583       0x30 ../Middlewares/ST/AI/Lib/NetworkRuntime1201_CM7_GCC.a(forward_lite_conv2d_if32of32wf32.o)
 .ARM.attributes
                0x000005b3       0x30 ../Middlewares/ST/AI/Lib/NetworkRuntime1201_CM7_GCC.a(lite_dense_if32.o)
 .ARM.attributes
                0x000005e3       0x30 ../Middlewares/ST/AI/Lib/NetworkRuntime1201_CM7_GCC.a(lite_nl_generic_float.o)
 .ARM.attributes
                0x00000613       0x30 ../Middlewares/ST/AI/Lib/NetworkRuntime1201_CM7_GCC.a(st_int8_fill.o)
 .ARM.attributes
                0x00000643       0x30 ../Middlewares/ST/AI/Lib/NetworkRuntime1201_CM7_GCC.a(ai_math_helpers.o)
 .ARM.attributes
                0x00000673       0x30 ../Middlewares/ST/AI/Lib/NetworkRuntime1201_CM7_GCC.a(ai_datatypes_format.o)
 .ARM.attributes
                0x000006a3       0x30 ../Middlewares/ST/AI/Lib/NetworkRuntime1201_CM7_GCC.a(core_utils.o)
 .ARM.attributes
                0x000006d3       0x34 /Applications/STM32CubeIDE.app/Contents/Eclipse/plugins/com.st.stm32cube.ide.mcu.externaltools.gnu-tools-for-stm32.14.3.rel1.macosaarch64_1.0.0.202602081740/tools/bin/../lib/gcc/arm-none-eabi/14.3.1/../../../../arm-none-eabi/lib/thumb/v7e-m+fp/hard/libc_nano.a(libc_a-mallocr.o)
 .ARM.attributes
                0x00000707       0x34 /Applications/STM32CubeIDE.app/Contents/Eclipse/plugins/com.st.stm32cube.ide.mcu.externaltools.gnu-tools-for-stm32.14.3.rel1.macosaarch64_1.0.0.202602081740/tools/bin/../lib/gcc/arm-none-eabi/14.3.1/../../../../arm-none-eabi/lib/thumb/v7e-m+fp/hard/libc_nano.a(libc_a-snprintf.o)
 .ARM.attributes
                0x0000073b       0x34 /Applications/STM32CubeIDE.app/Contents/Eclipse/plugins/com.st.stm32cube.ide.mcu.externaltools.gnu-tools-for-stm32.14.3.rel1.macosaarch64_1.0.0.202602081740/tools/bin/../lib/gcc/arm-none-eabi/14.3.1/../../../../arm-none-eabi/lib/thumb/v7e-m+fp/hard/libc_nano.a(libc_a-mlock.o)
 .ARM.attributes
                0x0000076f       0x34 /Applications/STM32CubeIDE.app/Contents/Eclipse/plugins/com.st.stm32cube.ide.mcu.externaltools.gnu-tools-for-stm32.14.3.rel1.macosaarch64_1.0.0.202602081740/tools/bin/../lib/gcc/arm-none-eabi/14.3.1/../../../../arm-none-eabi/lib/thumb/v7e-m+fp/hard/libc_nano.a(libc_a-findfp.o)
 .ARM.attributes
                0x000007a3       0x34 /Applications/STM32CubeIDE.app/Contents/Eclipse/plugins/com.st.stm32cube.ide.mcu.externaltools.gnu-tools-for-stm32.14.3.rel1.macosaarch64_1.0.0.202602081740/tools/bin/../lib/gcc/arm-none-eabi/14.3.1/../../../../arm-none-eabi/lib/thumb/v7e-m+fp/hard/libc_nano.a(libc_a-reallocr.o)
 .ARM.attributes
                0x000007d7       0x34 /Applications/STM32CubeIDE.app/Contents/Eclipse/plugins/com.st.stm32cube.ide.mcu.externaltools.gnu-tools-for-stm32.14.3.rel1.macosaarch64_1.0.0.202602081740/tools/bin/../lib/gcc/arm-none-eabi/14.3.1/../../../../arm-none-eabi/lib/thumb/v7e-m+fp/hard/libc_nano.a(libc_a-memmove.o)
 .ARM.attributes
                0x0000080b       0x34 /Applications/STM32CubeIDE.app/Contents/Eclipse/plugins/com.st.stm32cube.ide.mcu.externaltools.gnu-tools-for-stm32.14.3.rel1.macosaarch64_1.0.0.202602081740/tools/bin/../lib/gcc/arm-none-eabi/14.3.1/../../../../arm-none-eabi/lib/thumb/v7e-m+fp/hard/libc_nano.a(libc_a-memset.o)
 .ARM.attributes
                0x0000083f       0x34 /Applications/STM32CubeIDE.app/Contents/Eclipse/plugins/com.st.stm32cube.ide.mcu.externaltools.gnu-tools-for-stm32.14.3.rel1.macosaarch64_1.0.0.202602081740/tools/bin/../lib/gcc/arm-none-eabi/14.3.1/../../../../arm-none-eabi/lib/thumb/v7e-m+fp/hard/libc_nano.a(libc_a-sbrkr.o)
 .ARM.attributes
                0x00000873       0x34 /Applications/STM32CubeIDE.app/Contents/Eclipse/plugins/com.st.stm32cube.ide.mcu.externaltools.gnu-tools-for-stm32.14.3.rel1.macosaarch64_1.0.0.202602081740/tools/bin/../lib/gcc/arm-none-eabi/14.3.1/../../../../arm-none-eabi/lib/thumb/v7e-m+fp/hard/libc_nano.a(libc_a-errno.o)
 .ARM.attributes
                0x000008a7       0x34 /Applications/STM32CubeIDE.app/Contents/Eclipse/plugins/com.st.stm32cube.ide.mcu.externaltools.gnu-tools-for-stm32.14.3.rel1.macosaarch64_1.0.0.202602081740/tools/bin/../lib/gcc/arm-none-eabi/14.3.1/../../../../arm-none-eabi/lib/thumb/v7e-m+fp/hard/libc_nano.a(libc_a-init.o)
 .ARM.attributes
                0x000008db       0x34 /Applications/STM32CubeIDE.app/Contents/Eclipse/plugins/com.st.stm32cube.ide.mcu.externaltools.gnu-tools-for-stm32.14.3.rel1.macosaarch64_1.0.0.202602081740/tools/bin/../lib/gcc/arm-none-eabi/14.3.1/../../../../arm-none-eabi/lib/thumb/v7e-m+fp/hard/libc_nano.a(libc_a-lock.o)
 .ARM.attributes
                0x0000090f       0x34 /Applications/STM32CubeIDE.app/Contents/Eclipse/plugins/com.st.stm32cube.ide.mcu.externaltools.gnu-tools-for-stm32.14.3.rel1.macosaarch64_1.0.0.202602081740/tools/bin/../lib/gcc/arm-none-eabi/14.3.1/../../../../arm-none-eabi/lib/thumb/v7e-m+fp/hard/libc_nano.a(libc_a-reent.o)
 .ARM.attributes
                0x00000943       0x34 /Applications/STM32CubeIDE.app/Contents/Eclipse/plugins/com.st.stm32cube.ide.mcu.externaltools.gnu-tools-for-stm32.14.3.rel1.macosaarch64_1.0.0.202602081740/tools/bin/../lib/gcc/arm-none-eabi/14.3.1/../../../../arm-none-eabi/lib/thumb/v7e-m+fp/hard/libc_nano.a(libc_a-impure.o)
 .ARM.attributes
                0x00000977       0x34 /Applications/STM32CubeIDE.app/Contents/Eclipse/plugins/com.st.stm32cube.ide.mcu.externaltools.gnu-tools-for-stm32.14.3.rel1.macosaarch64_1.0.0.202602081740/tools/bin/../lib/gcc/arm-none-eabi/14.3.1/../../../../arm-none-eabi/lib/thumb/v7e-m+fp/hard/libc_nano.a(libc_a-memcpy-stub.o)
 .ARM.attributes
                0x000009ab       0x34 /Applications/STM32CubeIDE.app/Contents/Eclipse/plugins/com.st.stm32cube.ide.mcu.externaltools.gnu-tools-for-stm32.14.3.rel1.macosaarch64_1.0.0.202602081740/tools/bin/../lib/gcc/arm-none-eabi/14.3.1/../../../../arm-none-eabi/lib/thumb/v7e-m+fp/hard/libc_nano.a(libc_a-freer.o)
 .ARM.attributes
                0x000009df       0x34 /Applications/STM32CubeIDE.app/Contents/Eclipse/plugins/com.st.stm32cube.ide.mcu.externaltools.gnu-tools-for-stm32.14.3.rel1.macosaarch64_1.0.0.202602081740/tools/bin/../lib/gcc/arm-none-eabi/14.3.1/../../../../arm-none-eabi/lib/thumb/v7e-m+fp/hard/libc_nano.a(libc_a-nano-svfprintf.o)
 .ARM.attributes
                0x00000a13       0x34 /Applications/STM32CubeIDE.app/Contents/Eclipse/plugins/com.st.stm32cube.ide.mcu.externaltools.gnu-tools-for-stm32.14.3.rel1.macosaarch64_1.0.0.202602081740/tools/bin/../lib/gcc/arm-none-eabi/14.3.1/../../../../arm-none-eabi/lib/thumb/v7e-m+fp/hard/libc_nano.a(libc_a-nano-vfprintf_i.o)
 .ARM.attributes
                0x00000a47       0x34 /Applications/STM32CubeIDE.app/Contents/Eclipse/plugins/com.st.stm32cube.ide.mcu.externaltools.gnu-tools-for-stm32.14.3.rel1.macosaarch64_1.0.0.202602081740/tools/bin/../lib/gcc/arm-none-eabi/14.3.1/../../../../arm-none-eabi/lib/thumb/v7e-m+fp/hard/libc_nano.a(libc_a-msizer.o)
 .ARM.attributes
                0x00000a7b       0x1c /Applications/STM32CubeIDE.app/Contents/Eclipse/plugins/com.st.stm32cube.ide.mcu.externaltools.gnu-tools-for-stm32.14.3.rel1.macosaarch64_1.0.0.202602081740/tools/bin/../lib/gcc/arm-none-eabi/14.3.1/../../../../arm-none-eabi/lib/thumb/v7e-m+fp/hard/libc_nano.a(libc_a-memchr.o)
 .ARM.attributes